   1               		.file	"servo.c"
   2               	__SP_H__ = 0x3e
   3               	__SP_L__ = 0x3d
   4               	__SREG__ = 0x3f
   5               	__tmp_reg__ = 0
   6               	__zero_reg__ = 1
   7               		.text
   8               	.Ltext0:
   9               		.cfi_sections	.debug_frame
  10               	.global	servo_init
  12               	servo_init:
  13               	.LFB6:
  14               		.file 1 "servo.c"
   1:servo.c       **** #define F_CPU 8000000UL
   2:servo.c       **** #include <avr/io.h>
   3:servo.c       **** #include <util/delay.h>
   4:servo.c       **** 
   5:servo.c       **** void servo_init() {
  15               		.loc 1 5 0
  16               		.cfi_startproc
  17               	/* prologue: function */
  18               	/* frame size = 0 */
  19               	/* stack size = 0 */
  20               	.L__stack_usage = 0
   6:servo.c       ****     DDRB |= (1 << PB2); // Set PB2 (OC1B) as output
  21               		.loc 1 6 0
  22 0000 229A      		sbi 0x4,2
   7:servo.c       ****     ICR1 = 39999; // 20 ms period (50 Hz) at 1 MHz timer clock
  23               		.loc 1 7 0
  24 0002 8FE3      		ldi r24,lo8(63)
  25 0004 9CE9      		ldi r25,lo8(-100)
  26 0006 9093 8700 		sts 134+1,r25
  27 000a 8093 8600 		sts 134,r24
   8:servo.c       ****     TCCR1A = (1 << COM1B1) | (1 << WGM11); // Clear OC1B on compare match, Fast PWM
  28               		.loc 1 8 0
  29 000e 82E2      		ldi r24,lo8(34)
  30 0010 8093 8000 		sts 128,r24
   9:servo.c       ****     TCCR1B = (1 << WGM13) | (1 << WGM12) | (1 << CS11); // Fast PWM, prescaler 8
  31               		.loc 1 9 0
  32 0014 8AE1      		ldi r24,lo8(26)
  33 0016 8093 8100 		sts 129,r24
  34 001a 0895      		ret
  35               		.cfi_endproc
  36               	.LFE6:
  38               	.global	servo_angle
  40               	servo_angle:
  41               	.LFB7:
  10:servo.c       **** }
  11:servo.c       **** 
  12:servo.c       **** void servo_angle(uint8_t angle) {
  42               		.loc 1 12 0
  43               		.cfi_startproc
  44               	.LVL0:
  45               	/* prologue: function */
  46               	/* frame size = 0 */
  47               	/* stack size = 0 */
  48               	.L__stack_usage = 0
  13:servo.c       ****     // Map 0-180 degrees to 500-2400 µs pulse width
  14:servo.c       ****     uint32_t pulse = 500 + ((angle * 1900UL) / 180); // 500 µs to 2400 µs
  15:servo.c       ****     OCR1B = pulse; // Convert µs to timer ticks (1 µs per tick)
  49               		.loc 1 15 0
  50 001c 282F      		mov r18,r24
  51 001e 30E0      		ldi r19,0
  52 0020 ACE6      		ldi r26,lo8(108)
  53 0022 B7E0      		ldi r27,lo8(7)
  54 0024 0E94 0000 		call __umulhisi3
  55 0028 24EB      		ldi r18,lo8(-76)
  56 002a 30E0      		ldi r19,0
  57 002c 40E0      		ldi r20,0
  58 002e 50E0      		ldi r21,0
  59 0030 0E94 0000 		call __udivmodsi4
  60 0034 DA01      		movw r26,r20
  61 0036 C901      		movw r24,r18
  62               	.LVL1:
  63 0038 8C50      		subi r24,12
  64 003a 9E4F      		sbci r25,-2
  65 003c AF4F      		sbci r26,-1
  66 003e BF4F      		sbci r27,-1
  67 0040 9093 8B00 		sts 138+1,r25
  68 0044 8093 8A00 		sts 138,r24
  69 0048 0895      		ret
  70               		.cfi_endproc
  71               	.LFE7:
  73               		.section	.text.startup,"ax",@progbits
  74               	.global	main
  76               	main:
  77               	.LFB8:
  16:servo.c       **** }
  17:servo.c       **** 
  18:servo.c       **** int main(void) {
  78               		.loc 1 18 0
  79               		.cfi_startproc
  80               	/* prologue: function */
  81               	/* frame size = 0 */
  82               	/* stack size = 0 */
  83               	.L__stack_usage = 0
  19:servo.c       ****     servo_init();
  84               		.loc 1 19 0
  85 0000 0E94 0000 		call servo_init
  86               	.LVL2:
  87               	.LBB20:
  88               	.LBB21:
  15:servo.c       **** }
  89               		.loc 1 15 0
  90 0004 44EF      		ldi r20,lo8(-12)
  91 0006 51E0      		ldi r21,lo8(1)
  92               	.LBE21:
  93               	.LBE20:
  94               	.LBB23:
  95               	.LBB24:
  96 0008 2AEA      		ldi r18,lo8(-86)
  97 000a 35E0      		ldi r19,lo8(5)
  98               	.LBE24:
  99               	.LBE23:
 100               	.LBB26:
 101               	.LBB27:
 102 000c 80E6      		ldi r24,lo8(96)
 103 000e 99E0      		ldi r25,lo8(9)
 104               	.L4:
 105               	.LVL3:
 106               	.LBE27:
 107               	.LBE26:
 108               	.LBB29:
 109               	.LBB22:
  15:servo.c       **** }
 110               		.loc 1 15 0 is_stmt 0 discriminator 1
 111 0010 5093 8B00 		sts 138+1,r21
 112 0014 4093 8A00 		sts 138,r20
 113               	.LVL4:
 114               	.LBE22:
 115               	.LBE29:
 116               	.LBB30:
 117               	.LBB31:
 118               		.file 2 "/usr/lib/avr/include/util/delay.h"
   1:/usr/lib/avr/include/util/delay.h **** /* Copyright (c) 2002, Marek Michalkiewicz
   2:/usr/lib/avr/include/util/delay.h ****    Copyright (c) 2004,2005,2007 Joerg Wunsch
   3:/usr/lib/avr/include/util/delay.h ****    Copyright (c) 2007  Florin-Viorel Petrov
   4:/usr/lib/avr/include/util/delay.h ****    All rights reserved.
   5:/usr/lib/avr/include/util/delay.h **** 
   6:/usr/lib/avr/include/util/delay.h ****    Redistribution and use in source and binary forms, with or without
   7:/usr/lib/avr/include/util/delay.h ****    modification, are permitted provided that the following conditions are met:
   8:/usr/lib/avr/include/util/delay.h **** 
   9:/usr/lib/avr/include/util/delay.h ****    * Redistributions of source code must retain the above copyright
  10:/usr/lib/avr/include/util/delay.h ****      notice, this list of conditions and the following disclaimer.
  11:/usr/lib/avr/include/util/delay.h **** 
  12:/usr/lib/avr/include/util/delay.h ****    * Redistributions in binary form must reproduce the above copyright
  13:/usr/lib/avr/include/util/delay.h ****      notice, this list of conditions and the following disclaimer in
  14:/usr/lib/avr/include/util/delay.h ****      the documentation and/or other materials provided with the
  15:/usr/lib/avr/include/util/delay.h ****      distribution.
  16:/usr/lib/avr/include/util/delay.h **** 
  17:/usr/lib/avr/include/util/delay.h ****    * Neither the name of the copyright holders nor the names of
  18:/usr/lib/avr/include/util/delay.h ****      contributors may be used to endorse or promote products derived
  19:/usr/lib/avr/include/util/delay.h ****      from this software without specific prior written permission.
  20:/usr/lib/avr/include/util/delay.h **** 
  21:/usr/lib/avr/include/util/delay.h ****   THIS SOFTWARE IS PROVIDED BY THE COPYRIGHT HOLDERS AND CONTRIBUTORS "AS IS"
  22:/usr/lib/avr/include/util/delay.h ****   AND ANY EXPRESS OR IMPLIED WARRANTIES, INCLUDING, BUT NOT LIMITED TO, THE
  23:/usr/lib/avr/include/util/delay.h ****   IMPLIED WARRANTIES OF MERCHANTABILITY AND FITNESS FOR A PARTICULAR PURPOSE
  24:/usr/lib/avr/include/util/delay.h ****   ARE DISCLAIMED. IN NO EVENT SHALL THE COPYRIGHT OWNER OR CONTRIBUTORS BE
  25:/usr/lib/avr/include/util/delay.h ****   LIABLE FOR ANY DIRECT, INDIRECT, INCIDENTAL, SPECIAL, EXEMPLARY, OR
  26:/usr/lib/avr/include/util/delay.h ****   CONSEQUENTIAL DAMAGES (INCLUDING, BUT NOT LIMITED TO, PROCUREMENT OF
  27:/usr/lib/avr/include/util/delay.h ****   SUBSTITUTE GOODS OR SERVICES; LOSS OF USE, DATA, OR PROFITS; OR BUSINESS
  28:/usr/lib/avr/include/util/delay.h ****   INTERRUPTION) HOWEVER CAUSED AND ON ANY THEORY OF LIABILITY, WHETHER IN
  29:/usr/lib/avr/include/util/delay.h ****   CONTRACT, STRICT LIABILITY, OR TORT (INCLUDING NEGLIGENCE OR OTHERWISE)
  30:/usr/lib/avr/include/util/delay.h ****   ARISING IN ANY WAY OUT OF THE USE OF THIS SOFTWARE, EVEN IF ADVISED OF THE
  31:/usr/lib/avr/include/util/delay.h ****   POSSIBILITY OF SUCH DAMAGE. */
  32:/usr/lib/avr/include/util/delay.h **** 
  33:/usr/lib/avr/include/util/delay.h **** /* $Id$ */
  34:/usr/lib/avr/include/util/delay.h **** 
  35:/usr/lib/avr/include/util/delay.h **** #ifndef _UTIL_DELAY_H_
  36:/usr/lib/avr/include/util/delay.h **** #define _UTIL_DELAY_H_ 1
  37:/usr/lib/avr/include/util/delay.h **** 
  38:/usr/lib/avr/include/util/delay.h **** #ifndef __DOXYGEN__
  39:/usr/lib/avr/include/util/delay.h **** #  ifndef __HAS_DELAY_CYCLES
  40:/usr/lib/avr/include/util/delay.h **** #    define __HAS_DELAY_CYCLES 1
  41:/usr/lib/avr/include/util/delay.h **** #  endif
  42:/usr/lib/avr/include/util/delay.h **** #endif  /* __DOXYGEN__ */
  43:/usr/lib/avr/include/util/delay.h **** 
  44:/usr/lib/avr/include/util/delay.h **** #include <inttypes.h>
  45:/usr/lib/avr/include/util/delay.h **** #include <util/delay_basic.h>
  46:/usr/lib/avr/include/util/delay.h **** #include <math.h>
  47:/usr/lib/avr/include/util/delay.h **** 
  48:/usr/lib/avr/include/util/delay.h **** /** \file */
  49:/usr/lib/avr/include/util/delay.h **** /** \defgroup util_delay <util/delay.h>: Convenience functions for busy-wait delay loops
  50:/usr/lib/avr/include/util/delay.h ****     \code
  51:/usr/lib/avr/include/util/delay.h ****     #define F_CPU 1000000UL  // 1 MHz
  52:/usr/lib/avr/include/util/delay.h ****     //#define F_CPU 14.7456E6
  53:/usr/lib/avr/include/util/delay.h ****     #include <util/delay.h>
  54:/usr/lib/avr/include/util/delay.h ****     \endcode
  55:/usr/lib/avr/include/util/delay.h **** 
  56:/usr/lib/avr/include/util/delay.h ****     \note As an alternative method, it is possible to pass the
  57:/usr/lib/avr/include/util/delay.h ****     F_CPU macro down to the compiler from the Makefile.
  58:/usr/lib/avr/include/util/delay.h ****     Obviously, in that case, no \c \#define statement should be
  59:/usr/lib/avr/include/util/delay.h ****     used.
  60:/usr/lib/avr/include/util/delay.h **** 
  61:/usr/lib/avr/include/util/delay.h ****     The functions in this header file are wrappers around the basic
  62:/usr/lib/avr/include/util/delay.h ****     busy-wait functions from <util/delay_basic.h>.  They are meant as
  63:/usr/lib/avr/include/util/delay.h ****     convenience functions where actual time values can be specified
  64:/usr/lib/avr/include/util/delay.h ****     rather than a number of cycles to wait for.  The idea behind is
  65:/usr/lib/avr/include/util/delay.h ****     that compile-time constant expressions will be eliminated by
  66:/usr/lib/avr/include/util/delay.h ****     compiler optimization so floating-point expressions can be used
  67:/usr/lib/avr/include/util/delay.h ****     to calculate the number of delay cycles needed based on the CPU
  68:/usr/lib/avr/include/util/delay.h ****     frequency passed by the macro F_CPU.
  69:/usr/lib/avr/include/util/delay.h **** 
  70:/usr/lib/avr/include/util/delay.h ****     \note In order for these functions to work as intended, compiler
  71:/usr/lib/avr/include/util/delay.h ****     optimizations <em>must</em> be enabled, and the delay time
  72:/usr/lib/avr/include/util/delay.h ****     <em>must</em> be an expression that is a known constant at
  73:/usr/lib/avr/include/util/delay.h ****     compile-time.  If these requirements are not met, the resulting
  74:/usr/lib/avr/include/util/delay.h ****     delay will be much longer (and basically unpredictable), and
  75:/usr/lib/avr/include/util/delay.h ****     applications that otherwise do not use floating-point calculations
  76:/usr/lib/avr/include/util/delay.h ****     will experience severe code bloat by the floating-point library
  77:/usr/lib/avr/include/util/delay.h ****     routines linked into the application.
  78:/usr/lib/avr/include/util/delay.h **** 
  79:/usr/lib/avr/include/util/delay.h ****     The functions available allow the specification of microsecond, and
  80:/usr/lib/avr/include/util/delay.h ****     millisecond delays directly, using the application-supplied macro
  81:/usr/lib/avr/include/util/delay.h ****     F_CPU as the CPU clock frequency (in Hertz).
  82:/usr/lib/avr/include/util/delay.h **** 
  83:/usr/lib/avr/include/util/delay.h **** */
  84:/usr/lib/avr/include/util/delay.h **** 
  85:/usr/lib/avr/include/util/delay.h **** #if !defined(__DOXYGEN__)
  86:/usr/lib/avr/include/util/delay.h **** static __inline__ void _delay_us(double __us) __attribute__((__always_inline__));
  87:/usr/lib/avr/include/util/delay.h **** static __inline__ void _delay_ms(double __ms) __attribute__((__always_inline__));
  88:/usr/lib/avr/include/util/delay.h **** #endif
  89:/usr/lib/avr/include/util/delay.h **** 
  90:/usr/lib/avr/include/util/delay.h **** #ifndef F_CPU
  91:/usr/lib/avr/include/util/delay.h **** /* prevent compiler error by supplying a default */
  92:/usr/lib/avr/include/util/delay.h **** # warning "F_CPU not defined for <util/delay.h>"
  93:/usr/lib/avr/include/util/delay.h **** /** \ingroup util_delay
  94:/usr/lib/avr/include/util/delay.h ****     \def F_CPU
  95:/usr/lib/avr/include/util/delay.h ****     \brief CPU frequency in Hz
  96:/usr/lib/avr/include/util/delay.h **** 
  97:/usr/lib/avr/include/util/delay.h ****     The macro F_CPU specifies the CPU frequency to be considered by
  98:/usr/lib/avr/include/util/delay.h ****     the delay macros.  This macro is normally supplied by the
  99:/usr/lib/avr/include/util/delay.h ****     environment (e.g. from within a project header, or the project's
 100:/usr/lib/avr/include/util/delay.h ****     Makefile).  The value 1 MHz here is only provided as a "vanilla"
 101:/usr/lib/avr/include/util/delay.h ****     fallback if no such user-provided definition could be found.
 102:/usr/lib/avr/include/util/delay.h **** 
 103:/usr/lib/avr/include/util/delay.h ****     In terms of the delay functions, the CPU frequency can be given as
 104:/usr/lib/avr/include/util/delay.h ****     a floating-point constant (e.g. 3.6864E6 for 3.6864 MHz).
 105:/usr/lib/avr/include/util/delay.h ****     However, the macros in <util/setbaud.h> require it to be an
 106:/usr/lib/avr/include/util/delay.h ****     integer value.
 107:/usr/lib/avr/include/util/delay.h ****  */
 108:/usr/lib/avr/include/util/delay.h **** # define F_CPU 1000000UL
 109:/usr/lib/avr/include/util/delay.h **** #endif
 110:/usr/lib/avr/include/util/delay.h **** 
 111:/usr/lib/avr/include/util/delay.h **** #ifndef __OPTIMIZE__
 112:/usr/lib/avr/include/util/delay.h **** # warning "Compiler optimizations disabled; functions from <util/delay.h> won't work as designed"
 113:/usr/lib/avr/include/util/delay.h **** #endif
 114:/usr/lib/avr/include/util/delay.h **** 
 115:/usr/lib/avr/include/util/delay.h **** #if __HAS_DELAY_CYCLES && defined(__OPTIMIZE__) && \
 116:/usr/lib/avr/include/util/delay.h ****   !defined(__DELAY_BACKWARD_COMPATIBLE__) &&	   \
 117:/usr/lib/avr/include/util/delay.h ****   __STDC_HOSTED__
 118:/usr/lib/avr/include/util/delay.h **** #  include <math.h>
 119:/usr/lib/avr/include/util/delay.h **** #endif
 120:/usr/lib/avr/include/util/delay.h **** 
 121:/usr/lib/avr/include/util/delay.h **** /**
 122:/usr/lib/avr/include/util/delay.h ****    \ingroup util_delay
 123:/usr/lib/avr/include/util/delay.h **** 
 124:/usr/lib/avr/include/util/delay.h ****    Perform a delay of \c __ms milliseconds, using _delay_loop_2().
 125:/usr/lib/avr/include/util/delay.h **** 
 126:/usr/lib/avr/include/util/delay.h ****    The macro F_CPU is supposed to be defined to a
 127:/usr/lib/avr/include/util/delay.h ****    constant defining the CPU clock frequency (in Hertz).
 128:/usr/lib/avr/include/util/delay.h **** 
 129:/usr/lib/avr/include/util/delay.h ****    The maximal possible delay is 262.14 ms / F_CPU in MHz.
 130:/usr/lib/avr/include/util/delay.h **** 
 131:/usr/lib/avr/include/util/delay.h ****    When the user request delay which exceed the maximum possible one,
 132:/usr/lib/avr/include/util/delay.h ****    _delay_ms() provides a decreased resolution functionality. In this
 133:/usr/lib/avr/include/util/delay.h ****    mode _delay_ms() will work with a resolution of 1/10 ms, providing
 134:/usr/lib/avr/include/util/delay.h ****    delays up to 6.5535 seconds (independent from CPU frequency).  The
 135:/usr/lib/avr/include/util/delay.h ****    user will not be informed about decreased resolution.
 136:/usr/lib/avr/include/util/delay.h **** 
 137:/usr/lib/avr/include/util/delay.h ****    If the avr-gcc toolchain has __builtin_avr_delay_cycles()
 138:/usr/lib/avr/include/util/delay.h ****    support, maximal possible delay is 4294967.295 ms/ F_CPU in MHz. For
 139:/usr/lib/avr/include/util/delay.h ****    values greater than the maximal possible delay, overflows results in
 140:/usr/lib/avr/include/util/delay.h ****    no delay i.e., 0ms.
 141:/usr/lib/avr/include/util/delay.h **** 
 142:/usr/lib/avr/include/util/delay.h ****    Conversion of \c __ms into clock cycles may not always result in
 143:/usr/lib/avr/include/util/delay.h ****    integer.  By default, the clock cycles rounded up to next
 144:/usr/lib/avr/include/util/delay.h ****    integer. This ensures that the user gets at least \c __ms
 145:/usr/lib/avr/include/util/delay.h ****    microseconds of delay.
 146:/usr/lib/avr/include/util/delay.h **** 
 147:/usr/lib/avr/include/util/delay.h ****    Alternatively, by defining the macro \c __DELAY_ROUND_DOWN__, or
 148:/usr/lib/avr/include/util/delay.h ****    \c __DELAY_ROUND_CLOSEST__, before including this header file, the
 149:/usr/lib/avr/include/util/delay.h ****    algorithm can be made to round down, or round to closest integer,
 150:/usr/lib/avr/include/util/delay.h ****    respectively.
 151:/usr/lib/avr/include/util/delay.h **** 
 152:/usr/lib/avr/include/util/delay.h ****    \note
 153:/usr/lib/avr/include/util/delay.h **** 
 154:/usr/lib/avr/include/util/delay.h ****    The implementation of _delay_ms() based on
 155:/usr/lib/avr/include/util/delay.h ****    __builtin_avr_delay_cycles() is not backward compatible with older
 156:/usr/lib/avr/include/util/delay.h ****    implementations.  In order to get functionality backward compatible
 157:/usr/lib/avr/include/util/delay.h ****    with previous versions, the macro \c "__DELAY_BACKWARD_COMPATIBLE__"
 158:/usr/lib/avr/include/util/delay.h ****    must be defined before including this header file. Also, the
 159:/usr/lib/avr/include/util/delay.h ****    backward compatible algorithm will be chosen if the code is
 160:/usr/lib/avr/include/util/delay.h ****    compiled in a <em>freestanding environment</em> (GCC option
 161:/usr/lib/avr/include/util/delay.h ****    \c -ffreestanding), as the math functions required for rounding are
 162:/usr/lib/avr/include/util/delay.h ****    not available to the compiler then.
 163:/usr/lib/avr/include/util/delay.h **** 
 164:/usr/lib/avr/include/util/delay.h ****  */
 165:/usr/lib/avr/include/util/delay.h **** void
 166:/usr/lib/avr/include/util/delay.h **** _delay_ms(double __ms)
 167:/usr/lib/avr/include/util/delay.h **** {
 168:/usr/lib/avr/include/util/delay.h **** 	double __tmp ;
 169:/usr/lib/avr/include/util/delay.h **** #if __HAS_DELAY_CYCLES && defined(__OPTIMIZE__) && \
 170:/usr/lib/avr/include/util/delay.h ****   !defined(__DELAY_BACKWARD_COMPATIBLE__) &&	   \
 171:/usr/lib/avr/include/util/delay.h ****   __STDC_HOSTED__
 172:/usr/lib/avr/include/util/delay.h **** 	uint32_t __ticks_dc;
 173:/usr/lib/avr/include/util/delay.h **** 	extern void __builtin_avr_delay_cycles(unsigned long);
 174:/usr/lib/avr/include/util/delay.h **** 	__tmp = ((F_CPU) / 1e3) * __ms;
 175:/usr/lib/avr/include/util/delay.h **** 
 176:/usr/lib/avr/include/util/delay.h **** 	#if defined(__DELAY_ROUND_DOWN__)
 177:/usr/lib/avr/include/util/delay.h **** 		__ticks_dc = (uint32_t)fabs(__tmp);
 178:/usr/lib/avr/include/util/delay.h **** 
 179:/usr/lib/avr/include/util/delay.h **** 	#elif defined(__DELAY_ROUND_CLOSEST__)
 180:/usr/lib/avr/include/util/delay.h **** 		__ticks_dc = (uint32_t)(fabs(__tmp)+0.5);
 181:/usr/lib/avr/include/util/delay.h **** 
 182:/usr/lib/avr/include/util/delay.h **** 	#else
 183:/usr/lib/avr/include/util/delay.h **** 		//round up by default
 184:/usr/lib/avr/include/util/delay.h **** 		__ticks_dc = (uint32_t)(ceil(fabs(__tmp)));
 185:/usr/lib/avr/include/util/delay.h **** 	#endif
 186:/usr/lib/avr/include/util/delay.h **** 
 187:/usr/lib/avr/include/util/delay.h **** 	__builtin_avr_delay_cycles(__ticks_dc);
 119               		.loc 2 187 0 is_stmt 1 discriminator 1
 120 0018 6FEF      		ldi r22,lo8(1599999)
 121 001a 79E6      		ldi r23,hi8(1599999)
 122 001c E8E1      		ldi r30,hlo8(1599999)
 123 001e 6150      	1:	subi r22,1
 124 0020 7040      		sbci r23,0
 125 0022 E040      		sbci r30,0
 126 0024 01F4      		brne 1b
 127 0026 00C0      		rjmp .
 128 0028 0000      		nop
 129               	.LVL5:
 130               	.LBE31:
 131               	.LBE30:
 132               	.LBB32:
 133               	.LBB25:
  15:servo.c       **** }
 134               		.loc 1 15 0 discriminator 1
 135 002a 3093 8B00 		sts 138+1,r19
 136 002e 2093 8A00 		sts 138,r18
 137               	.LVL6:
 138               	.LBE25:
 139               	.LBE32:
 140               	.LBB33:
 141               	.LBB34:
 142               		.loc 2 187 0 discriminator 1
 143 0032 6FEF      		ldi r22,lo8(1599999)
 144 0034 79E6      		ldi r23,hi8(1599999)
 145 0036 E8E1      		ldi r30,hlo8(1599999)
 146 0038 6150      	1:	subi r22,1
 147 003a 7040      		sbci r23,0
 148 003c E040      		sbci r30,0
 149 003e 01F4      		brne 1b
 150 0040 00C0      		rjmp .
 151 0042 0000      		nop
 152               	.LVL7:
 153               	.LBE34:
 154               	.LBE33:
 155               	.LBB35:
 156               	.LBB28:
  15:servo.c       **** }
 157               		.loc 1 15 0 discriminator 1
 158 0044 9093 8B00 		sts 138+1,r25
 159 0048 8093 8A00 		sts 138,r24
 160               	.LVL8:
 161               	.LBE28:
 162               	.LBE35:
 163               	.LBB36:
 164               	.LBB37:
 165               		.loc 2 187 0 discriminator 1
 166 004c 6FEF      		ldi r22,lo8(1599999)
 167 004e 79E6      		ldi r23,hi8(1599999)
 168 0050 E8E1      		ldi r30,hlo8(1599999)
 169 0052 6150      	1:	subi r22,1
 170 0054 7040      		sbci r23,0
 171 0056 E040      		sbci r30,0
 172 0058 01F4      		brne 1b
 173 005a 00C0      		rjmp .
 174 005c 0000      		nop
 175 005e 00C0      		rjmp .L4
 176               	.LBE37:
 177               	.LBE36:
 178               		.cfi_endproc
 179               	.LFE8:
 181               		.text
 182               	.Letext0:
 183               		.file 3 "/usr/lib/avr/include/stdint.h"
DEFINED SYMBOLS
                            *ABS*:0000000000000000 servo.c
     /tmp/ccfO3nSp.s:2      *ABS*:000000000000003e __SP_H__
     /tmp/ccfO3nSp.s:3      *ABS*:000000000000003d __SP_L__
     /tmp/ccfO3nSp.s:4      *ABS*:000000000000003f __SREG__
     /tmp/ccfO3nSp.s:5      *ABS*:0000000000000000 __tmp_reg__
     /tmp/ccfO3nSp.s:6      *ABS*:0000000000000001 __zero_reg__
     /tmp/ccfO3nSp.s:12     .text:0000000000000000 servo_init
     /tmp/ccfO3nSp.s:40     .text:000000000000001c servo_angle
     /tmp/ccfO3nSp.s:76     .text.startup:0000000000000000 main

UNDEFINED SYMBOLS
__umulhisi3
__udivmodsi4
