   1               		.file	"ser.c"
   2               	__SP_H__ = 0x3e
   3               	__SP_L__ = 0x3d
   4               	__SREG__ = 0x3f
   5               	__tmp_reg__ = 0
   6               	__zero_reg__ = 1
   7               		.text
   8               	.Ltext0:
   9               		.cfi_sections	.debug_frame
  10               	.global	__vector_11
  12               	__vector_11:
  13               	.LFB6:
  14               		.file 1 "ser.c"
   1:ser.c         **** #define F_CPU 8000000UL
   2:ser.c         **** #include <avr/io.h>
   3:ser.c         **** #include <avr/interrupt.h>
   4:ser.c         **** #include <util/delay.h>
   5:ser.c         **** #include <stdint.h>
   6:ser.c         **** 
   7:ser.c         **** // PB2 = OC1B hardware PWM
   8:ser.c         **** // PB3 = software PWM via Timer1 ISR
   9:ser.c         **** #define SERVO_HW_PIN PB2  // hardware PWM
  10:ser.c         **** #define SERVO_SW_PIN PB3  // software PWM
  11:ser.c         **** 
  12:ser.c         **** volatile uint16_t servo_sw_ticks = 1000;  // PB3 pulse width in µs
  13:ser.c         **** 
  14:ser.c         **** ISR(TIMER1_COMPA_vect) {
  15               		.loc 1 14 0
  16               		.cfi_startproc
  17 0000 1F92      		push r1
  18               	.LCFI0:
  19               		.cfi_def_cfa_offset 3
  20               		.cfi_offset 1, -2
  21 0002 0F92      		push r0
  22               	.LCFI1:
  23               		.cfi_def_cfa_offset 4
  24               		.cfi_offset 0, -3
  25 0004 0FB6      		in r0,__SREG__
  26 0006 0F92      		push r0
  27 0008 1124      		clr __zero_reg__
  28               	/* prologue: Signal */
  29               	/* frame size = 0 */
  30               	/* stack size = 3 */
  31               	.L__stack_usage = 3
  15:ser.c         ****     // Start of frame → PB3 HIGH
  16:ser.c         ****     PORTB |= (1 << SERVO_SW_PIN);
  32               		.loc 1 16 0
  33 000a 2B9A      		sbi 0x5,3
  34               	/* epilogue start */
  17:ser.c         **** }
  35               		.loc 1 17 0
  36 000c 0F90      		pop r0
  37 000e 0FBE      		out __SREG__,r0
  38 0010 0F90      		pop r0
  39 0012 1F90      		pop r1
  40 0014 1895      		reti
  41               		.cfi_endproc
  42               	.LFE6:
  44               	.global	__vector_12
  46               	__vector_12:
  47               	.LFB7:
  18:ser.c         **** 
  19:ser.c         **** ISR(TIMER1_COMPB_vect) {
  48               		.loc 1 19 0
  49               		.cfi_startproc
  50 0016 1F92      		push r1
  51               	.LCFI2:
  52               		.cfi_def_cfa_offset 3
  53               		.cfi_offset 1, -2
  54 0018 0F92      		push r0
  55               	.LCFI3:
  56               		.cfi_def_cfa_offset 4
  57               		.cfi_offset 0, -3
  58 001a 0FB6      		in r0,__SREG__
  59 001c 0F92      		push r0
  60 001e 1124      		clr __zero_reg__
  61               	/* prologue: Signal */
  62               	/* frame size = 0 */
  63               	/* stack size = 3 */
  64               	.L__stack_usage = 3
  20:ser.c         ****     // After servo_sw_ticks → PB3 LOW
  21:ser.c         ****     PORTB &= ~(1 << SERVO_SW_PIN);
  65               		.loc 1 21 0
  66 0020 2B98      		cbi 0x5,3
  67               	/* epilogue start */
  22:ser.c         **** }
  68               		.loc 1 22 0
  69 0022 0F90      		pop r0
  70 0024 0FBE      		out __SREG__,r0
  71 0026 0F90      		pop r0
  72 0028 1F90      		pop r1
  73 002a 1895      		reti
  74               		.cfi_endproc
  75               	.LFE7:
  77               	.global	servo_init
  79               	servo_init:
  80               	.LFB8:
  23:ser.c         **** 
  24:ser.c         **** void servo_init(void) {
  81               		.loc 1 24 0
  82               		.cfi_startproc
  83               	/* prologue: function */
  84               	/* frame size = 0 */
  85               	/* stack size = 0 */
  86               	.L__stack_usage = 0
  25:ser.c         ****     // PB2 hardware PWM, PB3 software PWM
  26:ser.c         ****     DDRB |= (1 << SERVO_HW_PIN) | (1 << SERVO_SW_PIN);
  87               		.loc 1 26 0
  88 002c 84B1      		in r24,0x4
  89 002e 8C60      		ori r24,lo8(12)
  90 0030 84B9      		out 0x4,r24
  27:ser.c         **** 
  28:ser.c         ****     // Timer1 mode 14 Fast PWM, TOP = ICR1
  29:ser.c         ****     ICR1 = 20000; // 20ms period
  91               		.loc 1 29 0
  92 0032 80E2      		ldi r24,lo8(32)
  93 0034 9EE4      		ldi r25,lo8(78)
  94 0036 9093 8700 		sts 134+1,r25
  95 003a 8093 8600 		sts 134,r24
  30:ser.c         ****     TCCR1A = (1 << COM1B1) | (1 << WGM11); 
  96               		.loc 1 30 0
  97 003e 82E2      		ldi r24,lo8(34)
  98 0040 8093 8000 		sts 128,r24
  31:ser.c         ****     TCCR1B = (1 << WGM13) | (1 << WGM12) | (1 << CS11); // prescaler 8
  99               		.loc 1 31 0
 100 0044 8AE1      		ldi r24,lo8(26)
 101 0046 8093 8100 		sts 129,r24
  32:ser.c         **** 
  33:ser.c         ****     // PB2 default 1ms pulse
  34:ser.c         ****     OCR1B = 1000;
 102               		.loc 1 34 0
 103 004a 88EE      		ldi r24,lo8(-24)
 104 004c 93E0      		ldi r25,lo8(3)
 105 004e 9093 8B00 		sts 138+1,r25
 106 0052 8093 8A00 		sts 138,r24
  35:ser.c         **** 
  36:ser.c         ****     // PB3 software PWM
  37:ser.c         ****     OCR1A = 1;  // start of frame for ISR
 107               		.loc 1 37 0
 108 0056 81E0      		ldi r24,lo8(1)
 109 0058 90E0      		ldi r25,0
 110 005a 9093 8900 		sts 136+1,r25
 111 005e 8093 8800 		sts 136,r24
  38:ser.c         ****     TIMSK1 = (1 << OCIE1A) | (1 << OCIE1B);  // enable ISRs
 112               		.loc 1 38 0
 113 0062 86E0      		ldi r24,lo8(6)
 114 0064 8093 6F00 		sts 111,r24
  39:ser.c         **** 
  40:ser.c         ****     sei();
 115               		.loc 1 40 0
 116               	/* #APP */
 117               	 ;  40 "ser.c" 1
 118 0068 7894      		sei
 119               	 ;  0 "" 2
 120               	/* #NOAPP */
 121 006a 0895      		ret
 122               		.cfi_endproc
 123               	.LFE8:
 125               	.global	servo_pb2_angle
 127               	servo_pb2_angle:
 128               	.LFB9:
  41:ser.c         **** }
  42:ser.c         **** 
  43:ser.c         **** void servo_pb2_angle(uint8_t angle) {
 129               		.loc 1 43 0
 130               		.cfi_startproc
 131               	.LVL0:
 132               	/* prologue: function */
 133               	/* frame size = 0 */
 134               	/* stack size = 0 */
 135               	.L__stack_usage = 0
  44:ser.c         ****     uint16_t us = 500 + ((uint32_t)angle * 1900UL) / 180UL;
 136               		.loc 1 44 0
 137 006c 282F      		mov r18,r24
 138 006e 30E0      		ldi r19,0
 139 0070 ACE6      		ldi r26,lo8(108)
 140 0072 B7E0      		ldi r27,lo8(7)
 141 0074 0E94 0000 		call __umulhisi3
 142 0078 24EB      		ldi r18,lo8(-76)
 143 007a 30E0      		ldi r19,0
 144 007c 40E0      		ldi r20,0
 145 007e 50E0      		ldi r21,0
 146 0080 0E94 0000 		call __udivmodsi4
 147 0084 2C50      		subi r18,12
 148 0086 3E4F      		sbci r19,-2
 149               	.LVL1:
  45:ser.c         ****     OCR1B = us; // hardware PWM
 150               		.loc 1 45 0
 151 0088 3093 8B00 		sts 138+1,r19
 152 008c 2093 8A00 		sts 138,r18
 153 0090 0895      		ret
 154               		.cfi_endproc
 155               	.LFE9:
 157               	.global	servo_pb3_angle
 159               	servo_pb3_angle:
 160               	.LFB10:
  46:ser.c         **** }
  47:ser.c         **** 
  48:ser.c         **** void servo_pb3_angle(uint8_t angle) {
 161               		.loc 1 48 0
 162               		.cfi_startproc
 163               	.LVL2:
 164               	/* prologue: function */
 165               	/* frame size = 0 */
 166               	/* stack size = 0 */
 167               	.L__stack_usage = 0
  49:ser.c         ****     servo_sw_ticks = 500 + ((uint32_t)angle * 1900UL) / 180UL; // software PWM
 168               		.loc 1 49 0
 169 0092 282F      		mov r18,r24
 170 0094 30E0      		ldi r19,0
 171 0096 ACE6      		ldi r26,lo8(108)
 172 0098 B7E0      		ldi r27,lo8(7)
 173 009a 0E94 0000 		call __umulhisi3
 174 009e 24EB      		ldi r18,lo8(-76)
 175 00a0 30E0      		ldi r19,0
 176 00a2 40E0      		ldi r20,0
 177 00a4 50E0      		ldi r21,0
 178 00a6 0E94 0000 		call __udivmodsi4
 179 00aa 2C50      		subi r18,12
 180 00ac 3E4F      		sbci r19,-2
 181 00ae 3093 0000 		sts servo_sw_ticks+1,r19
 182 00b2 2093 0000 		sts servo_sw_ticks,r18
 183 00b6 0895      		ret
 184               		.cfi_endproc
 185               	.LFE10:
 187               		.section	.text.startup,"ax",@progbits
 188               	.global	main
 190               	main:
 191               	.LFB11:
  50:ser.c         **** }
  51:ser.c         **** 
  52:ser.c         **** int main(void) {
 192               		.loc 1 52 0
 193               		.cfi_startproc
 194               	/* prologue: function */
 195               	/* frame size = 0 */
 196               	/* stack size = 0 */
 197               	.L__stack_usage = 0
  53:ser.c         ****     servo_init();
 198               		.loc 1 53 0
 199 0000 0E94 0000 		call servo_init
 200               	.LVL3:
 201               	.LBB20:
 202               	.LBB21:
  45:ser.c         **** }
 203               		.loc 1 45 0
 204 0004 44EF      		ldi r20,lo8(-12)
 205 0006 51E0      		ldi r21,lo8(1)
 206               	.LBE21:
 207               	.LBE20:
 208               	.LBB23:
 209               	.LBB24:
 210 0008 2AEA      		ldi r18,lo8(-86)
 211 000a 35E0      		ldi r19,lo8(5)
 212               	.LBE24:
 213               	.LBE23:
 214               	.LBB26:
 215               	.LBB27:
 216 000c 80E6      		ldi r24,lo8(96)
 217 000e 99E0      		ldi r25,lo8(9)
 218               	.L7:
 219               	.LVL4:
 220               	.LBE27:
 221               	.LBE26:
 222               	.LBB29:
 223               	.LBB22:
  45:ser.c         **** }
 224               		.loc 1 45 0 is_stmt 0 discriminator 1
 225 0010 5093 8B00 		sts 138+1,r21
 226 0014 4093 8A00 		sts 138,r20
 227               	.LVL5:
 228               	.LBE22:
 229               	.LBE29:
 230               	.LBB30:
 231               	.LBB31:
 232               		.file 2 "/usr/lib/avr/include/util/delay.h"
   1:/usr/lib/avr/include/util/delay.h **** /* Copyright (c) 2002, Marek Michalkiewicz
   2:/usr/lib/avr/include/util/delay.h ****    Copyright (c) 2004,2005,2007 Joerg Wunsch
   3:/usr/lib/avr/include/util/delay.h ****    Copyright (c) 2007  Florin-Viorel Petrov
   4:/usr/lib/avr/include/util/delay.h ****    All rights reserved.
   5:/usr/lib/avr/include/util/delay.h **** 
   6:/usr/lib/avr/include/util/delay.h ****    Redistribution and use in source and binary forms, with or without
   7:/usr/lib/avr/include/util/delay.h ****    modification, are permitted provided that the following conditions are met:
   8:/usr/lib/avr/include/util/delay.h **** 
   9:/usr/lib/avr/include/util/delay.h ****    * Redistributions of source code must retain the above copyright
  10:/usr/lib/avr/include/util/delay.h ****      notice, this list of conditions and the following disclaimer.
  11:/usr/lib/avr/include/util/delay.h **** 
  12:/usr/lib/avr/include/util/delay.h ****    * Redistributions in binary form must reproduce the above copyright
  13:/usr/lib/avr/include/util/delay.h ****      notice, this list of conditions and the following disclaimer in
  14:/usr/lib/avr/include/util/delay.h ****      the documentation and/or other materials provided with the
  15:/usr/lib/avr/include/util/delay.h ****      distribution.
  16:/usr/lib/avr/include/util/delay.h **** 
  17:/usr/lib/avr/include/util/delay.h ****    * Neither the name of the copyright holders nor the names of
  18:/usr/lib/avr/include/util/delay.h ****      contributors may be used to endorse or promote products derived
  19:/usr/lib/avr/include/util/delay.h ****      from this software without specific prior written permission.
  20:/usr/lib/avr/include/util/delay.h **** 
  21:/usr/lib/avr/include/util/delay.h ****   THIS SOFTWARE IS PROVIDED BY THE COPYRIGHT HOLDERS AND CONTRIBUTORS "AS IS"
  22:/usr/lib/avr/include/util/delay.h ****   AND ANY EXPRESS OR IMPLIED WARRANTIES, INCLUDING, BUT NOT LIMITED TO, THE
  23:/usr/lib/avr/include/util/delay.h ****   IMPLIED WARRANTIES OF MERCHANTABILITY AND FITNESS FOR A PARTICULAR PURPOSE
  24:/usr/lib/avr/include/util/delay.h ****   ARE DISCLAIMED. IN NO EVENT SHALL THE COPYRIGHT OWNER OR CONTRIBUTORS BE
  25:/usr/lib/avr/include/util/delay.h ****   LIABLE FOR ANY DIRECT, INDIRECT, INCIDENTAL, SPECIAL, EXEMPLARY, OR
  26:/usr/lib/avr/include/util/delay.h ****   CONSEQUENTIAL DAMAGES (INCLUDING, BUT NOT LIMITED TO, PROCUREMENT OF
  27:/usr/lib/avr/include/util/delay.h ****   SUBSTITUTE GOODS OR SERVICES; LOSS OF USE, DATA, OR PROFITS; OR BUSINESS
  28:/usr/lib/avr/include/util/delay.h ****   INTERRUPTION) HOWEVER CAUSED AND ON ANY THEORY OF LIABILITY, WHETHER IN
  29:/usr/lib/avr/include/util/delay.h ****   CONTRACT, STRICT LIABILITY, OR TORT (INCLUDING NEGLIGENCE OR OTHERWISE)
  30:/usr/lib/avr/include/util/delay.h ****   ARISING IN ANY WAY OUT OF THE USE OF THIS SOFTWARE, EVEN IF ADVISED OF THE
  31:/usr/lib/avr/include/util/delay.h ****   POSSIBILITY OF SUCH DAMAGE. */
  32:/usr/lib/avr/include/util/delay.h **** 
  33:/usr/lib/avr/include/util/delay.h **** /* $Id$ */
  34:/usr/lib/avr/include/util/delay.h **** 
  35:/usr/lib/avr/include/util/delay.h **** #ifndef _UTIL_DELAY_H_
  36:/usr/lib/avr/include/util/delay.h **** #define _UTIL_DELAY_H_ 1
  37:/usr/lib/avr/include/util/delay.h **** 
  38:/usr/lib/avr/include/util/delay.h **** #ifndef __DOXYGEN__
  39:/usr/lib/avr/include/util/delay.h **** #  ifndef __HAS_DELAY_CYCLES
  40:/usr/lib/avr/include/util/delay.h **** #    define __HAS_DELAY_CYCLES 1
  41:/usr/lib/avr/include/util/delay.h **** #  endif
  42:/usr/lib/avr/include/util/delay.h **** #endif  /* __DOXYGEN__ */
  43:/usr/lib/avr/include/util/delay.h **** 
  44:/usr/lib/avr/include/util/delay.h **** #include <inttypes.h>
  45:/usr/lib/avr/include/util/delay.h **** #include <util/delay_basic.h>
  46:/usr/lib/avr/include/util/delay.h **** #include <math.h>
  47:/usr/lib/avr/include/util/delay.h **** 
  48:/usr/lib/avr/include/util/delay.h **** /** \file */
  49:/usr/lib/avr/include/util/delay.h **** /** \defgroup util_delay <util/delay.h>: Convenience functions for busy-wait delay loops
  50:/usr/lib/avr/include/util/delay.h ****     \code
  51:/usr/lib/avr/include/util/delay.h ****     #define F_CPU 1000000UL  // 1 MHz
  52:/usr/lib/avr/include/util/delay.h ****     //#define F_CPU 14.7456E6
  53:/usr/lib/avr/include/util/delay.h ****     #include <util/delay.h>
  54:/usr/lib/avr/include/util/delay.h ****     \endcode
  55:/usr/lib/avr/include/util/delay.h **** 
  56:/usr/lib/avr/include/util/delay.h ****     \note As an alternative method, it is possible to pass the
  57:/usr/lib/avr/include/util/delay.h ****     F_CPU macro down to the compiler from the Makefile.
  58:/usr/lib/avr/include/util/delay.h ****     Obviously, in that case, no \c \#define statement should be
  59:/usr/lib/avr/include/util/delay.h ****     used.
  60:/usr/lib/avr/include/util/delay.h **** 
  61:/usr/lib/avr/include/util/delay.h ****     The functions in this header file are wrappers around the basic
  62:/usr/lib/avr/include/util/delay.h ****     busy-wait functions from <util/delay_basic.h>.  They are meant as
  63:/usr/lib/avr/include/util/delay.h ****     convenience functions where actual time values can be specified
  64:/usr/lib/avr/include/util/delay.h ****     rather than a number of cycles to wait for.  The idea behind is
  65:/usr/lib/avr/include/util/delay.h ****     that compile-time constant expressions will be eliminated by
  66:/usr/lib/avr/include/util/delay.h ****     compiler optimization so floating-point expressions can be used
  67:/usr/lib/avr/include/util/delay.h ****     to calculate the number of delay cycles needed based on the CPU
  68:/usr/lib/avr/include/util/delay.h ****     frequency passed by the macro F_CPU.
  69:/usr/lib/avr/include/util/delay.h **** 
  70:/usr/lib/avr/include/util/delay.h ****     \note In order for these functions to work as intended, compiler
  71:/usr/lib/avr/include/util/delay.h ****     optimizations <em>must</em> be enabled, and the delay time
  72:/usr/lib/avr/include/util/delay.h ****     <em>must</em> be an expression that is a known constant at
  73:/usr/lib/avr/include/util/delay.h ****     compile-time.  If these requirements are not met, the resulting
  74:/usr/lib/avr/include/util/delay.h ****     delay will be much longer (and basically unpredictable), and
  75:/usr/lib/avr/include/util/delay.h ****     applications that otherwise do not use floating-point calculations
  76:/usr/lib/avr/include/util/delay.h ****     will experience severe code bloat by the floating-point library
  77:/usr/lib/avr/include/util/delay.h ****     routines linked into the application.
  78:/usr/lib/avr/include/util/delay.h **** 
  79:/usr/lib/avr/include/util/delay.h ****     The functions available allow the specification of microsecond, and
  80:/usr/lib/avr/include/util/delay.h ****     millisecond delays directly, using the application-supplied macro
  81:/usr/lib/avr/include/util/delay.h ****     F_CPU as the CPU clock frequency (in Hertz).
  82:/usr/lib/avr/include/util/delay.h **** 
  83:/usr/lib/avr/include/util/delay.h **** */
  84:/usr/lib/avr/include/util/delay.h **** 
  85:/usr/lib/avr/include/util/delay.h **** #if !defined(__DOXYGEN__)
  86:/usr/lib/avr/include/util/delay.h **** static __inline__ void _delay_us(double __us) __attribute__((__always_inline__));
  87:/usr/lib/avr/include/util/delay.h **** static __inline__ void _delay_ms(double __ms) __attribute__((__always_inline__));
  88:/usr/lib/avr/include/util/delay.h **** #endif
  89:/usr/lib/avr/include/util/delay.h **** 
  90:/usr/lib/avr/include/util/delay.h **** #ifndef F_CPU
  91:/usr/lib/avr/include/util/delay.h **** /* prevent compiler error by supplying a default */
  92:/usr/lib/avr/include/util/delay.h **** # warning "F_CPU not defined for <util/delay.h>"
  93:/usr/lib/avr/include/util/delay.h **** /** \ingroup util_delay
  94:/usr/lib/avr/include/util/delay.h ****     \def F_CPU
  95:/usr/lib/avr/include/util/delay.h ****     \brief CPU frequency in Hz
  96:/usr/lib/avr/include/util/delay.h **** 
  97:/usr/lib/avr/include/util/delay.h ****     The macro F_CPU specifies the CPU frequency to be considered by
  98:/usr/lib/avr/include/util/delay.h ****     the delay macros.  This macro is normally supplied by the
  99:/usr/lib/avr/include/util/delay.h ****     environment (e.g. from within a project header, or the project's
 100:/usr/lib/avr/include/util/delay.h ****     Makefile).  The value 1 MHz here is only provided as a "vanilla"
 101:/usr/lib/avr/include/util/delay.h ****     fallback if no such user-provided definition could be found.
 102:/usr/lib/avr/include/util/delay.h **** 
 103:/usr/lib/avr/include/util/delay.h ****     In terms of the delay functions, the CPU frequency can be given as
 104:/usr/lib/avr/include/util/delay.h ****     a floating-point constant (e.g. 3.6864E6 for 3.6864 MHz).
 105:/usr/lib/avr/include/util/delay.h ****     However, the macros in <util/setbaud.h> require it to be an
 106:/usr/lib/avr/include/util/delay.h ****     integer value.
 107:/usr/lib/avr/include/util/delay.h ****  */
 108:/usr/lib/avr/include/util/delay.h **** # define F_CPU 1000000UL
 109:/usr/lib/avr/include/util/delay.h **** #endif
 110:/usr/lib/avr/include/util/delay.h **** 
 111:/usr/lib/avr/include/util/delay.h **** #ifndef __OPTIMIZE__
 112:/usr/lib/avr/include/util/delay.h **** # warning "Compiler optimizations disabled; functions from <util/delay.h> won't work as designed"
 113:/usr/lib/avr/include/util/delay.h **** #endif
 114:/usr/lib/avr/include/util/delay.h **** 
 115:/usr/lib/avr/include/util/delay.h **** #if __HAS_DELAY_CYCLES && defined(__OPTIMIZE__) && \
 116:/usr/lib/avr/include/util/delay.h ****   !defined(__DELAY_BACKWARD_COMPATIBLE__) &&	   \
 117:/usr/lib/avr/include/util/delay.h ****   __STDC_HOSTED__
 118:/usr/lib/avr/include/util/delay.h **** #  include <math.h>
 119:/usr/lib/avr/include/util/delay.h **** #endif
 120:/usr/lib/avr/include/util/delay.h **** 
 121:/usr/lib/avr/include/util/delay.h **** /**
 122:/usr/lib/avr/include/util/delay.h ****    \ingroup util_delay
 123:/usr/lib/avr/include/util/delay.h **** 
 124:/usr/lib/avr/include/util/delay.h ****    Perform a delay of \c __ms milliseconds, using _delay_loop_2().
 125:/usr/lib/avr/include/util/delay.h **** 
 126:/usr/lib/avr/include/util/delay.h ****    The macro F_CPU is supposed to be defined to a
 127:/usr/lib/avr/include/util/delay.h ****    constant defining the CPU clock frequency (in Hertz).
 128:/usr/lib/avr/include/util/delay.h **** 
 129:/usr/lib/avr/include/util/delay.h ****    The maximal possible delay is 262.14 ms / F_CPU in MHz.
 130:/usr/lib/avr/include/util/delay.h **** 
 131:/usr/lib/avr/include/util/delay.h ****    When the user request delay which exceed the maximum possible one,
 132:/usr/lib/avr/include/util/delay.h ****    _delay_ms() provides a decreased resolution functionality. In this
 133:/usr/lib/avr/include/util/delay.h ****    mode _delay_ms() will work with a resolution of 1/10 ms, providing
 134:/usr/lib/avr/include/util/delay.h ****    delays up to 6.5535 seconds (independent from CPU frequency).  The
 135:/usr/lib/avr/include/util/delay.h ****    user will not be informed about decreased resolution.
 136:/usr/lib/avr/include/util/delay.h **** 
 137:/usr/lib/avr/include/util/delay.h ****    If the avr-gcc toolchain has __builtin_avr_delay_cycles()
 138:/usr/lib/avr/include/util/delay.h ****    support, maximal possible delay is 4294967.295 ms/ F_CPU in MHz. For
 139:/usr/lib/avr/include/util/delay.h ****    values greater than the maximal possible delay, overflows results in
 140:/usr/lib/avr/include/util/delay.h ****    no delay i.e., 0ms.
 141:/usr/lib/avr/include/util/delay.h **** 
 142:/usr/lib/avr/include/util/delay.h ****    Conversion of \c __ms into clock cycles may not always result in
 143:/usr/lib/avr/include/util/delay.h ****    integer.  By default, the clock cycles rounded up to next
 144:/usr/lib/avr/include/util/delay.h ****    integer. This ensures that the user gets at least \c __ms
 145:/usr/lib/avr/include/util/delay.h ****    microseconds of delay.
 146:/usr/lib/avr/include/util/delay.h **** 
 147:/usr/lib/avr/include/util/delay.h ****    Alternatively, by defining the macro \c __DELAY_ROUND_DOWN__, or
 148:/usr/lib/avr/include/util/delay.h ****    \c __DELAY_ROUND_CLOSEST__, before including this header file, the
 149:/usr/lib/avr/include/util/delay.h ****    algorithm can be made to round down, or round to closest integer,
 150:/usr/lib/avr/include/util/delay.h ****    respectively.
 151:/usr/lib/avr/include/util/delay.h **** 
 152:/usr/lib/avr/include/util/delay.h ****    \note
 153:/usr/lib/avr/include/util/delay.h **** 
 154:/usr/lib/avr/include/util/delay.h ****    The implementation of _delay_ms() based on
 155:/usr/lib/avr/include/util/delay.h ****    __builtin_avr_delay_cycles() is not backward compatible with older
 156:/usr/lib/avr/include/util/delay.h ****    implementations.  In order to get functionality backward compatible
 157:/usr/lib/avr/include/util/delay.h ****    with previous versions, the macro \c "__DELAY_BACKWARD_COMPATIBLE__"
 158:/usr/lib/avr/include/util/delay.h ****    must be defined before including this header file. Also, the
 159:/usr/lib/avr/include/util/delay.h ****    backward compatible algorithm will be chosen if the code is
 160:/usr/lib/avr/include/util/delay.h ****    compiled in a <em>freestanding environment</em> (GCC option
 161:/usr/lib/avr/include/util/delay.h ****    \c -ffreestanding), as the math functions required for rounding are
 162:/usr/lib/avr/include/util/delay.h ****    not available to the compiler then.
 163:/usr/lib/avr/include/util/delay.h **** 
 164:/usr/lib/avr/include/util/delay.h ****  */
 165:/usr/lib/avr/include/util/delay.h **** void
 166:/usr/lib/avr/include/util/delay.h **** _delay_ms(double __ms)
 167:/usr/lib/avr/include/util/delay.h **** {
 168:/usr/lib/avr/include/util/delay.h **** 	double __tmp ;
 169:/usr/lib/avr/include/util/delay.h **** #if __HAS_DELAY_CYCLES && defined(__OPTIMIZE__) && \
 170:/usr/lib/avr/include/util/delay.h ****   !defined(__DELAY_BACKWARD_COMPATIBLE__) &&	   \
 171:/usr/lib/avr/include/util/delay.h ****   __STDC_HOSTED__
 172:/usr/lib/avr/include/util/delay.h **** 	uint32_t __ticks_dc;
 173:/usr/lib/avr/include/util/delay.h **** 	extern void __builtin_avr_delay_cycles(unsigned long);
 174:/usr/lib/avr/include/util/delay.h **** 	__tmp = ((F_CPU) / 1e3) * __ms;
 175:/usr/lib/avr/include/util/delay.h **** 
 176:/usr/lib/avr/include/util/delay.h **** 	#if defined(__DELAY_ROUND_DOWN__)
 177:/usr/lib/avr/include/util/delay.h **** 		__ticks_dc = (uint32_t)fabs(__tmp);
 178:/usr/lib/avr/include/util/delay.h **** 
 179:/usr/lib/avr/include/util/delay.h **** 	#elif defined(__DELAY_ROUND_CLOSEST__)
 180:/usr/lib/avr/include/util/delay.h **** 		__ticks_dc = (uint32_t)(fabs(__tmp)+0.5);
 181:/usr/lib/avr/include/util/delay.h **** 
 182:/usr/lib/avr/include/util/delay.h **** 	#else
 183:/usr/lib/avr/include/util/delay.h **** 		//round up by default
 184:/usr/lib/avr/include/util/delay.h **** 		__ticks_dc = (uint32_t)(ceil(fabs(__tmp)));
 185:/usr/lib/avr/include/util/delay.h **** 	#endif
 186:/usr/lib/avr/include/util/delay.h **** 
 187:/usr/lib/avr/include/util/delay.h **** 	__builtin_avr_delay_cycles(__ticks_dc);
 233               		.loc 2 187 0 is_stmt 1 discriminator 1
 234 0018 6FEF      		ldi r22,lo8(1599999)
 235 001a 79E6      		ldi r23,hi8(1599999)
 236 001c E8E1      		ldi r30,hlo8(1599999)
 237 001e 6150      	1:	subi r22,1
 238 0020 7040      		sbci r23,0
 239 0022 E040      		sbci r30,0
 240 0024 01F4      		brne 1b
 241 0026 00C0      		rjmp .
 242 0028 0000      		nop
 243               	.LVL6:
 244               	.LBE31:
 245               	.LBE30:
 246               	.LBB32:
 247               	.LBB25:
  45:ser.c         **** }
 248               		.loc 1 45 0 discriminator 1
 249 002a 3093 8B00 		sts 138+1,r19
 250 002e 2093 8A00 		sts 138,r18
 251               	.LVL7:
 252               	.LBE25:
 253               	.LBE32:
 254               	.LBB33:
 255               	.LBB34:
 256               		.loc 2 187 0 discriminator 1
 257 0032 6FEF      		ldi r22,lo8(1599999)
 258 0034 79E6      		ldi r23,hi8(1599999)
 259 0036 E8E1      		ldi r30,hlo8(1599999)
 260 0038 6150      	1:	subi r22,1
 261 003a 7040      		sbci r23,0
 262 003c E040      		sbci r30,0
 263 003e 01F4      		brne 1b
 264 0040 00C0      		rjmp .
 265 0042 0000      		nop
 266               	.LVL8:
 267               	.LBE34:
 268               	.LBE33:
 269               	.LBB35:
 270               	.LBB28:
  45:ser.c         **** }
 271               		.loc 1 45 0 discriminator 1
 272 0044 9093 8B00 		sts 138+1,r25
 273 0048 8093 8A00 		sts 138,r24
 274               	.LVL9:
 275               	.LBE28:
 276               	.LBE35:
 277               	.LBB36:
 278               	.LBB37:
 279               		.loc 2 187 0 discriminator 1
 280 004c 6FEF      		ldi r22,lo8(1599999)
 281 004e 79E6      		ldi r23,hi8(1599999)
 282 0050 E8E1      		ldi r30,hlo8(1599999)
 283 0052 6150      	1:	subi r22,1
 284 0054 7040      		sbci r23,0
 285 0056 E040      		sbci r30,0
 286 0058 01F4      		brne 1b
 287 005a 00C0      		rjmp .
 288 005c 0000      		nop
 289 005e 00C0      		rjmp .L7
 290               	.LBE37:
 291               	.LBE36:
 292               		.cfi_endproc
 293               	.LFE11:
 295               	.global	servo_sw_ticks
 296               		.data
 299               	servo_sw_ticks:
 300 0000 E803      		.word	1000
 301               		.text
 302               	.Letext0:
 303               		.file 3 "/usr/lib/avr/include/stdint.h"
DEFINED SYMBOLS
                            *ABS*:0000000000000000 ser.c
     /tmp/cc1I0qZR.s:2      *ABS*:000000000000003e __SP_H__
     /tmp/cc1I0qZR.s:3      *ABS*:000000000000003d __SP_L__
     /tmp/cc1I0qZR.s:4      *ABS*:000000000000003f __SREG__
     /tmp/cc1I0qZR.s:5      *ABS*:0000000000000000 __tmp_reg__
     /tmp/cc1I0qZR.s:6      *ABS*:0000000000000001 __zero_reg__
     /tmp/cc1I0qZR.s:12     .text:0000000000000000 __vector_11
     /tmp/cc1I0qZR.s:46     .text:0000000000000016 __vector_12
     /tmp/cc1I0qZR.s:79     .text:000000000000002c servo_init
     /tmp/cc1I0qZR.s:127    .text:000000000000006c servo_pb2_angle
     /tmp/cc1I0qZR.s:159    .text:0000000000000092 servo_pb3_angle
     /tmp/cc1I0qZR.s:299    .data:0000000000000000 servo_sw_ticks
     /tmp/cc1I0qZR.s:190    .text.startup:0000000000000000 main

UNDEFINED SYMBOLS
__umulhisi3
__udivmodsi4
__do_copy_data
