   1               		.file	"gsm.c"
   2               	__SP_H__ = 0x3e
   3               	__SP_L__ = 0x3d
   4               	__SREG__ = 0x3f
   5               	__tmp_reg__ = 0
   6               	__zero_reg__ = 1
   7               		.text
   8               	.Ltext0:
   9               		.cfi_sections	.debug_frame
  10               	.global	gsm_command
  12               	gsm_command:
  13               	.LFB12:
  14               		.file 1 "gsm.c"
   1:gsm.c         **** #include "gsm.h"
   2:gsm.c         **** #include <string.h>
   3:gsm.c         **** 
   4:gsm.c         **** static void (*gsm_send_byte)(unsigned char c);
   5:gsm.c         **** static int  (*gsm_get_byte)(void);
   6:gsm.c         **** 
   7:gsm.c         **** // ---------------- GSM Initialization ----------------
   8:gsm.c         **** void gsm_init(void (*sendByte_func)(unsigned char c), int (*getByte_func)(void)) {
   9:gsm.c         ****     gsm_send_byte = sendByte_func;
  10:gsm.c         ****     gsm_get_byte = getByte_func;
  11:gsm.c         **** 
  12:gsm.c         ****     lcd_clear();
  13:gsm.c         ****     lcd_puts("GSM Init...");
  14:gsm.c         ****     _delay_ms(500);
  15:gsm.c         **** 
  16:gsm.c         ****     // Basic AT test
  17:gsm.c         ****     if (gsm_command_response("AT", "OK", 2000))
  18:gsm.c         ****         lcd_puts("AT OK");
  19:gsm.c         ****     else
  20:gsm.c         ****         lcd_puts("AT Fail");
  21:gsm.c         ****     _delay_ms(1000);
  22:gsm.c         **** 
  23:gsm.c         ****     // Disable echo
  24:gsm.c         ****     gsm_command_response("ATE0", "OK", 2000);
  25:gsm.c         **** 
  26:gsm.c         ****     // Set SMS text mode
  27:gsm.c         ****     gsm_text_sms();
  28:gsm.c         **** }
  29:gsm.c         **** 
  30:gsm.c         **** // ---------------- Send AT Command ----------------
  31:gsm.c         **** int gsm_command(char *command) {
  15               		.loc 1 31 0
  16               		.cfi_startproc
  17               	.LVL0:
  18 0000 CF93      		push r28
  19               	.LCFI0:
  20               		.cfi_def_cfa_offset 3
  21               		.cfi_offset 28, -2
  22 0002 DF93      		push r29
  23               	.LCFI1:
  24               		.cfi_def_cfa_offset 4
  25               		.cfi_offset 29, -3
  26               	/* prologue: function */
  27               	/* frame size = 0 */
  28               	/* stack size = 2 */
  29               	.L__stack_usage = 2
  32:gsm.c         ****     if (!gsm_send_byte) return 0;
  30               		.loc 1 32 0
  31 0004 2091 0000 		lds r18,gsm_send_byte
  32 0008 3091 0000 		lds r19,gsm_send_byte+1
  33 000c 232B      		or r18,r19
  34 000e 01F0      		breq .L5
  35 0010 EC01      		movw r28,r24
  36               	.LVL1:
  37               	.L3:
  38               	.LBB19:
  33:gsm.c         **** 
  34:gsm.c         ****     for (int i = 0; command[i]; i++)
  39               		.loc 1 34 0 discriminator 1
  40 0012 8991      		ld r24,Y+
  41               	.LVL2:
  42 0014 E091 0000 		lds r30,gsm_send_byte
  43 0018 F091 0000 		lds r31,gsm_send_byte+1
  44 001c 8823      		tst r24
  45 001e 01F0      		breq .L7
  35:gsm.c         ****         gsm_send_byte(command[i]);
  46               		.loc 1 35 0 discriminator 3
  47 0020 0995      		icall
  48               	.LVL3:
  49 0022 00C0      		rjmp .L3
  50               	.LVL4:
  51               	.L7:
  52               	.LBE19:
  36:gsm.c         ****     gsm_send_byte('\n');
  53               		.loc 1 36 0
  54 0024 8AE0      		ldi r24,lo8(10)
  55 0026 0995      		icall
  56               	.LVL5:
  57               	.LBB20:
  58               	.LBB21:
  59               		.file 2 "/usr/lib/avr/include/util/delay.h"
   1:/usr/lib/avr/include/util/delay.h **** /* Copyright (c) 2002, Marek Michalkiewicz
   2:/usr/lib/avr/include/util/delay.h ****    Copyright (c) 2004,2005,2007 Joerg Wunsch
   3:/usr/lib/avr/include/util/delay.h ****    Copyright (c) 2007  Florin-Viorel Petrov
   4:/usr/lib/avr/include/util/delay.h ****    All rights reserved.
   5:/usr/lib/avr/include/util/delay.h **** 
   6:/usr/lib/avr/include/util/delay.h ****    Redistribution and use in source and binary forms, with or without
   7:/usr/lib/avr/include/util/delay.h ****    modification, are permitted provided that the following conditions are met:
   8:/usr/lib/avr/include/util/delay.h **** 
   9:/usr/lib/avr/include/util/delay.h ****    * Redistributions of source code must retain the above copyright
  10:/usr/lib/avr/include/util/delay.h ****      notice, this list of conditions and the following disclaimer.
  11:/usr/lib/avr/include/util/delay.h **** 
  12:/usr/lib/avr/include/util/delay.h ****    * Redistributions in binary form must reproduce the above copyright
  13:/usr/lib/avr/include/util/delay.h ****      notice, this list of conditions and the following disclaimer in
  14:/usr/lib/avr/include/util/delay.h ****      the documentation and/or other materials provided with the
  15:/usr/lib/avr/include/util/delay.h ****      distribution.
  16:/usr/lib/avr/include/util/delay.h **** 
  17:/usr/lib/avr/include/util/delay.h ****    * Neither the name of the copyright holders nor the names of
  18:/usr/lib/avr/include/util/delay.h ****      contributors may be used to endorse or promote products derived
  19:/usr/lib/avr/include/util/delay.h ****      from this software without specific prior written permission.
  20:/usr/lib/avr/include/util/delay.h **** 
  21:/usr/lib/avr/include/util/delay.h ****   THIS SOFTWARE IS PROVIDED BY THE COPYRIGHT HOLDERS AND CONTRIBUTORS "AS IS"
  22:/usr/lib/avr/include/util/delay.h ****   AND ANY EXPRESS OR IMPLIED WARRANTIES, INCLUDING, BUT NOT LIMITED TO, THE
  23:/usr/lib/avr/include/util/delay.h ****   IMPLIED WARRANTIES OF MERCHANTABILITY AND FITNESS FOR A PARTICULAR PURPOSE
  24:/usr/lib/avr/include/util/delay.h ****   ARE DISCLAIMED. IN NO EVENT SHALL THE COPYRIGHT OWNER OR CONTRIBUTORS BE
  25:/usr/lib/avr/include/util/delay.h ****   LIABLE FOR ANY DIRECT, INDIRECT, INCIDENTAL, SPECIAL, EXEMPLARY, OR
  26:/usr/lib/avr/include/util/delay.h ****   CONSEQUENTIAL DAMAGES (INCLUDING, BUT NOT LIMITED TO, PROCUREMENT OF
  27:/usr/lib/avr/include/util/delay.h ****   SUBSTITUTE GOODS OR SERVICES; LOSS OF USE, DATA, OR PROFITS; OR BUSINESS
  28:/usr/lib/avr/include/util/delay.h ****   INTERRUPTION) HOWEVER CAUSED AND ON ANY THEORY OF LIABILITY, WHETHER IN
  29:/usr/lib/avr/include/util/delay.h ****   CONTRACT, STRICT LIABILITY, OR TORT (INCLUDING NEGLIGENCE OR OTHERWISE)
  30:/usr/lib/avr/include/util/delay.h ****   ARISING IN ANY WAY OUT OF THE USE OF THIS SOFTWARE, EVEN IF ADVISED OF THE
  31:/usr/lib/avr/include/util/delay.h ****   POSSIBILITY OF SUCH DAMAGE. */
  32:/usr/lib/avr/include/util/delay.h **** 
  33:/usr/lib/avr/include/util/delay.h **** /* $Id$ */
  34:/usr/lib/avr/include/util/delay.h **** 
  35:/usr/lib/avr/include/util/delay.h **** #ifndef _UTIL_DELAY_H_
  36:/usr/lib/avr/include/util/delay.h **** #define _UTIL_DELAY_H_ 1
  37:/usr/lib/avr/include/util/delay.h **** 
  38:/usr/lib/avr/include/util/delay.h **** #ifndef __DOXYGEN__
  39:/usr/lib/avr/include/util/delay.h **** #  ifndef __HAS_DELAY_CYCLES
  40:/usr/lib/avr/include/util/delay.h **** #    define __HAS_DELAY_CYCLES 1
  41:/usr/lib/avr/include/util/delay.h **** #  endif
  42:/usr/lib/avr/include/util/delay.h **** #endif  /* __DOXYGEN__ */
  43:/usr/lib/avr/include/util/delay.h **** 
  44:/usr/lib/avr/include/util/delay.h **** #include <inttypes.h>
  45:/usr/lib/avr/include/util/delay.h **** #include <util/delay_basic.h>
  46:/usr/lib/avr/include/util/delay.h **** #include <math.h>
  47:/usr/lib/avr/include/util/delay.h **** 
  48:/usr/lib/avr/include/util/delay.h **** /** \file */
  49:/usr/lib/avr/include/util/delay.h **** /** \defgroup util_delay <util/delay.h>: Convenience functions for busy-wait delay loops
  50:/usr/lib/avr/include/util/delay.h ****     \code
  51:/usr/lib/avr/include/util/delay.h ****     #define F_CPU 1000000UL  // 1 MHz
  52:/usr/lib/avr/include/util/delay.h ****     //#define F_CPU 14.7456E6
  53:/usr/lib/avr/include/util/delay.h ****     #include <util/delay.h>
  54:/usr/lib/avr/include/util/delay.h ****     \endcode
  55:/usr/lib/avr/include/util/delay.h **** 
  56:/usr/lib/avr/include/util/delay.h ****     \note As an alternative method, it is possible to pass the
  57:/usr/lib/avr/include/util/delay.h ****     F_CPU macro down to the compiler from the Makefile.
  58:/usr/lib/avr/include/util/delay.h ****     Obviously, in that case, no \c \#define statement should be
  59:/usr/lib/avr/include/util/delay.h ****     used.
  60:/usr/lib/avr/include/util/delay.h **** 
  61:/usr/lib/avr/include/util/delay.h ****     The functions in this header file are wrappers around the basic
  62:/usr/lib/avr/include/util/delay.h ****     busy-wait functions from <util/delay_basic.h>.  They are meant as
  63:/usr/lib/avr/include/util/delay.h ****     convenience functions where actual time values can be specified
  64:/usr/lib/avr/include/util/delay.h ****     rather than a number of cycles to wait for.  The idea behind is
  65:/usr/lib/avr/include/util/delay.h ****     that compile-time constant expressions will be eliminated by
  66:/usr/lib/avr/include/util/delay.h ****     compiler optimization so floating-point expressions can be used
  67:/usr/lib/avr/include/util/delay.h ****     to calculate the number of delay cycles needed based on the CPU
  68:/usr/lib/avr/include/util/delay.h ****     frequency passed by the macro F_CPU.
  69:/usr/lib/avr/include/util/delay.h **** 
  70:/usr/lib/avr/include/util/delay.h ****     \note In order for these functions to work as intended, compiler
  71:/usr/lib/avr/include/util/delay.h ****     optimizations <em>must</em> be enabled, and the delay time
  72:/usr/lib/avr/include/util/delay.h ****     <em>must</em> be an expression that is a known constant at
  73:/usr/lib/avr/include/util/delay.h ****     compile-time.  If these requirements are not met, the resulting
  74:/usr/lib/avr/include/util/delay.h ****     delay will be much longer (and basically unpredictable), and
  75:/usr/lib/avr/include/util/delay.h ****     applications that otherwise do not use floating-point calculations
  76:/usr/lib/avr/include/util/delay.h ****     will experience severe code bloat by the floating-point library
  77:/usr/lib/avr/include/util/delay.h ****     routines linked into the application.
  78:/usr/lib/avr/include/util/delay.h **** 
  79:/usr/lib/avr/include/util/delay.h ****     The functions available allow the specification of microsecond, and
  80:/usr/lib/avr/include/util/delay.h ****     millisecond delays directly, using the application-supplied macro
  81:/usr/lib/avr/include/util/delay.h ****     F_CPU as the CPU clock frequency (in Hertz).
  82:/usr/lib/avr/include/util/delay.h **** 
  83:/usr/lib/avr/include/util/delay.h **** */
  84:/usr/lib/avr/include/util/delay.h **** 
  85:/usr/lib/avr/include/util/delay.h **** #if !defined(__DOXYGEN__)
  86:/usr/lib/avr/include/util/delay.h **** static __inline__ void _delay_us(double __us) __attribute__((__always_inline__));
  87:/usr/lib/avr/include/util/delay.h **** static __inline__ void _delay_ms(double __ms) __attribute__((__always_inline__));
  88:/usr/lib/avr/include/util/delay.h **** #endif
  89:/usr/lib/avr/include/util/delay.h **** 
  90:/usr/lib/avr/include/util/delay.h **** #ifndef F_CPU
  91:/usr/lib/avr/include/util/delay.h **** /* prevent compiler error by supplying a default */
  92:/usr/lib/avr/include/util/delay.h **** # warning "F_CPU not defined for <util/delay.h>"
  93:/usr/lib/avr/include/util/delay.h **** /** \ingroup util_delay
  94:/usr/lib/avr/include/util/delay.h ****     \def F_CPU
  95:/usr/lib/avr/include/util/delay.h ****     \brief CPU frequency in Hz
  96:/usr/lib/avr/include/util/delay.h **** 
  97:/usr/lib/avr/include/util/delay.h ****     The macro F_CPU specifies the CPU frequency to be considered by
  98:/usr/lib/avr/include/util/delay.h ****     the delay macros.  This macro is normally supplied by the
  99:/usr/lib/avr/include/util/delay.h ****     environment (e.g. from within a project header, or the project's
 100:/usr/lib/avr/include/util/delay.h ****     Makefile).  The value 1 MHz here is only provided as a "vanilla"
 101:/usr/lib/avr/include/util/delay.h ****     fallback if no such user-provided definition could be found.
 102:/usr/lib/avr/include/util/delay.h **** 
 103:/usr/lib/avr/include/util/delay.h ****     In terms of the delay functions, the CPU frequency can be given as
 104:/usr/lib/avr/include/util/delay.h ****     a floating-point constant (e.g. 3.6864E6 for 3.6864 MHz).
 105:/usr/lib/avr/include/util/delay.h ****     However, the macros in <util/setbaud.h> require it to be an
 106:/usr/lib/avr/include/util/delay.h ****     integer value.
 107:/usr/lib/avr/include/util/delay.h ****  */
 108:/usr/lib/avr/include/util/delay.h **** # define F_CPU 1000000UL
 109:/usr/lib/avr/include/util/delay.h **** #endif
 110:/usr/lib/avr/include/util/delay.h **** 
 111:/usr/lib/avr/include/util/delay.h **** #ifndef __OPTIMIZE__
 112:/usr/lib/avr/include/util/delay.h **** # warning "Compiler optimizations disabled; functions from <util/delay.h> won't work as designed"
 113:/usr/lib/avr/include/util/delay.h **** #endif
 114:/usr/lib/avr/include/util/delay.h **** 
 115:/usr/lib/avr/include/util/delay.h **** #if __HAS_DELAY_CYCLES && defined(__OPTIMIZE__) && \
 116:/usr/lib/avr/include/util/delay.h ****   !defined(__DELAY_BACKWARD_COMPATIBLE__) &&	   \
 117:/usr/lib/avr/include/util/delay.h ****   __STDC_HOSTED__
 118:/usr/lib/avr/include/util/delay.h **** #  include <math.h>
 119:/usr/lib/avr/include/util/delay.h **** #endif
 120:/usr/lib/avr/include/util/delay.h **** 
 121:/usr/lib/avr/include/util/delay.h **** /**
 122:/usr/lib/avr/include/util/delay.h ****    \ingroup util_delay
 123:/usr/lib/avr/include/util/delay.h **** 
 124:/usr/lib/avr/include/util/delay.h ****    Perform a delay of \c __ms milliseconds, using _delay_loop_2().
 125:/usr/lib/avr/include/util/delay.h **** 
 126:/usr/lib/avr/include/util/delay.h ****    The macro F_CPU is supposed to be defined to a
 127:/usr/lib/avr/include/util/delay.h ****    constant defining the CPU clock frequency (in Hertz).
 128:/usr/lib/avr/include/util/delay.h **** 
 129:/usr/lib/avr/include/util/delay.h ****    The maximal possible delay is 262.14 ms / F_CPU in MHz.
 130:/usr/lib/avr/include/util/delay.h **** 
 131:/usr/lib/avr/include/util/delay.h ****    When the user request delay which exceed the maximum possible one,
 132:/usr/lib/avr/include/util/delay.h ****    _delay_ms() provides a decreased resolution functionality. In this
 133:/usr/lib/avr/include/util/delay.h ****    mode _delay_ms() will work with a resolution of 1/10 ms, providing
 134:/usr/lib/avr/include/util/delay.h ****    delays up to 6.5535 seconds (independent from CPU frequency).  The
 135:/usr/lib/avr/include/util/delay.h ****    user will not be informed about decreased resolution.
 136:/usr/lib/avr/include/util/delay.h **** 
 137:/usr/lib/avr/include/util/delay.h ****    If the avr-gcc toolchain has __builtin_avr_delay_cycles()
 138:/usr/lib/avr/include/util/delay.h ****    support, maximal possible delay is 4294967.295 ms/ F_CPU in MHz. For
 139:/usr/lib/avr/include/util/delay.h ****    values greater than the maximal possible delay, overflows results in
 140:/usr/lib/avr/include/util/delay.h ****    no delay i.e., 0ms.
 141:/usr/lib/avr/include/util/delay.h **** 
 142:/usr/lib/avr/include/util/delay.h ****    Conversion of \c __ms into clock cycles may not always result in
 143:/usr/lib/avr/include/util/delay.h ****    integer.  By default, the clock cycles rounded up to next
 144:/usr/lib/avr/include/util/delay.h ****    integer. This ensures that the user gets at least \c __ms
 145:/usr/lib/avr/include/util/delay.h ****    microseconds of delay.
 146:/usr/lib/avr/include/util/delay.h **** 
 147:/usr/lib/avr/include/util/delay.h ****    Alternatively, by defining the macro \c __DELAY_ROUND_DOWN__, or
 148:/usr/lib/avr/include/util/delay.h ****    \c __DELAY_ROUND_CLOSEST__, before including this header file, the
 149:/usr/lib/avr/include/util/delay.h ****    algorithm can be made to round down, or round to closest integer,
 150:/usr/lib/avr/include/util/delay.h ****    respectively.
 151:/usr/lib/avr/include/util/delay.h **** 
 152:/usr/lib/avr/include/util/delay.h ****    \note
 153:/usr/lib/avr/include/util/delay.h **** 
 154:/usr/lib/avr/include/util/delay.h ****    The implementation of _delay_ms() based on
 155:/usr/lib/avr/include/util/delay.h ****    __builtin_avr_delay_cycles() is not backward compatible with older
 156:/usr/lib/avr/include/util/delay.h ****    implementations.  In order to get functionality backward compatible
 157:/usr/lib/avr/include/util/delay.h ****    with previous versions, the macro \c "__DELAY_BACKWARD_COMPATIBLE__"
 158:/usr/lib/avr/include/util/delay.h ****    must be defined before including this header file. Also, the
 159:/usr/lib/avr/include/util/delay.h ****    backward compatible algorithm will be chosen if the code is
 160:/usr/lib/avr/include/util/delay.h ****    compiled in a <em>freestanding environment</em> (GCC option
 161:/usr/lib/avr/include/util/delay.h ****    \c -ffreestanding), as the math functions required for rounding are
 162:/usr/lib/avr/include/util/delay.h ****    not available to the compiler then.
 163:/usr/lib/avr/include/util/delay.h **** 
 164:/usr/lib/avr/include/util/delay.h ****  */
 165:/usr/lib/avr/include/util/delay.h **** void
 166:/usr/lib/avr/include/util/delay.h **** _delay_ms(double __ms)
 167:/usr/lib/avr/include/util/delay.h **** {
 168:/usr/lib/avr/include/util/delay.h **** 	double __tmp ;
 169:/usr/lib/avr/include/util/delay.h **** #if __HAS_DELAY_CYCLES && defined(__OPTIMIZE__) && \
 170:/usr/lib/avr/include/util/delay.h ****   !defined(__DELAY_BACKWARD_COMPATIBLE__) &&	   \
 171:/usr/lib/avr/include/util/delay.h ****   __STDC_HOSTED__
 172:/usr/lib/avr/include/util/delay.h **** 	uint32_t __ticks_dc;
 173:/usr/lib/avr/include/util/delay.h **** 	extern void __builtin_avr_delay_cycles(unsigned long);
 174:/usr/lib/avr/include/util/delay.h **** 	__tmp = ((F_CPU) / 1e3) * __ms;
 175:/usr/lib/avr/include/util/delay.h **** 
 176:/usr/lib/avr/include/util/delay.h **** 	#if defined(__DELAY_ROUND_DOWN__)
 177:/usr/lib/avr/include/util/delay.h **** 		__ticks_dc = (uint32_t)fabs(__tmp);
 178:/usr/lib/avr/include/util/delay.h **** 
 179:/usr/lib/avr/include/util/delay.h **** 	#elif defined(__DELAY_ROUND_CLOSEST__)
 180:/usr/lib/avr/include/util/delay.h **** 		__ticks_dc = (uint32_t)(fabs(__tmp)+0.5);
 181:/usr/lib/avr/include/util/delay.h **** 
 182:/usr/lib/avr/include/util/delay.h **** 	#else
 183:/usr/lib/avr/include/util/delay.h **** 		//round up by default
 184:/usr/lib/avr/include/util/delay.h **** 		__ticks_dc = (uint32_t)(ceil(fabs(__tmp)));
 185:/usr/lib/avr/include/util/delay.h **** 	#endif
 186:/usr/lib/avr/include/util/delay.h **** 
 187:/usr/lib/avr/include/util/delay.h **** 	__builtin_avr_delay_cycles(__ticks_dc);
  60               		.loc 2 187 0
  61 0028 2FEF      		ldi r18,lo8(319999)
  62 002a 81EE      		ldi r24,hi8(319999)
  63 002c 94E0      		ldi r25,hlo8(319999)
  64 002e 2150      	1:	subi r18,1
  65 0030 8040      		sbci r24,0
  66 0032 9040      		sbci r25,0
  67 0034 01F4      		brne 1b
  68 0036 00C0      		rjmp .
  69 0038 0000      		nop
  70               	.LVL6:
  71               	.LBE21:
  72               	.LBE20:
  37:gsm.c         ****     _delay_ms(200);
  38:gsm.c         ****     return 1;
  73               		.loc 1 38 0
  74 003a 81E0      		ldi r24,lo8(1)
  75 003c 90E0      		ldi r25,0
  76 003e 00C0      		rjmp .L2
  77               	.LVL7:
  78               	.L5:
  32:gsm.c         **** 
  79               		.loc 1 32 0
  80 0040 80E0      		ldi r24,0
  81 0042 90E0      		ldi r25,0
  82               	.LVL8:
  83               	.L2:
  84               	/* epilogue start */
  39:gsm.c         **** }
  85               		.loc 1 39 0
  86 0044 DF91      		pop r29
  87 0046 CF91      		pop r28
  88 0048 0895      		ret
  89               		.cfi_endproc
  90               	.LFE12:
  92               	.global	gsm_flush_buffer
  94               	gsm_flush_buffer:
  95               	.LFB16:
  40:gsm.c         **** 
  41:gsm.c         **** // ---------------- Send AT Command and wait for response ----------------
  42:gsm.c         **** int gsm_command_response(char *command, char *expected, uint16_t timeout_ms) {
  43:gsm.c         ****     char line[64];
  44:gsm.c         ****     uint16_t t = 0;
  45:gsm.c         **** 
  46:gsm.c         ****     gsm_command(command);
  47:gsm.c         **** 
  48:gsm.c         ****     while (t < timeout_ms) {
  49:gsm.c         ****         if (gsm_readline(line, sizeof(line))) {
  50:gsm.c         ****             lcd_clear();
  51:gsm.c         ****             lcd_puts(line);  // debug on LCD
  52:gsm.c         ****             if (strstr(line, expected)) return 1; // Expected response received
  53:gsm.c         ****         }
  54:gsm.c         ****         _delay_ms(50);
  55:gsm.c         ****         t += 50;
  56:gsm.c         ****     }
  57:gsm.c         **** 
  58:gsm.c         ****     lcd_clear();
  59:gsm.c         ****     lcd_puts("No Resp");
  60:gsm.c         ****     return 0; // timeout
  61:gsm.c         **** }
  62:gsm.c         **** 
  63:gsm.c         **** // ---------------- Set Text SMS Mode ----------------
  64:gsm.c         **** void gsm_text_sms(void) {
  65:gsm.c         ****     gsm_command_response("AT+CMGF=1", "OK", 2000);
  66:gsm.c         **** }
  67:gsm.c         **** 
  68:gsm.c         **** // ---------------- Send SMS ----------------
  69:gsm.c         **** int gsm_send_sms(char *number, char *text, int try_num) {
  70:gsm.c         ****     char line[64];
  71:gsm.c         ****     char buf[32];
  72:gsm.c         **** 
  73:gsm.c         ****     // Prepare AT+CMGS command
  74:gsm.c         ****     snprintf(buf, sizeof(buf), "AT+CMGS=\"%s\"", number);
  75:gsm.c         ****     gsm_command(buf);
  76:gsm.c         **** 
  77:gsm.c         ****     // Wait for ">" prompt from GSM
  78:gsm.c         ****     uint16_t t = 0;
  79:gsm.c         ****     while (t < 5000) { // wait 5 sec max
  80:gsm.c         ****         if (gsm_readline(line, sizeof(line))) {
  81:gsm.c         ****             lcd_clear();
  82:gsm.c         ****             lcd_puts(line);
  83:gsm.c         ****             if (strchr(line, '>')) break; // Ready to accept message
  84:gsm.c         ****         }
  85:gsm.c         ****         _delay_ms(50);
  86:gsm.c         ****         t += 50;
  87:gsm.c         ****     }
  88:gsm.c         **** 
  89:gsm.c         ****     // Send SMS text
  90:gsm.c         ****     for (int i = 0; text[i]; i++)
  91:gsm.c         ****         gsm_send_byte(text[i]);
  92:gsm.c         **** 
  93:gsm.c         ****     gsm_send_byte(26); // CTRL+Z
  94:gsm.c         ****     _delay_ms(5000);
  95:gsm.c         **** 
  96:gsm.c         ****     // Check for "OK" response after sending
  97:gsm.c         ****     if (gsm_readline(line, sizeof(line))) {
  98:gsm.c         ****         lcd_clear();
  99:gsm.c         ****         lcd_puts(line);
 100:gsm.c         ****         if (strstr(line, "OK")) return 1; // SMS sent successfully
 101:gsm.c         ****     }
 102:gsm.c         **** 
 103:gsm.c         ****     lcd_clear();
 104:gsm.c         ****     lcd_puts("SMS Fail");
 105:gsm.c         ****     return 0;
 106:gsm.c         **** }
 107:gsm.c         **** 
 108:gsm.c         **** // ---------------- Flush UART Buffer ----------------
 109:gsm.c         **** void gsm_flush_buffer(void) {
  96               		.loc 1 109 0
  97               		.cfi_startproc
  98               	/* prologue: function */
  99               	/* frame size = 0 */
 100               	/* stack size = 0 */
 101               	.L__stack_usage = 0
 110:gsm.c         ****     if (!gsm_get_byte) return;
 102               		.loc 1 110 0
 103 004a 8091 0000 		lds r24,gsm_get_byte
 104 004e 9091 0000 		lds r25,gsm_get_byte+1
 105 0052 892B      		or r24,r25
 106 0054 01F0      		breq .L8
 107               	.L11:
 111:gsm.c         ****     while (gsm_get_byte() != -1);
 108               		.loc 1 111 0 discriminator 1
 109 0056 E091 0000 		lds r30,gsm_get_byte
 110 005a F091 0000 		lds r31,gsm_get_byte+1
 111 005e 0995      		icall
 112               	.LVL9:
 113 0060 0196      		adiw r24,1
 114 0062 01F4      		brne .L11
 115               	.L8:
 116 0064 0895      		ret
 117               		.cfi_endproc
 118               	.LFE16:
 120               	.global	gsm_readline
 122               	gsm_readline:
 123               	.LFB17:
 112:gsm.c         **** }
 113:gsm.c         **** 
 114:gsm.c         **** // ---------------- Read line from GSM ----------------
 115:gsm.c         **** int gsm_readline(char *str, int length) {
 124               		.loc 1 115 0
 125               		.cfi_startproc
 126               	.LVL10:
 127 0066 EF92      		push r14
 128               	.LCFI2:
 129               		.cfi_def_cfa_offset 3
 130               		.cfi_offset 14, -2
 131 0068 FF92      		push r15
 132               	.LCFI3:
 133               		.cfi_def_cfa_offset 4
 134               		.cfi_offset 15, -3
 135 006a 0F93      		push r16
 136               	.LCFI4:
 137               		.cfi_def_cfa_offset 5
 138               		.cfi_offset 16, -4
 139 006c 1F93      		push r17
 140               	.LCFI5:
 141               		.cfi_def_cfa_offset 6
 142               		.cfi_offset 17, -5
 143 006e CF93      		push r28
 144               	.LCFI6:
 145               		.cfi_def_cfa_offset 7
 146               		.cfi_offset 28, -6
 147 0070 DF93      		push r29
 148               	.LCFI7:
 149               		.cfi_def_cfa_offset 8
 150               		.cfi_offset 29, -7
 151               	/* prologue: function */
 152               	/* frame size = 0 */
 153               	/* stack size = 6 */
 154               	.L__stack_usage = 6
 116:gsm.c         ****     if (!gsm_get_byte) return 0;
 155               		.loc 1 116 0
 156 0072 2091 0000 		lds r18,gsm_get_byte
 157 0076 3091 0000 		lds r19,gsm_get_byte+1
 158 007a 232B      		or r18,r19
 159 007c 01F0      		breq .L22
 160 007e 7B01      		movw r14,r22
 161 0080 8C01      		movw r16,r24
 162 0082 C0E0      		ldi r28,0
 163 0084 D0E0      		ldi r29,0
 117:gsm.c         **** 
 118:gsm.c         ****     int count = 0;
 119:gsm.c         ****     int c;
 120:gsm.c         ****     while ((c = gsm_get_byte()) != -1) {
 121:gsm.c         ****         if (c == '\r' || c == '\n') {
 122:gsm.c         ****             if (count > 0) break;
 123:gsm.c         ****             else continue;
 124:gsm.c         ****         }
 125:gsm.c         ****         if (count < length - 1) str[count++] = c;
 164               		.loc 1 125 0
 165 0086 21E0      		ldi r18,1
 166 0088 E21A      		sub r14,r18
 167 008a F108      		sbc r15,__zero_reg__
 168               	.LVL11:
 169               	.L15:
 120:gsm.c         ****         if (c == '\r' || c == '\n') {
 170               		.loc 1 120 0
 171 008c E091 0000 		lds r30,gsm_get_byte
 172 0090 F091 0000 		lds r31,gsm_get_byte+1
 173 0094 0995      		icall
 174               	.LVL12:
 175 0096 8F3F      		cpi r24,-1
 176 0098 2FEF      		ldi r18,-1
 177 009a 9207      		cpc r25,r18
 178 009c 01F0      		breq .L21
 121:gsm.c         ****             if (count > 0) break;
 179               		.loc 1 121 0
 180 009e 8D30      		cpi r24,13
 181 00a0 9105      		cpc r25,__zero_reg__
 182 00a2 01F0      		breq .L16
 121:gsm.c         ****             if (count > 0) break;
 183               		.loc 1 121 0 is_stmt 0 discriminator 1
 184 00a4 8A30      		cpi r24,10
 185 00a6 9105      		cpc r25,__zero_reg__
 186 00a8 01F4      		brne .L17
 187               	.L16:
 122:gsm.c         ****             else continue;
 188               		.loc 1 122 0 is_stmt 1
 189 00aa 1C16      		cp __zero_reg__,r28
 190 00ac 1D06      		cpc __zero_reg__,r29
 191 00ae 04F4      		brge .L15
 192               	.L21:
 126:gsm.c         ****     }
 127:gsm.c         ****     str[count] = 0;
 193               		.loc 1 127 0
 194 00b0 F801      		movw r30,r16
 195 00b2 EC0F      		add r30,r28
 196 00b4 FD1F      		adc r31,r29
 197 00b6 1082      		st Z,__zero_reg__
 128:gsm.c         ****     return count > 0;
 198               		.loc 1 128 0
 199 00b8 81E0      		ldi r24,lo8(1)
 200               	.LVL13:
 201 00ba 90E0      		ldi r25,0
 202 00bc 1C16      		cp __zero_reg__,r28
 203 00be 1D06      		cpc __zero_reg__,r29
 204 00c0 04F0      		brlt .L14
 205 00c2 80E0      		ldi r24,0
 206 00c4 00C0      		rjmp .L14
 207               	.LVL14:
 208               	.L17:
 125:gsm.c         ****     }
 209               		.loc 1 125 0
 210 00c6 CE15      		cp r28,r14
 211 00c8 DF05      		cpc r29,r15
 212 00ca 04F4      		brge .L15
 213               	.LVL15:
 125:gsm.c         ****     }
 214               		.loc 1 125 0 is_stmt 0 discriminator 1
 215 00cc F801      		movw r30,r16
 216 00ce EC0F      		add r30,r28
 217 00d0 FD1F      		adc r31,r29
 218 00d2 8083      		st Z,r24
 219 00d4 2196      		adiw r28,1
 220               	.LVL16:
 221 00d6 00C0      		rjmp .L15
 222               	.LVL17:
 223               	.L22:
 116:gsm.c         **** 
 224               		.loc 1 116 0 is_stmt 1
 225 00d8 80E0      		ldi r24,0
 226               	.LVL18:
 227 00da 90E0      		ldi r25,0
 228               	.LVL19:
 229               	.L14:
 230               	/* epilogue start */
 129:gsm.c         **** }
 231               		.loc 1 129 0
 232 00dc DF91      		pop r29
 233 00de CF91      		pop r28
 234 00e0 1F91      		pop r17
 235 00e2 0F91      		pop r16
 236 00e4 FF90      		pop r15
 237 00e6 EF90      		pop r14
 238 00e8 0895      		ret
 239               		.cfi_endproc
 240               	.LFE17:
 242               		.section	.rodata.str1.1,"aMS",@progbits,1
 243               	.LC0:
 244 0000 4E6F 2052 		.string	"No Resp"
 244      6573 7000 
 245               		.text
 246               	.global	gsm_command_response
 248               	gsm_command_response:
 249               	.LFB13:
  42:gsm.c         ****     char line[64];
 250               		.loc 1 42 0
 251               		.cfi_startproc
 252               	.LVL20:
 253 00ea CF92      		push r12
 254               	.LCFI8:
 255               		.cfi_def_cfa_offset 3
 256               		.cfi_offset 12, -2
 257 00ec DF92      		push r13
 258               	.LCFI9:
 259               		.cfi_def_cfa_offset 4
 260               		.cfi_offset 13, -3
 261 00ee EF92      		push r14
 262               	.LCFI10:
 263               		.cfi_def_cfa_offset 5
 264               		.cfi_offset 14, -4
 265 00f0 FF92      		push r15
 266               	.LCFI11:
 267               		.cfi_def_cfa_offset 6
 268               		.cfi_offset 15, -5
 269 00f2 0F93      		push r16
 270               	.LCFI12:
 271               		.cfi_def_cfa_offset 7
 272               		.cfi_offset 16, -6
 273 00f4 1F93      		push r17
 274               	.LCFI13:
 275               		.cfi_def_cfa_offset 8
 276               		.cfi_offset 17, -7
 277 00f6 CF93      		push r28
 278               	.LCFI14:
 279               		.cfi_def_cfa_offset 9
 280               		.cfi_offset 28, -8
 281 00f8 DF93      		push r29
 282               	.LCFI15:
 283               		.cfi_def_cfa_offset 10
 284               		.cfi_offset 29, -9
 285 00fa CDB7      		in r28,__SP_L__
 286 00fc DEB7      		in r29,__SP_H__
 287               	.LCFI16:
 288               		.cfi_def_cfa_register 28
 289 00fe C054      		subi r28,64
 290 0100 D109      		sbc r29,__zero_reg__
 291               	.LCFI17:
 292               		.cfi_def_cfa_offset 74
 293 0102 0FB6      		in __tmp_reg__,__SREG__
 294 0104 F894      		cli
 295 0106 DEBF      		out __SP_H__,r29
 296 0108 0FBE      		out __SREG__,__tmp_reg__
 297 010a CDBF      		out __SP_L__,r28
 298               	/* prologue: function */
 299               	/* frame size = 64 */
 300               	/* stack size = 72 */
 301               	.L__stack_usage = 72
 302 010c 6B01      		movw r12,r22
 303 010e 7A01      		movw r14,r20
 304               	.LVL21:
  46:gsm.c         **** 
 305               		.loc 1 46 0
 306 0110 0E94 0000 		call gsm_command
 307               	.LVL22:
  44:gsm.c         **** 
 308               		.loc 1 44 0
 309 0114 00E0      		ldi r16,0
 310 0116 10E0      		ldi r17,0
 311               	.LVL23:
 312               	.L27:
  48:gsm.c         ****         if (gsm_readline(line, sizeof(line))) {
 313               		.loc 1 48 0
 314 0118 0E15      		cp r16,r14
 315 011a 1F05      		cpc r17,r15
 316 011c 00F4      		brsh .L33
  49:gsm.c         ****             lcd_clear();
 317               		.loc 1 49 0
 318 011e 60E4      		ldi r22,lo8(64)
 319 0120 70E0      		ldi r23,0
 320 0122 CE01      		movw r24,r28
 321 0124 0196      		adiw r24,1
 322 0126 0E94 0000 		call gsm_readline
 323               	.LVL24:
 324 012a 892B      		or r24,r25
 325 012c 01F4      		brne .L28
 326               	.L30:
 327               	.LVL25:
 328               	.LBB28:
 329               	.LBB29:
 330               		.loc 2 187 0
 331 012e 2FE7      		ldi r18,lo8(79999)
 332 0130 88E3      		ldi r24,hi8(79999)
 333 0132 91E0      		ldi r25,hlo8(79999)
 334 0134 2150      	1:	subi r18,1
 335 0136 8040      		sbci r24,0
 336 0138 9040      		sbci r25,0
 337 013a 01F4      		brne 1b
 338 013c 00C0      		rjmp .
 339 013e 0000      		nop
 340               	.LVL26:
 341               	.LBE29:
 342               	.LBE28:
  55:gsm.c         ****     }
 343               		.loc 1 55 0
 344 0140 0E5C      		subi r16,-50
 345 0142 1F4F      		sbci r17,-1
 346               	.LVL27:
 347 0144 00C0      		rjmp .L27
 348               	.L28:
  50:gsm.c         ****             lcd_puts(line);  // debug on LCD
 349               		.loc 1 50 0
 350 0146 0E94 0000 		call lcd_clear
 351               	.LVL28:
  51:gsm.c         ****             if (strstr(line, expected)) return 1; // Expected response received
 352               		.loc 1 51 0
 353 014a CE01      		movw r24,r28
 354 014c 0196      		adiw r24,1
 355 014e 0E94 0000 		call lcd_puts
 356               	.LVL29:
  52:gsm.c         ****         }
 357               		.loc 1 52 0
 358 0152 B601      		movw r22,r12
 359 0154 CE01      		movw r24,r28
 360 0156 0196      		adiw r24,1
 361 0158 0E94 0000 		call strstr
 362               	.LVL30:
 363 015c 892B      		or r24,r25
 364 015e 01F0      		breq .L30
 365 0160 81E0      		ldi r24,lo8(1)
 366 0162 90E0      		ldi r25,0
 367 0164 00C0      		rjmp .L29
 368               	.L33:
 369               	.LVL31:
 370               	.LBB30:
 371               	.LBB31:
  58:gsm.c         ****     lcd_puts("No Resp");
 372               		.loc 1 58 0
 373 0166 0E94 0000 		call lcd_clear
 374               	.LVL32:
  59:gsm.c         ****     return 0; // timeout
 375               		.loc 1 59 0
 376 016a 80E0      		ldi r24,lo8(.LC0)
 377 016c 90E0      		ldi r25,hi8(.LC0)
 378 016e 0E94 0000 		call lcd_puts
 379               	.LVL33:
 380 0172 80E0      		ldi r24,0
 381 0174 90E0      		ldi r25,0
 382               	.L29:
 383               	/* epilogue start */
 384               	.LBE31:
 385               	.LBE30:
  61:gsm.c         **** 
 386               		.loc 1 61 0
 387 0176 C05C      		subi r28,-64
 388 0178 DF4F      		sbci r29,-1
 389 017a 0FB6      		in __tmp_reg__,__SREG__
 390 017c F894      		cli
 391 017e DEBF      		out __SP_H__,r29
 392 0180 0FBE      		out __SREG__,__tmp_reg__
 393 0182 CDBF      		out __SP_L__,r28
 394 0184 DF91      		pop r29
 395 0186 CF91      		pop r28
 396 0188 1F91      		pop r17
 397 018a 0F91      		pop r16
 398               	.LVL34:
 399 018c FF90      		pop r15
 400 018e EF90      		pop r14
 401               	.LVL35:
 402 0190 DF90      		pop r13
 403 0192 CF90      		pop r12
 404               	.LVL36:
 405 0194 0895      		ret
 406               		.cfi_endproc
 407               	.LFE13:
 409               		.section	.rodata.str1.1
 410               	.LC1:
 411 0008 4F4B 00   		.string	"OK"
 412               	.LC2:
 413 000b 4154 2B43 		.string	"AT+CMGF=1"
 413      4D47 463D 
 413      3100 
 414               		.text
 415               	.global	gsm_text_sms
 417               	gsm_text_sms:
 418               	.LFB14:
  64:gsm.c         ****     gsm_command_response("AT+CMGF=1", "OK", 2000);
 419               		.loc 1 64 0
 420               		.cfi_startproc
 421               	/* prologue: function */
 422               	/* frame size = 0 */
 423               	/* stack size = 0 */
 424               	.L__stack_usage = 0
  65:gsm.c         **** }
 425               		.loc 1 65 0
 426 0196 40ED      		ldi r20,lo8(-48)
 427 0198 57E0      		ldi r21,lo8(7)
 428 019a 60E0      		ldi r22,lo8(.LC1)
 429 019c 70E0      		ldi r23,hi8(.LC1)
 430 019e 80E0      		ldi r24,lo8(.LC2)
 431 01a0 90E0      		ldi r25,hi8(.LC2)
 432 01a2 0C94 0000 		jmp gsm_command_response
 433               	.LVL37:
 434               		.cfi_endproc
 435               	.LFE14:
 437               		.section	.rodata.str1.1
 438               	.LC3:
 439 0015 4753 4D20 		.string	"GSM Init..."
 439      496E 6974 
 439      2E2E 2E00 
 440               	.LC4:
 441 0021 4154 00   		.string	"AT"
 442               	.LC5:
 443 0024 4154 204F 		.string	"AT OK"
 443      4B00 
 444               	.LC6:
 445 002a 4154 2046 		.string	"AT Fail"
 445      6169 6C00 
 446               	.LC7:
 447 0032 4154 4530 		.string	"ATE0"
 447      00
 448               		.text
 449               	.global	gsm_init
 451               	gsm_init:
 452               	.LFB11:
   8:gsm.c         ****     gsm_send_byte = sendByte_func;
 453               		.loc 1 8 0
 454               		.cfi_startproc
 455               	.LVL38:
 456               	/* prologue: function */
 457               	/* frame size = 0 */
 458               	/* stack size = 0 */
 459               	.L__stack_usage = 0
   9:gsm.c         ****     gsm_get_byte = getByte_func;
 460               		.loc 1 9 0
 461 01a6 9093 0000 		sts gsm_send_byte+1,r25
 462 01aa 8093 0000 		sts gsm_send_byte,r24
  10:gsm.c         **** 
 463               		.loc 1 10 0
 464 01ae 7093 0000 		sts gsm_get_byte+1,r23
 465 01b2 6093 0000 		sts gsm_get_byte,r22
  12:gsm.c         ****     lcd_puts("GSM Init...");
 466               		.loc 1 12 0
 467 01b6 0E94 0000 		call lcd_clear
 468               	.LVL39:
  13:gsm.c         ****     _delay_ms(500);
 469               		.loc 1 13 0
 470 01ba 80E0      		ldi r24,lo8(.LC3)
 471 01bc 90E0      		ldi r25,hi8(.LC3)
 472 01be 0E94 0000 		call lcd_puts
 473               	.LVL40:
 474               	.LBB32:
 475               	.LBB33:
 476               		.loc 2 187 0
 477 01c2 2FEF      		ldi r18,lo8(799999)
 478 01c4 84E3      		ldi r24,hi8(799999)
 479 01c6 9CE0      		ldi r25,hlo8(799999)
 480 01c8 2150      	1:	subi r18,1
 481 01ca 8040      		sbci r24,0
 482 01cc 9040      		sbci r25,0
 483 01ce 01F4      		brne 1b
 484 01d0 00C0      		rjmp .
 485 01d2 0000      		nop
 486               	.LVL41:
 487               	.LBE33:
 488               	.LBE32:
 489               	.LBB34:
  17:gsm.c         ****         lcd_puts("AT OK");
 490               		.loc 1 17 0
 491 01d4 40ED      		ldi r20,lo8(-48)
 492 01d6 57E0      		ldi r21,lo8(7)
 493 01d8 60E0      		ldi r22,lo8(.LC1)
 494 01da 70E0      		ldi r23,hi8(.LC1)
 495 01dc 80E0      		ldi r24,lo8(.LC4)
 496 01de 90E0      		ldi r25,hi8(.LC4)
 497 01e0 0E94 0000 		call gsm_command_response
 498               	.LVL42:
 499 01e4 892B      		or r24,r25
 500 01e6 01F0      		breq .L36
  18:gsm.c         ****     else
 501               		.loc 1 18 0
 502 01e8 80E0      		ldi r24,lo8(.LC5)
 503 01ea 90E0      		ldi r25,hi8(.LC5)
 504 01ec 00C0      		rjmp .L38
 505               	.L36:
  20:gsm.c         ****     _delay_ms(1000);
 506               		.loc 1 20 0
 507 01ee 80E0      		ldi r24,lo8(.LC6)
 508 01f0 90E0      		ldi r25,hi8(.LC6)
 509               	.L38:
 510 01f2 0E94 0000 		call lcd_puts
 511               	.LVL43:
 512               	.LBE34:
 513               	.LBB35:
 514               	.LBB36:
 515               		.loc 2 187 0
 516 01f6 2FEF      		ldi r18,lo8(1599999)
 517 01f8 89E6      		ldi r24,hi8(1599999)
 518 01fa 98E1      		ldi r25,hlo8(1599999)
 519 01fc 2150      	1:	subi r18,1
 520 01fe 8040      		sbci r24,0
 521 0200 9040      		sbci r25,0
 522 0202 01F4      		brne 1b
 523 0204 00C0      		rjmp .
 524 0206 0000      		nop
 525               	.LVL44:
 526               	.LBE36:
 527               	.LBE35:
  24:gsm.c         **** 
 528               		.loc 1 24 0
 529 0208 40ED      		ldi r20,lo8(-48)
 530 020a 57E0      		ldi r21,lo8(7)
 531 020c 60E0      		ldi r22,lo8(.LC1)
 532 020e 70E0      		ldi r23,hi8(.LC1)
 533 0210 80E0      		ldi r24,lo8(.LC7)
 534 0212 90E0      		ldi r25,hi8(.LC7)
 535 0214 0E94 0000 		call gsm_command_response
 536               	.LVL45:
  27:gsm.c         **** }
 537               		.loc 1 27 0
 538 0218 0C94 0000 		jmp gsm_text_sms
 539               	.LVL46:
 540               		.cfi_endproc
 541               	.LFE11:
 543               		.section	.rodata.str1.1
 544               	.LC8:
 545 0037 4154 2B43 		.string	"AT+CMGS=\"%s\""
 545      4D47 533D 
 545      2225 7322 
 545      00
 546               	.LC9:
 547 0044 534D 5320 		.string	"SMS Fail"
 547      4661 696C 
 547      00
 548               		.text
 549               	.global	gsm_send_sms
 551               	gsm_send_sms:
 552               	.LFB15:
  69:gsm.c         ****     char line[64];
 553               		.loc 1 69 0
 554               		.cfi_startproc
 555               	.LVL47:
 556 021c EF92      		push r14
 557               	.LCFI18:
 558               		.cfi_def_cfa_offset 3
 559               		.cfi_offset 14, -2
 560 021e FF92      		push r15
 561               	.LCFI19:
 562               		.cfi_def_cfa_offset 4
 563               		.cfi_offset 15, -3
 564 0220 0F93      		push r16
 565               	.LCFI20:
 566               		.cfi_def_cfa_offset 5
 567               		.cfi_offset 16, -4
 568 0222 1F93      		push r17
 569               	.LCFI21:
 570               		.cfi_def_cfa_offset 6
 571               		.cfi_offset 17, -5
 572 0224 CF93      		push r28
 573               	.LCFI22:
 574               		.cfi_def_cfa_offset 7
 575               		.cfi_offset 28, -6
 576 0226 DF93      		push r29
 577               	.LCFI23:
 578               		.cfi_def_cfa_offset 8
 579               		.cfi_offset 29, -7
 580 0228 CDB7      		in r28,__SP_L__
 581 022a DEB7      		in r29,__SP_H__
 582               	.LCFI24:
 583               		.cfi_def_cfa_register 28
 584 022c C056      		subi r28,96
 585 022e D109      		sbc r29,__zero_reg__
 586               	.LCFI25:
 587               		.cfi_def_cfa_offset 104
 588 0230 0FB6      		in __tmp_reg__,__SREG__
 589 0232 F894      		cli
 590 0234 DEBF      		out __SP_H__,r29
 591 0236 0FBE      		out __SREG__,__tmp_reg__
 592 0238 CDBF      		out __SP_L__,r28
 593               	/* prologue: function */
 594               	/* frame size = 96 */
 595               	/* stack size = 102 */
 596               	.L__stack_usage = 102
 597 023a F62E      		mov r15,r22
 598 023c E72E      		mov r14,r23
  74:gsm.c         ****     gsm_command(buf);
 599               		.loc 1 74 0
 600 023e 9F93      		push r25
 601 0240 8F93      		push r24
 602 0242 80E0      		ldi r24,lo8(.LC8)
 603 0244 90E0      		ldi r25,hi8(.LC8)
 604               	.LVL48:
 605 0246 9F93      		push r25
 606 0248 8F93      		push r24
 607 024a 1F92      		push __zero_reg__
 608 024c 80E2      		ldi r24,lo8(32)
 609 024e 8F93      		push r24
 610 0250 8E01      		movw r16,r28
 611 0252 0F5B      		subi r16,-65
 612 0254 1F4F      		sbci r17,-1
 613 0256 1F93      		push r17
 614 0258 0F93      		push r16
 615 025a 0E94 0000 		call snprintf
 616               	.LVL49:
  75:gsm.c         **** 
 617               		.loc 1 75 0
 618 025e C801      		movw r24,r16
 619 0260 0E94 0000 		call gsm_command
 620               	.LVL50:
 621 0264 0FB6      		in __tmp_reg__,__SREG__
 622 0266 F894      		cli
 623 0268 DEBF      		out __SP_H__,r29
 624 026a 0FBE      		out __SREG__,__tmp_reg__
 625 026c CDBF      		out __SP_L__,r28
 626 026e 04E6      		ldi r16,lo8(100)
 627 0270 10E0      		ldi r17,0
 628               	.LVL51:
 629               	.L42:
  80:gsm.c         ****             lcd_clear();
 630               		.loc 1 80 0
 631 0272 60E4      		ldi r22,lo8(64)
 632 0274 70E0      		ldi r23,0
 633 0276 CE01      		movw r24,r28
 634 0278 0196      		adiw r24,1
 635 027a 0E94 0000 		call gsm_readline
 636               	.LVL52:
 637 027e 892B      		or r24,r25
 638 0280 01F0      		breq .L40
  81:gsm.c         ****             lcd_puts(line);
 639               		.loc 1 81 0
 640 0282 0E94 0000 		call lcd_clear
 641               	.LVL53:
  82:gsm.c         ****             if (strchr(line, '>')) break; // Ready to accept message
 642               		.loc 1 82 0
 643 0286 CE01      		movw r24,r28
 644 0288 0196      		adiw r24,1
 645 028a 0E94 0000 		call lcd_puts
 646               	.LVL54:
  83:gsm.c         ****         }
 647               		.loc 1 83 0
 648 028e 6EE3      		ldi r22,lo8(62)
 649 0290 70E0      		ldi r23,0
 650 0292 CE01      		movw r24,r28
 651 0294 0196      		adiw r24,1
 652 0296 0E94 0000 		call strchr
 653               	.LVL55:
 654 029a 892B      		or r24,r25
 655 029c 01F0      		breq .L40
 656               	.LVL56:
 657               	.L43:
 658 029e 0F2D      		mov r16,r15
 659 02a0 1E2D      		mov r17,r14
 660 02a2 00C0      		rjmp .L41
 661               	.LVL57:
 662               	.L40:
 663               	.LBB37:
 664               	.LBB38:
 665               		.loc 2 187 0
 666 02a4 9FE7      		ldi r25,lo8(79999)
 667 02a6 E8E3      		ldi r30,hi8(79999)
 668 02a8 F1E0      		ldi r31,hlo8(79999)
 669 02aa 9150      	1:	subi r25,1
 670 02ac E040      		sbci r30,0
 671 02ae F040      		sbci r31,0
 672 02b0 01F4      		brne 1b
 673 02b2 00C0      		rjmp .
 674 02b4 0000      		nop
 675               	.LVL58:
 676 02b6 0150      		subi r16,1
 677 02b8 1109      		sbc r17,__zero_reg__
 678               	.LVL59:
 679               	.LBE38:
 680               	.LBE37:
  79:gsm.c         ****         if (gsm_readline(line, sizeof(line))) {
 681               		.loc 1 79 0
 682 02ba 01F4      		brne .L42
 683 02bc 00C0      		rjmp .L43
 684               	.LVL60:
 685               	.L41:
 686               	.LBB39:
  90:gsm.c         ****         gsm_send_byte(text[i]);
 687               		.loc 1 90 0 discriminator 1
 688 02be F801      		movw r30,r16
 689 02c0 8191      		ld r24,Z+
 690 02c2 8F01      		movw r16,r30
 691               	.LVL61:
 692 02c4 E091 0000 		lds r30,gsm_send_byte
 693 02c8 F091 0000 		lds r31,gsm_send_byte+1
 694 02cc 8823      		tst r24
 695 02ce 01F0      		breq .L58
  91:gsm.c         **** 
 696               		.loc 1 91 0 discriminator 3
 697 02d0 0995      		icall
 698               	.LVL62:
 699 02d2 00C0      		rjmp .L41
 700               	.LVL63:
 701               	.L58:
 702               	.LBE39:
  93:gsm.c         ****     _delay_ms(5000);
 703               		.loc 1 93 0
 704 02d4 8AE1      		ldi r24,lo8(26)
 705 02d6 0995      		icall
 706               	.LVL64:
 707               	.LBB40:
 708               	.LBB41:
 709               		.loc 2 187 0
 710 02d8 FFEF      		ldi r31,lo8(7999999)
 711 02da 21E1      		ldi r18,hi8(7999999)
 712 02dc 8AE7      		ldi r24,hlo8(7999999)
 713 02de F150      	1:	subi r31,1
 714 02e0 2040      		sbci r18,0
 715 02e2 8040      		sbci r24,0
 716 02e4 01F4      		brne 1b
 717 02e6 00C0      		rjmp .
 718 02e8 0000      		nop
 719               	.LVL65:
 720               	.LBE41:
 721               	.LBE40:
  97:gsm.c         ****         lcd_clear();
 722               		.loc 1 97 0
 723 02ea 60E4      		ldi r22,lo8(64)
 724 02ec 70E0      		ldi r23,0
 725 02ee CE01      		movw r24,r28
 726 02f0 0196      		adiw r24,1
 727 02f2 0E94 0000 		call gsm_readline
 728               	.LVL66:
 729 02f6 892B      		or r24,r25
 730 02f8 01F4      		brne .L45
 731               	.L47:
 103:gsm.c         ****     lcd_puts("SMS Fail");
 732               		.loc 1 103 0
 733 02fa 0E94 0000 		call lcd_clear
 734               	.LVL67:
 104:gsm.c         ****     return 0;
 735               		.loc 1 104 0
 736 02fe 80E0      		ldi r24,lo8(.LC9)
 737 0300 90E0      		ldi r25,hi8(.LC9)
 738 0302 0E94 0000 		call lcd_puts
 739               	.LVL68:
 105:gsm.c         **** }
 740               		.loc 1 105 0
 741 0306 80E0      		ldi r24,0
 742 0308 90E0      		ldi r25,0
 743 030a 00C0      		rjmp .L46
 744               	.L45:
  98:gsm.c         ****         lcd_puts(line);
 745               		.loc 1 98 0
 746 030c 0E94 0000 		call lcd_clear
 747               	.LVL69:
  99:gsm.c         ****         if (strstr(line, "OK")) return 1; // SMS sent successfully
 748               		.loc 1 99 0
 749 0310 CE01      		movw r24,r28
 750 0312 0196      		adiw r24,1
 751 0314 0E94 0000 		call lcd_puts
 752               	.LVL70:
 100:gsm.c         ****     }
 753               		.loc 1 100 0
 754 0318 60E0      		ldi r22,lo8(.LC1)
 755 031a 70E0      		ldi r23,hi8(.LC1)
 756 031c CE01      		movw r24,r28
 757 031e 0196      		adiw r24,1
 758 0320 0E94 0000 		call strstr
 759               	.LVL71:
 760 0324 892B      		or r24,r25
 761 0326 01F0      		breq .L47
 762 0328 81E0      		ldi r24,lo8(1)
 763 032a 90E0      		ldi r25,0
 764               	.L46:
 765               	/* epilogue start */
 106:gsm.c         **** 
 766               		.loc 1 106 0
 767 032c C05A      		subi r28,-96
 768 032e DF4F      		sbci r29,-1
 769 0330 0FB6      		in __tmp_reg__,__SREG__
 770 0332 F894      		cli
 771 0334 DEBF      		out __SP_H__,r29
 772 0336 0FBE      		out __SREG__,__tmp_reg__
 773 0338 CDBF      		out __SP_L__,r28
 774 033a DF91      		pop r29
 775 033c CF91      		pop r28
 776 033e 1F91      		pop r17
 777 0340 0F91      		pop r16
 778               	.LVL72:
 779 0342 FF90      		pop r15
 780 0344 EF90      		pop r14
 781 0346 0895      		ret
 782               		.cfi_endproc
 783               	.LFE15:
 785               		.local	gsm_get_byte
 786               		.comm	gsm_get_byte,2,1
 787               		.local	gsm_send_byte
 788               		.comm	gsm_send_byte,2,1
 789               	.Letext0:
 790               		.file 3 "/usr/lib/avr/include/stdint.h"
 791               		.file 4 "lcd.h"
 792               		.file 5 "/usr/lib/avr/include/string.h"
 793               		.file 6 "/usr/lib/avr/include/stdio.h"
DEFINED SYMBOLS
                            *ABS*:0000000000000000 gsm.c
     /tmp/ccd9tFaU.s:2      *ABS*:000000000000003e __SP_H__
     /tmp/ccd9tFaU.s:3      *ABS*:000000000000003d __SP_L__
     /tmp/ccd9tFaU.s:4      *ABS*:000000000000003f __SREG__
     /tmp/ccd9tFaU.s:5      *ABS*:0000000000000000 __tmp_reg__
     /tmp/ccd9tFaU.s:6      *ABS*:0000000000000001 __zero_reg__
     /tmp/ccd9tFaU.s:12     .text:0000000000000000 gsm_command
     /tmp/ccd9tFaU.s:786    .bss:0000000000000002 gsm_send_byte
     /tmp/ccd9tFaU.s:94     .text:000000000000004a gsm_flush_buffer
                             .bss:0000000000000000 gsm_get_byte
     /tmp/ccd9tFaU.s:122    .text:0000000000000066 gsm_readline
     /tmp/ccd9tFaU.s:248    .text:00000000000000ea gsm_command_response
     /tmp/ccd9tFaU.s:417    .text:0000000000000196 gsm_text_sms
     /tmp/ccd9tFaU.s:451    .text:00000000000001a6 gsm_init
     /tmp/ccd9tFaU.s:551    .text:000000000000021c gsm_send_sms

UNDEFINED SYMBOLS
lcd_clear
lcd_puts
strstr
snprintf
strchr
__do_copy_data
__do_clear_bss
