   1               		.file	"rtc.c"
   2               	__SP_H__ = 0x3e
   3               	__SP_L__ = 0x3d
   4               	__SREG__ = 0x3f
   5               	__tmp_reg__ = 0
   6               	__zero_reg__ = 1
   7               		.text
   8               	.Ltext0:
   9               		.cfi_sections	.debug_frame
  10               	.global	ds1302_init
  12               	ds1302_init:
  13               	.LFB6:
  14               		.file 1 "rtc.c"
   1:rtc.c         **** #define F_CPU 8000000UL
   2:rtc.c         **** #include <avr/io.h>
   3:rtc.c         **** #include <util/delay.h>
   4:rtc.c         **** #include "lcd.h"
   5:rtc.c         **** 
   6:rtc.c         **** // -------------------- DS1302 PIN DEFINITIONS --------------------
   7:rtc.c         **** #define DS1302_PORT PORTD
   8:rtc.c         **** #define DS1302_DDR  DDRD
   9:rtc.c         **** #define DS1302_PIN  PIND
  10:rtc.c         **** 
  11:rtc.c         **** #define DS1302_CLK  PD2
  12:rtc.c         **** #define DS1302_IO   PD3
  13:rtc.c         **** #define DS1302_CE   PD6
  14:rtc.c         **** 
  15:rtc.c         **** // -------------------- DS1302 LOW-LEVEL FUNCTIONS --------------------
  16:rtc.c         **** void ds1302_init(void) {
  15               		.loc 1 16 0
  16               		.cfi_startproc
  17               	/* prologue: function */
  18               	/* frame size = 0 */
  19               	/* stack size = 0 */
  20               	.L__stack_usage = 0
  17:rtc.c         ****     DS1302_DDR |= (1 << DS1302_CLK) | (1 << DS1302_CE); // CLK & CE as output
  21               		.loc 1 17 0
  22 0000 8AB1      		in r24,0xa
  23 0002 8464      		ori r24,lo8(68)
  24 0004 8AB9      		out 0xa,r24
  18:rtc.c         ****     DS1302_DDR |= (1 << DS1302_IO);  // Initially set IO as output
  25               		.loc 1 18 0
  26 0006 539A      		sbi 0xa,3
  19:rtc.c         ****     DS1302_PORT &= ~(1 << DS1302_CLK); // CLK low
  27               		.loc 1 19 0
  28 0008 5A98      		cbi 0xb,2
  20:rtc.c         ****     DS1302_PORT &= ~(1 << DS1302_CE);  // CE low
  29               		.loc 1 20 0
  30 000a 5E98      		cbi 0xb,6
  31 000c 0895      		ret
  32               		.cfi_endproc
  33               	.LFE6:
  35               	.global	ds1302_start
  37               	ds1302_start:
  38               	.LFB7:
  21:rtc.c         **** }
  22:rtc.c         **** 
  23:rtc.c         **** void ds1302_start(void) {
  39               		.loc 1 23 0
  40               		.cfi_startproc
  41               	/* prologue: function */
  42               	/* frame size = 0 */
  43               	/* stack size = 0 */
  44               	.L__stack_usage = 0
  24:rtc.c         ****     DS1302_PORT |= (1 << DS1302_CE);  // CE high
  45               		.loc 1 24 0
  46 000e 5E9A      		sbi 0xb,6
  47               	.LVL0:
  48               	.LBB18:
  49               	.LBB19:
  50               		.file 2 "/usr/lib/avr/include/util/delay.h"
   1:/usr/lib/avr/include/util/delay.h **** /* Copyright (c) 2002, Marek Michalkiewicz
   2:/usr/lib/avr/include/util/delay.h ****    Copyright (c) 2004,2005,2007 Joerg Wunsch
   3:/usr/lib/avr/include/util/delay.h ****    Copyright (c) 2007  Florin-Viorel Petrov
   4:/usr/lib/avr/include/util/delay.h ****    All rights reserved.
   5:/usr/lib/avr/include/util/delay.h **** 
   6:/usr/lib/avr/include/util/delay.h ****    Redistribution and use in source and binary forms, with or without
   7:/usr/lib/avr/include/util/delay.h ****    modification, are permitted provided that the following conditions are met:
   8:/usr/lib/avr/include/util/delay.h **** 
   9:/usr/lib/avr/include/util/delay.h ****    * Redistributions of source code must retain the above copyright
  10:/usr/lib/avr/include/util/delay.h ****      notice, this list of conditions and the following disclaimer.
  11:/usr/lib/avr/include/util/delay.h **** 
  12:/usr/lib/avr/include/util/delay.h ****    * Redistributions in binary form must reproduce the above copyright
  13:/usr/lib/avr/include/util/delay.h ****      notice, this list of conditions and the following disclaimer in
  14:/usr/lib/avr/include/util/delay.h ****      the documentation and/or other materials provided with the
  15:/usr/lib/avr/include/util/delay.h ****      distribution.
  16:/usr/lib/avr/include/util/delay.h **** 
  17:/usr/lib/avr/include/util/delay.h ****    * Neither the name of the copyright holders nor the names of
  18:/usr/lib/avr/include/util/delay.h ****      contributors may be used to endorse or promote products derived
  19:/usr/lib/avr/include/util/delay.h ****      from this software without specific prior written permission.
  20:/usr/lib/avr/include/util/delay.h **** 
  21:/usr/lib/avr/include/util/delay.h ****   THIS SOFTWARE IS PROVIDED BY THE COPYRIGHT HOLDERS AND CONTRIBUTORS "AS IS"
  22:/usr/lib/avr/include/util/delay.h ****   AND ANY EXPRESS OR IMPLIED WARRANTIES, INCLUDING, BUT NOT LIMITED TO, THE
  23:/usr/lib/avr/include/util/delay.h ****   IMPLIED WARRANTIES OF MERCHANTABILITY AND FITNESS FOR A PARTICULAR PURPOSE
  24:/usr/lib/avr/include/util/delay.h ****   ARE DISCLAIMED. IN NO EVENT SHALL THE COPYRIGHT OWNER OR CONTRIBUTORS BE
  25:/usr/lib/avr/include/util/delay.h ****   LIABLE FOR ANY DIRECT, INDIRECT, INCIDENTAL, SPECIAL, EXEMPLARY, OR
  26:/usr/lib/avr/include/util/delay.h ****   CONSEQUENTIAL DAMAGES (INCLUDING, BUT NOT LIMITED TO, PROCUREMENT OF
  27:/usr/lib/avr/include/util/delay.h ****   SUBSTITUTE GOODS OR SERVICES; LOSS OF USE, DATA, OR PROFITS; OR BUSINESS
  28:/usr/lib/avr/include/util/delay.h ****   INTERRUPTION) HOWEVER CAUSED AND ON ANY THEORY OF LIABILITY, WHETHER IN
  29:/usr/lib/avr/include/util/delay.h ****   CONTRACT, STRICT LIABILITY, OR TORT (INCLUDING NEGLIGENCE OR OTHERWISE)
  30:/usr/lib/avr/include/util/delay.h ****   ARISING IN ANY WAY OUT OF THE USE OF THIS SOFTWARE, EVEN IF ADVISED OF THE
  31:/usr/lib/avr/include/util/delay.h ****   POSSIBILITY OF SUCH DAMAGE. */
  32:/usr/lib/avr/include/util/delay.h **** 
  33:/usr/lib/avr/include/util/delay.h **** /* $Id$ */
  34:/usr/lib/avr/include/util/delay.h **** 
  35:/usr/lib/avr/include/util/delay.h **** #ifndef _UTIL_DELAY_H_
  36:/usr/lib/avr/include/util/delay.h **** #define _UTIL_DELAY_H_ 1
  37:/usr/lib/avr/include/util/delay.h **** 
  38:/usr/lib/avr/include/util/delay.h **** #ifndef __DOXYGEN__
  39:/usr/lib/avr/include/util/delay.h **** #  ifndef __HAS_DELAY_CYCLES
  40:/usr/lib/avr/include/util/delay.h **** #    define __HAS_DELAY_CYCLES 1
  41:/usr/lib/avr/include/util/delay.h **** #  endif
  42:/usr/lib/avr/include/util/delay.h **** #endif  /* __DOXYGEN__ */
  43:/usr/lib/avr/include/util/delay.h **** 
  44:/usr/lib/avr/include/util/delay.h **** #include <inttypes.h>
  45:/usr/lib/avr/include/util/delay.h **** #include <util/delay_basic.h>
  46:/usr/lib/avr/include/util/delay.h **** #include <math.h>
  47:/usr/lib/avr/include/util/delay.h **** 
  48:/usr/lib/avr/include/util/delay.h **** /** \file */
  49:/usr/lib/avr/include/util/delay.h **** /** \defgroup util_delay <util/delay.h>: Convenience functions for busy-wait delay loops
  50:/usr/lib/avr/include/util/delay.h ****     \code
  51:/usr/lib/avr/include/util/delay.h ****     #define F_CPU 1000000UL  // 1 MHz
  52:/usr/lib/avr/include/util/delay.h ****     //#define F_CPU 14.7456E6
  53:/usr/lib/avr/include/util/delay.h ****     #include <util/delay.h>
  54:/usr/lib/avr/include/util/delay.h ****     \endcode
  55:/usr/lib/avr/include/util/delay.h **** 
  56:/usr/lib/avr/include/util/delay.h ****     \note As an alternative method, it is possible to pass the
  57:/usr/lib/avr/include/util/delay.h ****     F_CPU macro down to the compiler from the Makefile.
  58:/usr/lib/avr/include/util/delay.h ****     Obviously, in that case, no \c \#define statement should be
  59:/usr/lib/avr/include/util/delay.h ****     used.
  60:/usr/lib/avr/include/util/delay.h **** 
  61:/usr/lib/avr/include/util/delay.h ****     The functions in this header file are wrappers around the basic
  62:/usr/lib/avr/include/util/delay.h ****     busy-wait functions from <util/delay_basic.h>.  They are meant as
  63:/usr/lib/avr/include/util/delay.h ****     convenience functions where actual time values can be specified
  64:/usr/lib/avr/include/util/delay.h ****     rather than a number of cycles to wait for.  The idea behind is
  65:/usr/lib/avr/include/util/delay.h ****     that compile-time constant expressions will be eliminated by
  66:/usr/lib/avr/include/util/delay.h ****     compiler optimization so floating-point expressions can be used
  67:/usr/lib/avr/include/util/delay.h ****     to calculate the number of delay cycles needed based on the CPU
  68:/usr/lib/avr/include/util/delay.h ****     frequency passed by the macro F_CPU.
  69:/usr/lib/avr/include/util/delay.h **** 
  70:/usr/lib/avr/include/util/delay.h ****     \note In order for these functions to work as intended, compiler
  71:/usr/lib/avr/include/util/delay.h ****     optimizations <em>must</em> be enabled, and the delay time
  72:/usr/lib/avr/include/util/delay.h ****     <em>must</em> be an expression that is a known constant at
  73:/usr/lib/avr/include/util/delay.h ****     compile-time.  If these requirements are not met, the resulting
  74:/usr/lib/avr/include/util/delay.h ****     delay will be much longer (and basically unpredictable), and
  75:/usr/lib/avr/include/util/delay.h ****     applications that otherwise do not use floating-point calculations
  76:/usr/lib/avr/include/util/delay.h ****     will experience severe code bloat by the floating-point library
  77:/usr/lib/avr/include/util/delay.h ****     routines linked into the application.
  78:/usr/lib/avr/include/util/delay.h **** 
  79:/usr/lib/avr/include/util/delay.h ****     The functions available allow the specification of microsecond, and
  80:/usr/lib/avr/include/util/delay.h ****     millisecond delays directly, using the application-supplied macro
  81:/usr/lib/avr/include/util/delay.h ****     F_CPU as the CPU clock frequency (in Hertz).
  82:/usr/lib/avr/include/util/delay.h **** 
  83:/usr/lib/avr/include/util/delay.h **** */
  84:/usr/lib/avr/include/util/delay.h **** 
  85:/usr/lib/avr/include/util/delay.h **** #if !defined(__DOXYGEN__)
  86:/usr/lib/avr/include/util/delay.h **** static __inline__ void _delay_us(double __us) __attribute__((__always_inline__));
  87:/usr/lib/avr/include/util/delay.h **** static __inline__ void _delay_ms(double __ms) __attribute__((__always_inline__));
  88:/usr/lib/avr/include/util/delay.h **** #endif
  89:/usr/lib/avr/include/util/delay.h **** 
  90:/usr/lib/avr/include/util/delay.h **** #ifndef F_CPU
  91:/usr/lib/avr/include/util/delay.h **** /* prevent compiler error by supplying a default */
  92:/usr/lib/avr/include/util/delay.h **** # warning "F_CPU not defined for <util/delay.h>"
  93:/usr/lib/avr/include/util/delay.h **** /** \ingroup util_delay
  94:/usr/lib/avr/include/util/delay.h ****     \def F_CPU
  95:/usr/lib/avr/include/util/delay.h ****     \brief CPU frequency in Hz
  96:/usr/lib/avr/include/util/delay.h **** 
  97:/usr/lib/avr/include/util/delay.h ****     The macro F_CPU specifies the CPU frequency to be considered by
  98:/usr/lib/avr/include/util/delay.h ****     the delay macros.  This macro is normally supplied by the
  99:/usr/lib/avr/include/util/delay.h ****     environment (e.g. from within a project header, or the project's
 100:/usr/lib/avr/include/util/delay.h ****     Makefile).  The value 1 MHz here is only provided as a "vanilla"
 101:/usr/lib/avr/include/util/delay.h ****     fallback if no such user-provided definition could be found.
 102:/usr/lib/avr/include/util/delay.h **** 
 103:/usr/lib/avr/include/util/delay.h ****     In terms of the delay functions, the CPU frequency can be given as
 104:/usr/lib/avr/include/util/delay.h ****     a floating-point constant (e.g. 3.6864E6 for 3.6864 MHz).
 105:/usr/lib/avr/include/util/delay.h ****     However, the macros in <util/setbaud.h> require it to be an
 106:/usr/lib/avr/include/util/delay.h ****     integer value.
 107:/usr/lib/avr/include/util/delay.h ****  */
 108:/usr/lib/avr/include/util/delay.h **** # define F_CPU 1000000UL
 109:/usr/lib/avr/include/util/delay.h **** #endif
 110:/usr/lib/avr/include/util/delay.h **** 
 111:/usr/lib/avr/include/util/delay.h **** #ifndef __OPTIMIZE__
 112:/usr/lib/avr/include/util/delay.h **** # warning "Compiler optimizations disabled; functions from <util/delay.h> won't work as designed"
 113:/usr/lib/avr/include/util/delay.h **** #endif
 114:/usr/lib/avr/include/util/delay.h **** 
 115:/usr/lib/avr/include/util/delay.h **** #if __HAS_DELAY_CYCLES && defined(__OPTIMIZE__) && \
 116:/usr/lib/avr/include/util/delay.h ****   !defined(__DELAY_BACKWARD_COMPATIBLE__) &&	   \
 117:/usr/lib/avr/include/util/delay.h ****   __STDC_HOSTED__
 118:/usr/lib/avr/include/util/delay.h **** #  include <math.h>
 119:/usr/lib/avr/include/util/delay.h **** #endif
 120:/usr/lib/avr/include/util/delay.h **** 
 121:/usr/lib/avr/include/util/delay.h **** /**
 122:/usr/lib/avr/include/util/delay.h ****    \ingroup util_delay
 123:/usr/lib/avr/include/util/delay.h **** 
 124:/usr/lib/avr/include/util/delay.h ****    Perform a delay of \c __ms milliseconds, using _delay_loop_2().
 125:/usr/lib/avr/include/util/delay.h **** 
 126:/usr/lib/avr/include/util/delay.h ****    The macro F_CPU is supposed to be defined to a
 127:/usr/lib/avr/include/util/delay.h ****    constant defining the CPU clock frequency (in Hertz).
 128:/usr/lib/avr/include/util/delay.h **** 
 129:/usr/lib/avr/include/util/delay.h ****    The maximal possible delay is 262.14 ms / F_CPU in MHz.
 130:/usr/lib/avr/include/util/delay.h **** 
 131:/usr/lib/avr/include/util/delay.h ****    When the user request delay which exceed the maximum possible one,
 132:/usr/lib/avr/include/util/delay.h ****    _delay_ms() provides a decreased resolution functionality. In this
 133:/usr/lib/avr/include/util/delay.h ****    mode _delay_ms() will work with a resolution of 1/10 ms, providing
 134:/usr/lib/avr/include/util/delay.h ****    delays up to 6.5535 seconds (independent from CPU frequency).  The
 135:/usr/lib/avr/include/util/delay.h ****    user will not be informed about decreased resolution.
 136:/usr/lib/avr/include/util/delay.h **** 
 137:/usr/lib/avr/include/util/delay.h ****    If the avr-gcc toolchain has __builtin_avr_delay_cycles()
 138:/usr/lib/avr/include/util/delay.h ****    support, maximal possible delay is 4294967.295 ms/ F_CPU in MHz. For
 139:/usr/lib/avr/include/util/delay.h ****    values greater than the maximal possible delay, overflows results in
 140:/usr/lib/avr/include/util/delay.h ****    no delay i.e., 0ms.
 141:/usr/lib/avr/include/util/delay.h **** 
 142:/usr/lib/avr/include/util/delay.h ****    Conversion of \c __ms into clock cycles may not always result in
 143:/usr/lib/avr/include/util/delay.h ****    integer.  By default, the clock cycles rounded up to next
 144:/usr/lib/avr/include/util/delay.h ****    integer. This ensures that the user gets at least \c __ms
 145:/usr/lib/avr/include/util/delay.h ****    microseconds of delay.
 146:/usr/lib/avr/include/util/delay.h **** 
 147:/usr/lib/avr/include/util/delay.h ****    Alternatively, by defining the macro \c __DELAY_ROUND_DOWN__, or
 148:/usr/lib/avr/include/util/delay.h ****    \c __DELAY_ROUND_CLOSEST__, before including this header file, the
 149:/usr/lib/avr/include/util/delay.h ****    algorithm can be made to round down, or round to closest integer,
 150:/usr/lib/avr/include/util/delay.h ****    respectively.
 151:/usr/lib/avr/include/util/delay.h **** 
 152:/usr/lib/avr/include/util/delay.h ****    \note
 153:/usr/lib/avr/include/util/delay.h **** 
 154:/usr/lib/avr/include/util/delay.h ****    The implementation of _delay_ms() based on
 155:/usr/lib/avr/include/util/delay.h ****    __builtin_avr_delay_cycles() is not backward compatible with older
 156:/usr/lib/avr/include/util/delay.h ****    implementations.  In order to get functionality backward compatible
 157:/usr/lib/avr/include/util/delay.h ****    with previous versions, the macro \c "__DELAY_BACKWARD_COMPATIBLE__"
 158:/usr/lib/avr/include/util/delay.h ****    must be defined before including this header file. Also, the
 159:/usr/lib/avr/include/util/delay.h ****    backward compatible algorithm will be chosen if the code is
 160:/usr/lib/avr/include/util/delay.h ****    compiled in a <em>freestanding environment</em> (GCC option
 161:/usr/lib/avr/include/util/delay.h ****    \c -ffreestanding), as the math functions required for rounding are
 162:/usr/lib/avr/include/util/delay.h ****    not available to the compiler then.
 163:/usr/lib/avr/include/util/delay.h **** 
 164:/usr/lib/avr/include/util/delay.h ****  */
 165:/usr/lib/avr/include/util/delay.h **** void
 166:/usr/lib/avr/include/util/delay.h **** _delay_ms(double __ms)
 167:/usr/lib/avr/include/util/delay.h **** {
 168:/usr/lib/avr/include/util/delay.h **** 	double __tmp ;
 169:/usr/lib/avr/include/util/delay.h **** #if __HAS_DELAY_CYCLES && defined(__OPTIMIZE__) && \
 170:/usr/lib/avr/include/util/delay.h ****   !defined(__DELAY_BACKWARD_COMPATIBLE__) &&	   \
 171:/usr/lib/avr/include/util/delay.h ****   __STDC_HOSTED__
 172:/usr/lib/avr/include/util/delay.h **** 	uint32_t __ticks_dc;
 173:/usr/lib/avr/include/util/delay.h **** 	extern void __builtin_avr_delay_cycles(unsigned long);
 174:/usr/lib/avr/include/util/delay.h **** 	__tmp = ((F_CPU) / 1e3) * __ms;
 175:/usr/lib/avr/include/util/delay.h **** 
 176:/usr/lib/avr/include/util/delay.h **** 	#if defined(__DELAY_ROUND_DOWN__)
 177:/usr/lib/avr/include/util/delay.h **** 		__ticks_dc = (uint32_t)fabs(__tmp);
 178:/usr/lib/avr/include/util/delay.h **** 
 179:/usr/lib/avr/include/util/delay.h **** 	#elif defined(__DELAY_ROUND_CLOSEST__)
 180:/usr/lib/avr/include/util/delay.h **** 		__ticks_dc = (uint32_t)(fabs(__tmp)+0.5);
 181:/usr/lib/avr/include/util/delay.h **** 
 182:/usr/lib/avr/include/util/delay.h **** 	#else
 183:/usr/lib/avr/include/util/delay.h **** 		//round up by default
 184:/usr/lib/avr/include/util/delay.h **** 		__ticks_dc = (uint32_t)(ceil(fabs(__tmp)));
 185:/usr/lib/avr/include/util/delay.h **** 	#endif
 186:/usr/lib/avr/include/util/delay.h **** 
 187:/usr/lib/avr/include/util/delay.h **** 	__builtin_avr_delay_cycles(__ticks_dc);
 188:/usr/lib/avr/include/util/delay.h **** 
 189:/usr/lib/avr/include/util/delay.h **** #else
 190:/usr/lib/avr/include/util/delay.h **** 	uint16_t __ticks;
 191:/usr/lib/avr/include/util/delay.h **** 	__tmp = ((F_CPU) / 4e3) * __ms;
 192:/usr/lib/avr/include/util/delay.h **** 	if (__tmp < 1.0)
 193:/usr/lib/avr/include/util/delay.h **** 		__ticks = 1;
 194:/usr/lib/avr/include/util/delay.h **** 	else if (__tmp > 65535)
 195:/usr/lib/avr/include/util/delay.h **** 	{
 196:/usr/lib/avr/include/util/delay.h **** 		//	__ticks = requested delay in 1/10 ms
 197:/usr/lib/avr/include/util/delay.h **** 		__ticks = (uint16_t) (__ms * 10.0);
 198:/usr/lib/avr/include/util/delay.h **** 		while(__ticks)
 199:/usr/lib/avr/include/util/delay.h **** 		{
 200:/usr/lib/avr/include/util/delay.h **** 			// wait 1/10 ms
 201:/usr/lib/avr/include/util/delay.h **** 			_delay_loop_2(((F_CPU) / 4e3) / 10);
 202:/usr/lib/avr/include/util/delay.h **** 			__ticks --;
 203:/usr/lib/avr/include/util/delay.h **** 		}
 204:/usr/lib/avr/include/util/delay.h **** 		return;
 205:/usr/lib/avr/include/util/delay.h **** 	}
 206:/usr/lib/avr/include/util/delay.h **** 	else
 207:/usr/lib/avr/include/util/delay.h **** 		__ticks = (uint16_t)__tmp;
 208:/usr/lib/avr/include/util/delay.h **** 	_delay_loop_2(__ticks);
 209:/usr/lib/avr/include/util/delay.h **** #endif
 210:/usr/lib/avr/include/util/delay.h **** }
 211:/usr/lib/avr/include/util/delay.h **** 
 212:/usr/lib/avr/include/util/delay.h **** /**
 213:/usr/lib/avr/include/util/delay.h ****    \ingroup util_delay
 214:/usr/lib/avr/include/util/delay.h **** 
 215:/usr/lib/avr/include/util/delay.h ****    Perform a delay of \c __us microseconds, using _delay_loop_1().
 216:/usr/lib/avr/include/util/delay.h **** 
 217:/usr/lib/avr/include/util/delay.h ****    The macro F_CPU is supposed to be defined to a
 218:/usr/lib/avr/include/util/delay.h ****    constant defining the CPU clock frequency (in Hertz).
 219:/usr/lib/avr/include/util/delay.h **** 
 220:/usr/lib/avr/include/util/delay.h ****    The maximal possible delay is 768 us / F_CPU in MHz.
 221:/usr/lib/avr/include/util/delay.h **** 
 222:/usr/lib/avr/include/util/delay.h ****    If the user requests a delay greater than the maximal possible one,
 223:/usr/lib/avr/include/util/delay.h ****    _delay_us() will automatically call _delay_ms() instead.  The user
 224:/usr/lib/avr/include/util/delay.h ****    will not be informed about this case.
 225:/usr/lib/avr/include/util/delay.h **** 
 226:/usr/lib/avr/include/util/delay.h ****    If the avr-gcc toolchain has __builtin_avr_delay_cycles()
 227:/usr/lib/avr/include/util/delay.h ****    support, maximal possible delay is 4294967.295 us/ F_CPU in MHz. For
 228:/usr/lib/avr/include/util/delay.h ****    values greater than the maximal possible delay, overflow results in
 229:/usr/lib/avr/include/util/delay.h ****    no delay i.e., 0us.
 230:/usr/lib/avr/include/util/delay.h **** 
 231:/usr/lib/avr/include/util/delay.h ****    Conversion of \c __us into clock cycles may not always result in
 232:/usr/lib/avr/include/util/delay.h ****    integer.  By default, the clock cycles rounded up to next
 233:/usr/lib/avr/include/util/delay.h ****    integer. This ensures that the user gets at least \c __us
 234:/usr/lib/avr/include/util/delay.h ****    microseconds of delay.
 235:/usr/lib/avr/include/util/delay.h **** 
 236:/usr/lib/avr/include/util/delay.h ****    Alternatively, by defining the macro \c __DELAY_ROUND_DOWN__, or
 237:/usr/lib/avr/include/util/delay.h ****    \c __DELAY_ROUND_CLOSEST__, before including this header file, the
 238:/usr/lib/avr/include/util/delay.h ****    algorithm can be made to round down, or round to closest integer,
 239:/usr/lib/avr/include/util/delay.h ****    respectively.
 240:/usr/lib/avr/include/util/delay.h **** 
 241:/usr/lib/avr/include/util/delay.h ****    \note
 242:/usr/lib/avr/include/util/delay.h **** 
 243:/usr/lib/avr/include/util/delay.h ****    The implementation of _delay_ms() based on
 244:/usr/lib/avr/include/util/delay.h ****    __builtin_avr_delay_cycles() is not backward compatible with older
 245:/usr/lib/avr/include/util/delay.h ****    implementations.  In order to get functionality backward compatible
 246:/usr/lib/avr/include/util/delay.h ****    with previous versions, the macro \c __DELAY_BACKWARD_COMPATIBLE__
 247:/usr/lib/avr/include/util/delay.h ****    must be defined before including this header file. Also, the
 248:/usr/lib/avr/include/util/delay.h ****    backward compatible algorithm will be chosen if the code is
 249:/usr/lib/avr/include/util/delay.h ****    compiled in a <em>freestanding environment</em> (GCC option
 250:/usr/lib/avr/include/util/delay.h ****    \c -ffreestanding), as the math functions required for rounding are
 251:/usr/lib/avr/include/util/delay.h ****    not available to the compiler then.
 252:/usr/lib/avr/include/util/delay.h **** 
 253:/usr/lib/avr/include/util/delay.h ****  */
 254:/usr/lib/avr/include/util/delay.h **** void
 255:/usr/lib/avr/include/util/delay.h **** _delay_us(double __us)
 256:/usr/lib/avr/include/util/delay.h **** {
 257:/usr/lib/avr/include/util/delay.h **** 	double __tmp ;
 258:/usr/lib/avr/include/util/delay.h **** #if __HAS_DELAY_CYCLES && defined(__OPTIMIZE__) && \
 259:/usr/lib/avr/include/util/delay.h ****   !defined(__DELAY_BACKWARD_COMPATIBLE__) &&	   \
 260:/usr/lib/avr/include/util/delay.h ****   __STDC_HOSTED__
 261:/usr/lib/avr/include/util/delay.h **** 	uint32_t __ticks_dc;
 262:/usr/lib/avr/include/util/delay.h **** 	extern void __builtin_avr_delay_cycles(unsigned long);
 263:/usr/lib/avr/include/util/delay.h **** 	__tmp = ((F_CPU) / 1e6) * __us;
 264:/usr/lib/avr/include/util/delay.h **** 
 265:/usr/lib/avr/include/util/delay.h **** 	#if defined(__DELAY_ROUND_DOWN__)
 266:/usr/lib/avr/include/util/delay.h **** 		__ticks_dc = (uint32_t)fabs(__tmp);
 267:/usr/lib/avr/include/util/delay.h **** 
 268:/usr/lib/avr/include/util/delay.h **** 	#elif defined(__DELAY_ROUND_CLOSEST__)
 269:/usr/lib/avr/include/util/delay.h **** 		__ticks_dc = (uint32_t)(fabs(__tmp)+0.5);
 270:/usr/lib/avr/include/util/delay.h **** 
 271:/usr/lib/avr/include/util/delay.h **** 	#else
 272:/usr/lib/avr/include/util/delay.h **** 		//round up by default
 273:/usr/lib/avr/include/util/delay.h **** 		__ticks_dc = (uint32_t)(ceil(fabs(__tmp)));
 274:/usr/lib/avr/include/util/delay.h **** 	#endif
 275:/usr/lib/avr/include/util/delay.h **** 
 276:/usr/lib/avr/include/util/delay.h **** 	__builtin_avr_delay_cycles(__ticks_dc);
  51               		.loc 2 276 0
  52 0010 8AE0      		ldi r24,lo8(10)
  53 0012 8A95      	1:	dec r24
  54 0014 01F4      		brne 1b
  55 0016 00C0      		rjmp .
  56               	.LVL1:
  57 0018 0895      		ret
  58               	.LBE19:
  59               	.LBE18:
  60               		.cfi_endproc
  61               	.LFE7:
  63               	.global	ds1302_stop
  65               	ds1302_stop:
  66               	.LFB8:
  25:rtc.c         ****     _delay_us(4);
  26:rtc.c         **** }
  27:rtc.c         **** 
  28:rtc.c         **** void ds1302_stop(void) {
  67               		.loc 1 28 0
  68               		.cfi_startproc
  69               	/* prologue: function */
  70               	/* frame size = 0 */
  71               	/* stack size = 0 */
  72               	.L__stack_usage = 0
  29:rtc.c         ****     DS1302_PORT &= ~(1 << DS1302_CE); // CE low
  73               		.loc 1 29 0
  74 001a 5E98      		cbi 0xb,6
  75               	.LVL2:
  76               	.LBB20:
  77               	.LBB21:
  78               		.loc 2 276 0
  79 001c 8AE0      		ldi r24,lo8(10)
  80 001e 8A95      	1:	dec r24
  81 0020 01F4      		brne 1b
  82 0022 00C0      		rjmp .
  83               	.LVL3:
  84 0024 0895      		ret
  85               	.LBE21:
  86               	.LBE20:
  87               		.cfi_endproc
  88               	.LFE8:
  90               	.global	ds1302_write_byte
  92               	ds1302_write_byte:
  93               	.LFB9:
  30:rtc.c         ****     _delay_us(4);
  31:rtc.c         **** }
  32:rtc.c         **** 
  33:rtc.c         **** void ds1302_write_byte(uint8_t data) {
  94               		.loc 1 33 0
  95               		.cfi_startproc
  96               	.LVL4:
  97               	/* prologue: function */
  98               	/* frame size = 0 */
  99               	/* stack size = 0 */
 100               	.L__stack_usage = 0
 101               		.loc 1 33 0
 102 0026 98E0      		ldi r25,lo8(8)
 103               	.LVL5:
 104               	.L7:
 105               	.LBB22:
  34:rtc.c         ****     for (uint8_t i = 0; i < 8; i++) {
  35:rtc.c         ****         // Write LSB first
  36:rtc.c         ****         if (data & 0x01) DS1302_PORT |= (1 << DS1302_IO);
 106               		.loc 1 36 0
 107 0028 80FF      		sbrs r24,0
 108 002a 00C0      		rjmp .L5
 109               		.loc 1 36 0 is_stmt 0 discriminator 1
 110 002c 5B9A      		sbi 0xb,3
 111 002e 00C0      		rjmp .L6
 112               	.L5:
  37:rtc.c         ****         else DS1302_PORT &= ~(1 << DS1302_IO);
 113               		.loc 1 37 0 is_stmt 1
 114 0030 5B98      		cbi 0xb,3
 115               	.L6:
  38:rtc.c         **** 
  39:rtc.c         ****         // Pulse clock
  40:rtc.c         ****         DS1302_PORT |= (1 << DS1302_CLK);
 116               		.loc 1 40 0 discriminator 2
 117 0032 5A9A      		sbi 0xb,2
 118               	.LVL6:
 119               	.LBB23:
 120               	.LBB24:
 121               		.loc 2 276 0 discriminator 2
 122 0034 22E0      		ldi r18,lo8(2)
 123 0036 2A95      	1:	dec r18
 124 0038 01F4      		brne 1b
 125 003a 00C0      		rjmp .
 126               	.LVL7:
 127               	.LBE24:
 128               	.LBE23:
  41:rtc.c         ****         _delay_us(1);
  42:rtc.c         ****         DS1302_PORT &= ~(1 << DS1302_CLK);
 129               		.loc 1 42 0 discriminator 2
 130 003c 5A98      		cbi 0xb,2
 131               	.LVL8:
 132               	.LBB25:
 133               	.LBB26:
 134               		.loc 2 276 0 discriminator 2
 135 003e 22E0      		ldi r18,lo8(2)
 136 0040 2A95      	1:	dec r18
 137 0042 01F4      		brne 1b
 138 0044 00C0      		rjmp .
 139               	.LVL9:
 140               	.LBE26:
 141               	.LBE25:
  43:rtc.c         ****         _delay_us(1);
  44:rtc.c         **** 
  45:rtc.c         ****         data >>= 1;
 142               		.loc 1 45 0 discriminator 2
 143 0046 8695      		lsr r24
 144               	.LVL10:
 145 0048 9150      		subi r25,lo8(-(-1))
 146               	.LVL11:
  34:rtc.c         ****         // Write LSB first
 147               		.loc 1 34 0 discriminator 2
 148 004a 01F4      		brne .L7
 149               	/* epilogue start */
 150               	.LBE22:
  46:rtc.c         ****     }
  47:rtc.c         **** }
 151               		.loc 1 47 0
 152 004c 0895      		ret
 153               		.cfi_endproc
 154               	.LFE9:
 156               	.global	ds1302_read_byte
 158               	ds1302_read_byte:
 159               	.LFB10:
  48:rtc.c         **** 
  49:rtc.c         **** uint8_t ds1302_read_byte(void) {
 160               		.loc 1 49 0
 161               		.cfi_startproc
 162               	/* prologue: function */
 163               	/* frame size = 0 */
 164               	/* stack size = 0 */
 165               	.L__stack_usage = 0
 166               	.LVL12:
  50:rtc.c         ****     uint8_t data = 0;
  51:rtc.c         ****     DS1302_DDR &= ~(1 << DS1302_IO); // IO as input
 167               		.loc 1 51 0
 168 004e 5398      		cbi 0xa,3
 169               	.LVL13:
 170 0050 98E0      		ldi r25,lo8(8)
  50:rtc.c         ****     uint8_t data = 0;
 171               		.loc 1 50 0
 172 0052 80E0      		ldi r24,0
 173               	.LVL14:
 174               	.L12:
 175               	.LBB27:
  52:rtc.c         **** 
  53:rtc.c         ****     for (uint8_t i = 0; i < 8; i++) {
  54:rtc.c         ****         data >>= 1;
 176               		.loc 1 54 0
 177 0054 8695      		lsr r24
 178               	.LVL15:
  55:rtc.c         ****         if (DS1302_PIN & (1 << DS1302_IO))
 179               		.loc 1 55 0
 180 0056 4B99      		sbic 0x9,3
  56:rtc.c         ****             data |= 0x80;
 181               		.loc 1 56 0
 182 0058 8068      		ori r24,lo8(-128)
 183               	.LVL16:
 184               	.L11:
  57:rtc.c         **** 
  58:rtc.c         ****         // Pulse clock
  59:rtc.c         ****         DS1302_PORT |= (1 << DS1302_CLK);
 185               		.loc 1 59 0 discriminator 2
 186 005a 5A9A      		sbi 0xb,2
 187               	.LVL17:
 188               	.LBB28:
 189               	.LBB29:
 190               		.loc 2 276 0 discriminator 2
 191 005c 22E0      		ldi r18,lo8(2)
 192 005e 2A95      	1:	dec r18
 193 0060 01F4      		brne 1b
 194 0062 00C0      		rjmp .
 195               	.LVL18:
 196               	.LBE29:
 197               	.LBE28:
  60:rtc.c         ****         _delay_us(1);
  61:rtc.c         ****         DS1302_PORT &= ~(1 << DS1302_CLK);
 198               		.loc 1 61 0 discriminator 2
 199 0064 5A98      		cbi 0xb,2
 200               	.LVL19:
 201               	.LBB30:
 202               	.LBB31:
 203               		.loc 2 276 0 discriminator 2
 204 0066 22E0      		ldi r18,lo8(2)
 205 0068 2A95      	1:	dec r18
 206 006a 01F4      		brne 1b
 207 006c 00C0      		rjmp .
 208               	.LVL20:
 209 006e 9150      		subi r25,lo8(-(-1))
 210               	.LVL21:
 211               	.LBE31:
 212               	.LBE30:
  53:rtc.c         ****         data >>= 1;
 213               		.loc 1 53 0 discriminator 2
 214 0070 01F4      		brne .L12
 215               	.LBE27:
  62:rtc.c         ****         _delay_us(1);
  63:rtc.c         ****     }
  64:rtc.c         **** 
  65:rtc.c         ****     DS1302_DDR |= (1 << DS1302_IO); // back to output
 216               		.loc 1 65 0
 217 0072 539A      		sbi 0xa,3
  66:rtc.c         ****     return data;
  67:rtc.c         **** }
 218               		.loc 1 67 0
 219 0074 0895      		ret
 220               		.cfi_endproc
 221               	.LFE10:
 223               	.global	bcd_to_dec
 225               	bcd_to_dec:
 226               	.LFB11:
  68:rtc.c         **** 
  69:rtc.c         **** // -------------------- BCD CONVERSION --------------------
  70:rtc.c         **** uint8_t bcd_to_dec(uint8_t bcd) {
 227               		.loc 1 70 0
 228               		.cfi_startproc
 229               	.LVL22:
 230               	/* prologue: function */
 231               	/* frame size = 0 */
 232               	/* stack size = 0 */
 233               	.L__stack_usage = 0
  71:rtc.c         ****     return ((bcd >> 4) * 10) + (bcd & 0x0F);
 234               		.loc 1 71 0
 235 0076 982F      		mov r25,r24
 236 0078 9295      		swap r25
 237 007a 9F70      		andi r25,lo8(15)
 238 007c 8F70      		andi r24,lo8(15)
 239               	.LVL23:
  72:rtc.c         **** }
 240               		.loc 1 72 0
 241 007e 2AE0      		ldi r18,lo8(10)
 242 0080 929F      		mul r25,r18
 243 0082 800D      		add r24,r0
 244 0084 1124      		clr __zero_reg__
 245 0086 0895      		ret
 246               		.cfi_endproc
 247               	.LFE11:
 249               	.global	dec_to_bcd
 251               	dec_to_bcd:
 252               	.LFB12:
  73:rtc.c         **** 
  74:rtc.c         **** uint8_t dec_to_bcd(uint8_t dec) {
 253               		.loc 1 74 0
 254               		.cfi_startproc
 255               	.LVL24:
 256               	/* prologue: function */
 257               	/* frame size = 0 */
 258               	/* stack size = 0 */
 259               	.L__stack_usage = 0
  75:rtc.c         ****     return ((dec / 10) << 4) | (dec % 10);
 260               		.loc 1 75 0
 261 0088 6AE0      		ldi r22,lo8(10)
 262 008a 0E94 0000 		call __udivmodqi4
 263               	.LVL25:
 264 008e 292F      		mov r18,r25
 265 0090 30E1      		ldi r19,lo8(16)
 266 0092 839F      		mul r24,r19
 267 0094 C001      		movw r24,r0
 268 0096 1124      		clr __zero_reg__
  76:rtc.c         **** }
 269               		.loc 1 76 0
 270 0098 822B      		or r24,r18
 271 009a 0895      		ret
 272               		.cfi_endproc
 273               	.LFE12:
 275               	.global	ds1302_write
 277               	ds1302_write:
 278               	.LFB13:
  77:rtc.c         **** 
  78:rtc.c         **** // -------------------- DS1302 HIGH-LEVEL FUNCTIONS --------------------
  79:rtc.c         **** void ds1302_write(uint8_t addr, uint8_t data) {
 279               		.loc 1 79 0
 280               		.cfi_startproc
 281               	.LVL26:
 282 009c CF93      		push r28
 283               	.LCFI0:
 284               		.cfi_def_cfa_offset 3
 285               		.cfi_offset 28, -2
 286 009e DF93      		push r29
 287               	.LCFI1:
 288               		.cfi_def_cfa_offset 4
 289               		.cfi_offset 29, -3
 290               	/* prologue: function */
 291               	/* frame size = 0 */
 292               	/* stack size = 2 */
 293               	.L__stack_usage = 2
 294 00a0 D82F      		mov r29,r24
 295 00a2 C62F      		mov r28,r22
  80:rtc.c         ****     ds1302_start();
 296               		.loc 1 80 0
 297 00a4 0E94 0000 		call ds1302_start
 298               	.LVL27:
  81:rtc.c         ****     ds1302_write_byte(addr);
 299               		.loc 1 81 0
 300 00a8 8D2F      		mov r24,r29
 301 00aa 0E94 0000 		call ds1302_write_byte
 302               	.LVL28:
  82:rtc.c         ****     ds1302_write_byte(data);
 303               		.loc 1 82 0
 304 00ae 8C2F      		mov r24,r28
 305 00b0 0E94 0000 		call ds1302_write_byte
 306               	.LVL29:
 307               	/* epilogue start */
  83:rtc.c         ****     ds1302_stop();
  84:rtc.c         **** }
 308               		.loc 1 84 0
 309 00b4 DF91      		pop r29
 310               	.LVL30:
 311 00b6 CF91      		pop r28
 312               	.LVL31:
  83:rtc.c         ****     ds1302_stop();
 313               		.loc 1 83 0
 314 00b8 0C94 0000 		jmp ds1302_stop
 315               	.LVL32:
 316               		.cfi_endproc
 317               	.LFE13:
 319               	.global	ds1302_read
 321               	ds1302_read:
 322               	.LFB14:
  85:rtc.c         **** 
  86:rtc.c         **** uint8_t ds1302_read(uint8_t addr) {
 323               		.loc 1 86 0
 324               		.cfi_startproc
 325               	.LVL33:
 326 00bc CF93      		push r28
 327               	.LCFI2:
 328               		.cfi_def_cfa_offset 3
 329               		.cfi_offset 28, -2
 330               	/* prologue: function */
 331               	/* frame size = 0 */
 332               	/* stack size = 1 */
 333               	.L__stack_usage = 1
 334 00be C82F      		mov r28,r24
  87:rtc.c         ****     uint8_t data;
  88:rtc.c         ****     ds1302_start();
 335               		.loc 1 88 0
 336 00c0 0E94 0000 		call ds1302_start
 337               	.LVL34:
  89:rtc.c         ****     ds1302_write_byte(addr | 0x01); // Read command
 338               		.loc 1 89 0
 339 00c4 8C2F      		mov r24,r28
 340 00c6 8160      		ori r24,lo8(1)
 341 00c8 0E94 0000 		call ds1302_write_byte
 342               	.LVL35:
  90:rtc.c         ****     data = ds1302_read_byte();
 343               		.loc 1 90 0
 344 00cc 0E94 0000 		call ds1302_read_byte
 345               	.LVL36:
 346 00d0 C82F      		mov r28,r24
 347               	.LVL37:
  91:rtc.c         ****     ds1302_stop();
 348               		.loc 1 91 0
 349 00d2 0E94 0000 		call ds1302_stop
 350               	.LVL38:
  92:rtc.c         ****     return data;
  93:rtc.c         **** }
 351               		.loc 1 93 0
 352 00d6 8C2F      		mov r24,r28
 353               	/* epilogue start */
 354 00d8 CF91      		pop r28
 355               	.LVL39:
 356 00da 0895      		ret
 357               		.cfi_endproc
 358               	.LFE14:
 360               	.global	ds1302_set_time
 362               	ds1302_set_time:
 363               	.LFB15:
  94:rtc.c         **** 
  95:rtc.c         **** // -------------------- SET & READ TIME --------------------
  96:rtc.c         **** void ds1302_set_time(uint8_t hour, uint8_t min, uint8_t sec) {
 364               		.loc 1 96 0
 365               		.cfi_startproc
 366               	.LVL40:
 367 00dc 1F93      		push r17
 368               	.LCFI3:
 369               		.cfi_def_cfa_offset 3
 370               		.cfi_offset 17, -2
 371 00de CF93      		push r28
 372               	.LCFI4:
 373               		.cfi_def_cfa_offset 4
 374               		.cfi_offset 28, -3
 375 00e0 DF93      		push r29
 376               	.LCFI5:
 377               		.cfi_def_cfa_offset 5
 378               		.cfi_offset 29, -4
 379               	/* prologue: function */
 380               	/* frame size = 0 */
 381               	/* stack size = 3 */
 382               	.L__stack_usage = 3
 383 00e2 C82F      		mov r28,r24
 384 00e4 D62F      		mov r29,r22
 385 00e6 142F      		mov r17,r20
  97:rtc.c         ****     // Write protect disable
  98:rtc.c         ****     ds1302_write(0x8E, 0x00);
 386               		.loc 1 98 0
 387 00e8 60E0      		ldi r22,0
 388               	.LVL41:
 389 00ea 8EE8      		ldi r24,lo8(-114)
 390               	.LVL42:
 391 00ec 0E94 0000 		call ds1302_write
 392               	.LVL43:
  99:rtc.c         **** 
 100:rtc.c         ****     ds1302_write(0x80, dec_to_bcd(sec));
 393               		.loc 1 100 0
 394 00f0 812F      		mov r24,r17
 395 00f2 0E94 0000 		call dec_to_bcd
 396               	.LVL44:
 397 00f6 682F      		mov r22,r24
 398 00f8 80E8      		ldi r24,lo8(-128)
 399 00fa 0E94 0000 		call ds1302_write
 400               	.LVL45:
 101:rtc.c         ****     ds1302_write(0x82, dec_to_bcd(min));
 401               		.loc 1 101 0
 402 00fe 8D2F      		mov r24,r29
 403 0100 0E94 0000 		call dec_to_bcd
 404               	.LVL46:
 405 0104 682F      		mov r22,r24
 406 0106 82E8      		ldi r24,lo8(-126)
 407 0108 0E94 0000 		call ds1302_write
 408               	.LVL47:
 102:rtc.c         ****     ds1302_write(0x84, dec_to_bcd(hour));
 409               		.loc 1 102 0
 410 010c 8C2F      		mov r24,r28
 411 010e 0E94 0000 		call dec_to_bcd
 412               	.LVL48:
 413 0112 682F      		mov r22,r24
 414 0114 84E8      		ldi r24,lo8(-124)
 415 0116 0E94 0000 		call ds1302_write
 416               	.LVL49:
 103:rtc.c         **** 
 104:rtc.c         ****     // Write protect enable
 105:rtc.c         ****     ds1302_write(0x8E, 0x80);
 417               		.loc 1 105 0
 418 011a 60E8      		ldi r22,lo8(-128)
 419 011c 8EE8      		ldi r24,lo8(-114)
 420               	/* epilogue start */
 106:rtc.c         **** }
 421               		.loc 1 106 0
 422 011e DF91      		pop r29
 423               	.LVL50:
 424 0120 CF91      		pop r28
 425               	.LVL51:
 426 0122 1F91      		pop r17
 427               	.LVL52:
 105:rtc.c         **** }
 428               		.loc 1 105 0
 429 0124 0C94 0000 		jmp ds1302_write
 430               	.LVL53:
 431               		.cfi_endproc
 432               	.LFE15:
 434               	.global	ds1302_get_time
 436               	ds1302_get_time:
 437               	.LFB16:
 107:rtc.c         **** 
 108:rtc.c         **** void ds1302_get_time(uint8_t *hour, uint8_t *min, uint8_t *sec) {
 438               		.loc 1 108 0
 439               		.cfi_startproc
 440               	.LVL54:
 441 0128 EF92      		push r14
 442               	.LCFI6:
 443               		.cfi_def_cfa_offset 3
 444               		.cfi_offset 14, -2
 445 012a FF92      		push r15
 446               	.LCFI7:
 447               		.cfi_def_cfa_offset 4
 448               		.cfi_offset 15, -3
 449 012c 0F93      		push r16
 450               	.LCFI8:
 451               		.cfi_def_cfa_offset 5
 452               		.cfi_offset 16, -4
 453 012e 1F93      		push r17
 454               	.LCFI9:
 455               		.cfi_def_cfa_offset 6
 456               		.cfi_offset 17, -5
 457 0130 CF93      		push r28
 458               	.LCFI10:
 459               		.cfi_def_cfa_offset 7
 460               		.cfi_offset 28, -6
 461 0132 DF93      		push r29
 462               	.LCFI11:
 463               		.cfi_def_cfa_offset 8
 464               		.cfi_offset 29, -7
 465               	/* prologue: function */
 466               	/* frame size = 0 */
 467               	/* stack size = 6 */
 468               	.L__stack_usage = 6
 469 0134 EC01      		movw r28,r24
 470 0136 8B01      		movw r16,r22
 471 0138 7A01      		movw r14,r20
 109:rtc.c         ****     *sec  = bcd_to_dec(ds1302_read(0x80));
 472               		.loc 1 109 0
 473 013a 80E8      		ldi r24,lo8(-128)
 474               	.LVL55:
 475 013c 0E94 0000 		call ds1302_read
 476               	.LVL56:
 477 0140 0E94 0000 		call bcd_to_dec
 478               	.LVL57:
 479 0144 F701      		movw r30,r14
 480 0146 8083      		st Z,r24
 110:rtc.c         ****     *min  = bcd_to_dec(ds1302_read(0x82));
 481               		.loc 1 110 0
 482 0148 82E8      		ldi r24,lo8(-126)
 483 014a 0E94 0000 		call ds1302_read
 484               	.LVL58:
 485 014e 0E94 0000 		call bcd_to_dec
 486               	.LVL59:
 487 0152 F801      		movw r30,r16
 488 0154 8083      		st Z,r24
 111:rtc.c         ****     *hour = bcd_to_dec(ds1302_read(0x84));
 489               		.loc 1 111 0
 490 0156 84E8      		ldi r24,lo8(-124)
 491 0158 0E94 0000 		call ds1302_read
 492               	.LVL60:
 493 015c 0E94 0000 		call bcd_to_dec
 494               	.LVL61:
 495 0160 8883      		st Y,r24
 496               	/* epilogue start */
 112:rtc.c         **** }
 497               		.loc 1 112 0
 498 0162 DF91      		pop r29
 499 0164 CF91      		pop r28
 500               	.LVL62:
 501 0166 1F91      		pop r17
 502 0168 0F91      		pop r16
 503               	.LVL63:
 504 016a FF90      		pop r15
 505 016c EF90      		pop r14
 506               	.LVL64:
 507 016e 0895      		ret
 508               		.cfi_endproc
 509               	.LFE16:
 511               		.section	.rodata.str1.1,"aMS",@progbits,1
 512               	.LC0:
 513 0000 5469 6D65 		.string	"Time: %02d:%02d:%02d"
 513      3A20 2530 
 513      3264 3A25 
 513      3032 643A 
 513      2530 3264 
 514               		.section	.text.startup,"ax",@progbits
 515               	.global	main
 517               	main:
 518               	.LFB17:
 113:rtc.c         **** 
 114:rtc.c         **** // -------------------- MAIN PROGRAM --------------------
 115:rtc.c         **** int main(void) {
 519               		.loc 1 115 0
 520               		.cfi_startproc
 521 0000 CF93      		push r28
 522               	.LCFI12:
 523               		.cfi_def_cfa_offset 3
 524               		.cfi_offset 28, -2
 525 0002 DF93      		push r29
 526               	.LCFI13:
 527               		.cfi_def_cfa_offset 4
 528               		.cfi_offset 29, -3
 529 0004 00D0      		rcall .
 530 0006 1F92      		push __zero_reg__
 531               	.LCFI14:
 532               		.cfi_def_cfa_offset 7
 533 0008 CDB7      		in r28,__SP_L__
 534 000a DEB7      		in r29,__SP_H__
 535               	.LCFI15:
 536               		.cfi_def_cfa_register 28
 537               	/* prologue: function */
 538               	/* frame size = 3 */
 539               	/* stack size = 5 */
 540               	.L__stack_usage = 5
 116:rtc.c         ****     uint8_t hour, min, sec;
 117:rtc.c         **** 
 118:rtc.c         ****     lcd_init();
 541               		.loc 1 118 0
 542 000c 0E94 0000 		call lcd_init
 543               	.LVL65:
 119:rtc.c         ****     lcd_clear();
 544               		.loc 1 119 0
 545 0010 0E94 0000 		call lcd_clear
 546               	.LVL66:
 120:rtc.c         ****     ds1302_init();
 547               		.loc 1 120 0
 548 0014 0E94 0000 		call ds1302_init
 549               	.LVL67:
 121:rtc.c         **** 
 122:rtc.c         ****     // Set time once (e.g., 14:45:00) → comment after first upload
 123:rtc.c         ****     ds1302_set_time(11, 36, 0);
 550               		.loc 1 123 0
 551 0018 40E0      		ldi r20,0
 552 001a 64E2      		ldi r22,lo8(36)
 553 001c 8BE0      		ldi r24,lo8(11)
 554 001e 0E94 0000 		call ds1302_set_time
 555               	.LVL68:
 124:rtc.c         **** 
 125:rtc.c         ****     while (1) {
 126:rtc.c         ****         ds1302_get_time(&hour, &min, &sec);
 127:rtc.c         **** 
 128:rtc.c         ****         lcd_clear();
 129:rtc.c         ****         lcd_goto(0,0);
 130:rtc.c         ****         lcd_printf("Time: %02d:%02d:%02d", hour, min, sec);
 556               		.loc 1 130 0
 557 0022 00E0      		ldi r16,lo8(.LC0)
 558 0024 10E0      		ldi r17,hi8(.LC0)
 559               	.L24:
 126:rtc.c         **** 
 560               		.loc 1 126 0 discriminator 1
 561 0026 AE01      		movw r20,r28
 562 0028 4F5F      		subi r20,-1
 563 002a 5F4F      		sbci r21,-1
 564 002c BE01      		movw r22,r28
 565 002e 6E5F      		subi r22,-2
 566 0030 7F4F      		sbci r23,-1
 567 0032 CE01      		movw r24,r28
 568 0034 0396      		adiw r24,3
 569 0036 0E94 0000 		call ds1302_get_time
 570               	.LVL69:
 128:rtc.c         ****         lcd_goto(0,0);
 571               		.loc 1 128 0 discriminator 1
 572 003a 0E94 0000 		call lcd_clear
 573               	.LVL70:
 129:rtc.c         ****         lcd_printf("Time: %02d:%02d:%02d", hour, min, sec);
 574               		.loc 1 129 0 discriminator 1
 575 003e 60E0      		ldi r22,0
 576 0040 80E0      		ldi r24,0
 577 0042 0E94 0000 		call lcd_goto
 578               	.LVL71:
 579               		.loc 1 130 0 discriminator 1
 580 0046 8981      		ldd r24,Y+1
 581 0048 1F92      		push __zero_reg__
 582 004a 8F93      		push r24
 583 004c 8A81      		ldd r24,Y+2
 584 004e 1F92      		push __zero_reg__
 585 0050 8F93      		push r24
 586 0052 8B81      		ldd r24,Y+3
 587 0054 1F92      		push __zero_reg__
 588 0056 8F93      		push r24
 589 0058 1F93      		push r17
 590 005a 0F93      		push r16
 591 005c 0E94 0000 		call lcd_printf
 592               	.LVL72:
 593               	.LBB32:
 594               	.LBB33:
 187:/usr/lib/avr/include/util/delay.h **** 
 595               		.loc 2 187 0 discriminator 1
 596 0060 2FEF      		ldi r18,lo8(1599999)
 597 0062 89E6      		ldi r24,hi8(1599999)
 598 0064 98E1      		ldi r25,hlo8(1599999)
 599 0066 2150      	1:	subi r18,1
 600 0068 8040      		sbci r24,0
 601 006a 9040      		sbci r25,0
 602 006c 01F4      		brne 1b
 603 006e 00C0      		rjmp .
 604 0070 0000      		nop
 605 0072 0FB6      		in __tmp_reg__,__SREG__
 606 0074 F894      		cli
 607 0076 DEBF      		out __SP_H__,r29
 608 0078 0FBE      		out __SREG__,__tmp_reg__
 609 007a CDBF      		out __SP_L__,r28
 610 007c 00C0      		rjmp .L24
 611               	.LBE33:
 612               	.LBE32:
 613               		.cfi_endproc
 614               	.LFE17:
 616               		.text
 617               	.Letext0:
 618               		.file 3 "/usr/lib/avr/include/stdint.h"
 619               		.file 4 "lcd.h"
DEFINED SYMBOLS
                            *ABS*:0000000000000000 rtc.c
     /tmp/ccjiSyqj.s:2      *ABS*:000000000000003e __SP_H__
     /tmp/ccjiSyqj.s:3      *ABS*:000000000000003d __SP_L__
     /tmp/ccjiSyqj.s:4      *ABS*:000000000000003f __SREG__
     /tmp/ccjiSyqj.s:5      *ABS*:0000000000000000 __tmp_reg__
     /tmp/ccjiSyqj.s:6      *ABS*:0000000000000001 __zero_reg__
     /tmp/ccjiSyqj.s:12     .text:0000000000000000 ds1302_init
     /tmp/ccjiSyqj.s:37     .text:000000000000000e ds1302_start
     /tmp/ccjiSyqj.s:65     .text:000000000000001a ds1302_stop
     /tmp/ccjiSyqj.s:92     .text:0000000000000026 ds1302_write_byte
     /tmp/ccjiSyqj.s:158    .text:000000000000004e ds1302_read_byte
     /tmp/ccjiSyqj.s:225    .text:0000000000000076 bcd_to_dec
     /tmp/ccjiSyqj.s:251    .text:0000000000000088 dec_to_bcd
     /tmp/ccjiSyqj.s:277    .text:000000000000009c ds1302_write
     /tmp/ccjiSyqj.s:321    .text:00000000000000bc ds1302_read
     /tmp/ccjiSyqj.s:362    .text:00000000000000dc ds1302_set_time
     /tmp/ccjiSyqj.s:436    .text:0000000000000128 ds1302_get_time
     /tmp/ccjiSyqj.s:517    .text.startup:0000000000000000 main

UNDEFINED SYMBOLS
__udivmodqi4
lcd_init
lcd_clear
lcd_goto
lcd_printf
__do_copy_data
