   1               		.file	"ultra.c"
   2               	__SP_H__ = 0x3e
   3               	__SP_L__ = 0x3d
   4               	__SREG__ = 0x3f
   5               	__tmp_reg__ = 0
   6               	__zero_reg__ = 1
   7               		.text
   8               	.Ltext0:
   9               		.cfi_sections	.debug_frame
  10               	.global	ultrasonic_init
  12               	ultrasonic_init:
  13               	.LFB6:
  14               		.file 1 "ultra.c"
   1:ultra.c       **** #define F_CPU 8000000UL
   2:ultra.c       **** #include <avr/io.h>
   3:ultra.c       **** #include <util/delay.h>
   4:ultra.c       **** #include "lcd.h"
   5:ultra.c       **** 
   6:ultra.c       **** #define TRIG PB0
   7:ultra.c       **** #define ECHO PB1
   8:ultra.c       **** 
   9:ultra.c       **** void ultrasonic_init() {
  15               		.loc 1 9 0
  16               		.cfi_startproc
  17               	/* prologue: function */
  18               	/* frame size = 0 */
  19               	/* stack size = 0 */
  20               	.L__stack_usage = 0
  10:ultra.c       ****     DDRB |= (1 << TRIG);   // TRIG as output
  21               		.loc 1 10 0
  22 0000 209A      		sbi 0x4,0
  11:ultra.c       ****     DDRB &= ~(1 << ECHO);  // ECHO as input
  23               		.loc 1 11 0
  24 0002 2198      		cbi 0x4,1
  25 0004 0895      		ret
  26               		.cfi_endproc
  27               	.LFE6:
  29               	.global	ultrasonic_read
  31               	ultrasonic_read:
  32               	.LFB7:
  12:ultra.c       **** }
  13:ultra.c       **** 
  14:ultra.c       **** uint16_t ultrasonic_read() {
  33               		.loc 1 14 0
  34               		.cfi_startproc
  35               	/* prologue: function */
  36               	/* frame size = 0 */
  37               	/* stack size = 0 */
  38               	.L__stack_usage = 0
  15:ultra.c       ****     uint16_t count;
  16:ultra.c       **** 
  17:ultra.c       ****     // Send 10us pulse on TRIG
  18:ultra.c       ****     PORTB &= ~(1 << TRIG);
  39               		.loc 1 18 0
  40 0006 2898      		cbi 0x5,0
  41               	.LVL0:
  42               	.LBB10:
  43               	.LBB11:
  44               		.file 2 "/usr/lib/avr/include/util/delay.h"
   1:/usr/lib/avr/include/util/delay.h **** /* Copyright (c) 2002, Marek Michalkiewicz
   2:/usr/lib/avr/include/util/delay.h ****    Copyright (c) 2004,2005,2007 Joerg Wunsch
   3:/usr/lib/avr/include/util/delay.h ****    Copyright (c) 2007  Florin-Viorel Petrov
   4:/usr/lib/avr/include/util/delay.h ****    All rights reserved.
   5:/usr/lib/avr/include/util/delay.h **** 
   6:/usr/lib/avr/include/util/delay.h ****    Redistribution and use in source and binary forms, with or without
   7:/usr/lib/avr/include/util/delay.h ****    modification, are permitted provided that the following conditions are met:
   8:/usr/lib/avr/include/util/delay.h **** 
   9:/usr/lib/avr/include/util/delay.h ****    * Redistributions of source code must retain the above copyright
  10:/usr/lib/avr/include/util/delay.h ****      notice, this list of conditions and the following disclaimer.
  11:/usr/lib/avr/include/util/delay.h **** 
  12:/usr/lib/avr/include/util/delay.h ****    * Redistributions in binary form must reproduce the above copyright
  13:/usr/lib/avr/include/util/delay.h ****      notice, this list of conditions and the following disclaimer in
  14:/usr/lib/avr/include/util/delay.h ****      the documentation and/or other materials provided with the
  15:/usr/lib/avr/include/util/delay.h ****      distribution.
  16:/usr/lib/avr/include/util/delay.h **** 
  17:/usr/lib/avr/include/util/delay.h ****    * Neither the name of the copyright holders nor the names of
  18:/usr/lib/avr/include/util/delay.h ****      contributors may be used to endorse or promote products derived
  19:/usr/lib/avr/include/util/delay.h ****      from this software without specific prior written permission.
  20:/usr/lib/avr/include/util/delay.h **** 
  21:/usr/lib/avr/include/util/delay.h ****   THIS SOFTWARE IS PROVIDED BY THE COPYRIGHT HOLDERS AND CONTRIBUTORS "AS IS"
  22:/usr/lib/avr/include/util/delay.h ****   AND ANY EXPRESS OR IMPLIED WARRANTIES, INCLUDING, BUT NOT LIMITED TO, THE
  23:/usr/lib/avr/include/util/delay.h ****   IMPLIED WARRANTIES OF MERCHANTABILITY AND FITNESS FOR A PARTICULAR PURPOSE
  24:/usr/lib/avr/include/util/delay.h ****   ARE DISCLAIMED. IN NO EVENT SHALL THE COPYRIGHT OWNER OR CONTRIBUTORS BE
  25:/usr/lib/avr/include/util/delay.h ****   LIABLE FOR ANY DIRECT, INDIRECT, INCIDENTAL, SPECIAL, EXEMPLARY, OR
  26:/usr/lib/avr/include/util/delay.h ****   CONSEQUENTIAL DAMAGES (INCLUDING, BUT NOT LIMITED TO, PROCUREMENT OF
  27:/usr/lib/avr/include/util/delay.h ****   SUBSTITUTE GOODS OR SERVICES; LOSS OF USE, DATA, OR PROFITS; OR BUSINESS
  28:/usr/lib/avr/include/util/delay.h ****   INTERRUPTION) HOWEVER CAUSED AND ON ANY THEORY OF LIABILITY, WHETHER IN
  29:/usr/lib/avr/include/util/delay.h ****   CONTRACT, STRICT LIABILITY, OR TORT (INCLUDING NEGLIGENCE OR OTHERWISE)
  30:/usr/lib/avr/include/util/delay.h ****   ARISING IN ANY WAY OUT OF THE USE OF THIS SOFTWARE, EVEN IF ADVISED OF THE
  31:/usr/lib/avr/include/util/delay.h ****   POSSIBILITY OF SUCH DAMAGE. */
  32:/usr/lib/avr/include/util/delay.h **** 
  33:/usr/lib/avr/include/util/delay.h **** /* $Id$ */
  34:/usr/lib/avr/include/util/delay.h **** 
  35:/usr/lib/avr/include/util/delay.h **** #ifndef _UTIL_DELAY_H_
  36:/usr/lib/avr/include/util/delay.h **** #define _UTIL_DELAY_H_ 1
  37:/usr/lib/avr/include/util/delay.h **** 
  38:/usr/lib/avr/include/util/delay.h **** #ifndef __DOXYGEN__
  39:/usr/lib/avr/include/util/delay.h **** #  ifndef __HAS_DELAY_CYCLES
  40:/usr/lib/avr/include/util/delay.h **** #    define __HAS_DELAY_CYCLES 1
  41:/usr/lib/avr/include/util/delay.h **** #  endif
  42:/usr/lib/avr/include/util/delay.h **** #endif  /* __DOXYGEN__ */
  43:/usr/lib/avr/include/util/delay.h **** 
  44:/usr/lib/avr/include/util/delay.h **** #include <inttypes.h>
  45:/usr/lib/avr/include/util/delay.h **** #include <util/delay_basic.h>
  46:/usr/lib/avr/include/util/delay.h **** #include <math.h>
  47:/usr/lib/avr/include/util/delay.h **** 
  48:/usr/lib/avr/include/util/delay.h **** /** \file */
  49:/usr/lib/avr/include/util/delay.h **** /** \defgroup util_delay <util/delay.h>: Convenience functions for busy-wait delay loops
  50:/usr/lib/avr/include/util/delay.h ****     \code
  51:/usr/lib/avr/include/util/delay.h ****     #define F_CPU 1000000UL  // 1 MHz
  52:/usr/lib/avr/include/util/delay.h ****     //#define F_CPU 14.7456E6
  53:/usr/lib/avr/include/util/delay.h ****     #include <util/delay.h>
  54:/usr/lib/avr/include/util/delay.h ****     \endcode
  55:/usr/lib/avr/include/util/delay.h **** 
  56:/usr/lib/avr/include/util/delay.h ****     \note As an alternative method, it is possible to pass the
  57:/usr/lib/avr/include/util/delay.h ****     F_CPU macro down to the compiler from the Makefile.
  58:/usr/lib/avr/include/util/delay.h ****     Obviously, in that case, no \c \#define statement should be
  59:/usr/lib/avr/include/util/delay.h ****     used.
  60:/usr/lib/avr/include/util/delay.h **** 
  61:/usr/lib/avr/include/util/delay.h ****     The functions in this header file are wrappers around the basic
  62:/usr/lib/avr/include/util/delay.h ****     busy-wait functions from <util/delay_basic.h>.  They are meant as
  63:/usr/lib/avr/include/util/delay.h ****     convenience functions where actual time values can be specified
  64:/usr/lib/avr/include/util/delay.h ****     rather than a number of cycles to wait for.  The idea behind is
  65:/usr/lib/avr/include/util/delay.h ****     that compile-time constant expressions will be eliminated by
  66:/usr/lib/avr/include/util/delay.h ****     compiler optimization so floating-point expressions can be used
  67:/usr/lib/avr/include/util/delay.h ****     to calculate the number of delay cycles needed based on the CPU
  68:/usr/lib/avr/include/util/delay.h ****     frequency passed by the macro F_CPU.
  69:/usr/lib/avr/include/util/delay.h **** 
  70:/usr/lib/avr/include/util/delay.h ****     \note In order for these functions to work as intended, compiler
  71:/usr/lib/avr/include/util/delay.h ****     optimizations <em>must</em> be enabled, and the delay time
  72:/usr/lib/avr/include/util/delay.h ****     <em>must</em> be an expression that is a known constant at
  73:/usr/lib/avr/include/util/delay.h ****     compile-time.  If these requirements are not met, the resulting
  74:/usr/lib/avr/include/util/delay.h ****     delay will be much longer (and basically unpredictable), and
  75:/usr/lib/avr/include/util/delay.h ****     applications that otherwise do not use floating-point calculations
  76:/usr/lib/avr/include/util/delay.h ****     will experience severe code bloat by the floating-point library
  77:/usr/lib/avr/include/util/delay.h ****     routines linked into the application.
  78:/usr/lib/avr/include/util/delay.h **** 
  79:/usr/lib/avr/include/util/delay.h ****     The functions available allow the specification of microsecond, and
  80:/usr/lib/avr/include/util/delay.h ****     millisecond delays directly, using the application-supplied macro
  81:/usr/lib/avr/include/util/delay.h ****     F_CPU as the CPU clock frequency (in Hertz).
  82:/usr/lib/avr/include/util/delay.h **** 
  83:/usr/lib/avr/include/util/delay.h **** */
  84:/usr/lib/avr/include/util/delay.h **** 
  85:/usr/lib/avr/include/util/delay.h **** #if !defined(__DOXYGEN__)
  86:/usr/lib/avr/include/util/delay.h **** static __inline__ void _delay_us(double __us) __attribute__((__always_inline__));
  87:/usr/lib/avr/include/util/delay.h **** static __inline__ void _delay_ms(double __ms) __attribute__((__always_inline__));
  88:/usr/lib/avr/include/util/delay.h **** #endif
  89:/usr/lib/avr/include/util/delay.h **** 
  90:/usr/lib/avr/include/util/delay.h **** #ifndef F_CPU
  91:/usr/lib/avr/include/util/delay.h **** /* prevent compiler error by supplying a default */
  92:/usr/lib/avr/include/util/delay.h **** # warning "F_CPU not defined for <util/delay.h>"
  93:/usr/lib/avr/include/util/delay.h **** /** \ingroup util_delay
  94:/usr/lib/avr/include/util/delay.h ****     \def F_CPU
  95:/usr/lib/avr/include/util/delay.h ****     \brief CPU frequency in Hz
  96:/usr/lib/avr/include/util/delay.h **** 
  97:/usr/lib/avr/include/util/delay.h ****     The macro F_CPU specifies the CPU frequency to be considered by
  98:/usr/lib/avr/include/util/delay.h ****     the delay macros.  This macro is normally supplied by the
  99:/usr/lib/avr/include/util/delay.h ****     environment (e.g. from within a project header, or the project's
 100:/usr/lib/avr/include/util/delay.h ****     Makefile).  The value 1 MHz here is only provided as a "vanilla"
 101:/usr/lib/avr/include/util/delay.h ****     fallback if no such user-provided definition could be found.
 102:/usr/lib/avr/include/util/delay.h **** 
 103:/usr/lib/avr/include/util/delay.h ****     In terms of the delay functions, the CPU frequency can be given as
 104:/usr/lib/avr/include/util/delay.h ****     a floating-point constant (e.g. 3.6864E6 for 3.6864 MHz).
 105:/usr/lib/avr/include/util/delay.h ****     However, the macros in <util/setbaud.h> require it to be an
 106:/usr/lib/avr/include/util/delay.h ****     integer value.
 107:/usr/lib/avr/include/util/delay.h ****  */
 108:/usr/lib/avr/include/util/delay.h **** # define F_CPU 1000000UL
 109:/usr/lib/avr/include/util/delay.h **** #endif
 110:/usr/lib/avr/include/util/delay.h **** 
 111:/usr/lib/avr/include/util/delay.h **** #ifndef __OPTIMIZE__
 112:/usr/lib/avr/include/util/delay.h **** # warning "Compiler optimizations disabled; functions from <util/delay.h> won't work as designed"
 113:/usr/lib/avr/include/util/delay.h **** #endif
 114:/usr/lib/avr/include/util/delay.h **** 
 115:/usr/lib/avr/include/util/delay.h **** #if __HAS_DELAY_CYCLES && defined(__OPTIMIZE__) && \
 116:/usr/lib/avr/include/util/delay.h ****   !defined(__DELAY_BACKWARD_COMPATIBLE__) &&	   \
 117:/usr/lib/avr/include/util/delay.h ****   __STDC_HOSTED__
 118:/usr/lib/avr/include/util/delay.h **** #  include <math.h>
 119:/usr/lib/avr/include/util/delay.h **** #endif
 120:/usr/lib/avr/include/util/delay.h **** 
 121:/usr/lib/avr/include/util/delay.h **** /**
 122:/usr/lib/avr/include/util/delay.h ****    \ingroup util_delay
 123:/usr/lib/avr/include/util/delay.h **** 
 124:/usr/lib/avr/include/util/delay.h ****    Perform a delay of \c __ms milliseconds, using _delay_loop_2().
 125:/usr/lib/avr/include/util/delay.h **** 
 126:/usr/lib/avr/include/util/delay.h ****    The macro F_CPU is supposed to be defined to a
 127:/usr/lib/avr/include/util/delay.h ****    constant defining the CPU clock frequency (in Hertz).
 128:/usr/lib/avr/include/util/delay.h **** 
 129:/usr/lib/avr/include/util/delay.h ****    The maximal possible delay is 262.14 ms / F_CPU in MHz.
 130:/usr/lib/avr/include/util/delay.h **** 
 131:/usr/lib/avr/include/util/delay.h ****    When the user request delay which exceed the maximum possible one,
 132:/usr/lib/avr/include/util/delay.h ****    _delay_ms() provides a decreased resolution functionality. In this
 133:/usr/lib/avr/include/util/delay.h ****    mode _delay_ms() will work with a resolution of 1/10 ms, providing
 134:/usr/lib/avr/include/util/delay.h ****    delays up to 6.5535 seconds (independent from CPU frequency).  The
 135:/usr/lib/avr/include/util/delay.h ****    user will not be informed about decreased resolution.
 136:/usr/lib/avr/include/util/delay.h **** 
 137:/usr/lib/avr/include/util/delay.h ****    If the avr-gcc toolchain has __builtin_avr_delay_cycles()
 138:/usr/lib/avr/include/util/delay.h ****    support, maximal possible delay is 4294967.295 ms/ F_CPU in MHz. For
 139:/usr/lib/avr/include/util/delay.h ****    values greater than the maximal possible delay, overflows results in
 140:/usr/lib/avr/include/util/delay.h ****    no delay i.e., 0ms.
 141:/usr/lib/avr/include/util/delay.h **** 
 142:/usr/lib/avr/include/util/delay.h ****    Conversion of \c __ms into clock cycles may not always result in
 143:/usr/lib/avr/include/util/delay.h ****    integer.  By default, the clock cycles rounded up to next
 144:/usr/lib/avr/include/util/delay.h ****    integer. This ensures that the user gets at least \c __ms
 145:/usr/lib/avr/include/util/delay.h ****    microseconds of delay.
 146:/usr/lib/avr/include/util/delay.h **** 
 147:/usr/lib/avr/include/util/delay.h ****    Alternatively, by defining the macro \c __DELAY_ROUND_DOWN__, or
 148:/usr/lib/avr/include/util/delay.h ****    \c __DELAY_ROUND_CLOSEST__, before including this header file, the
 149:/usr/lib/avr/include/util/delay.h ****    algorithm can be made to round down, or round to closest integer,
 150:/usr/lib/avr/include/util/delay.h ****    respectively.
 151:/usr/lib/avr/include/util/delay.h **** 
 152:/usr/lib/avr/include/util/delay.h ****    \note
 153:/usr/lib/avr/include/util/delay.h **** 
 154:/usr/lib/avr/include/util/delay.h ****    The implementation of _delay_ms() based on
 155:/usr/lib/avr/include/util/delay.h ****    __builtin_avr_delay_cycles() is not backward compatible with older
 156:/usr/lib/avr/include/util/delay.h ****    implementations.  In order to get functionality backward compatible
 157:/usr/lib/avr/include/util/delay.h ****    with previous versions, the macro \c "__DELAY_BACKWARD_COMPATIBLE__"
 158:/usr/lib/avr/include/util/delay.h ****    must be defined before including this header file. Also, the
 159:/usr/lib/avr/include/util/delay.h ****    backward compatible algorithm will be chosen if the code is
 160:/usr/lib/avr/include/util/delay.h ****    compiled in a <em>freestanding environment</em> (GCC option
 161:/usr/lib/avr/include/util/delay.h ****    \c -ffreestanding), as the math functions required for rounding are
 162:/usr/lib/avr/include/util/delay.h ****    not available to the compiler then.
 163:/usr/lib/avr/include/util/delay.h **** 
 164:/usr/lib/avr/include/util/delay.h ****  */
 165:/usr/lib/avr/include/util/delay.h **** void
 166:/usr/lib/avr/include/util/delay.h **** _delay_ms(double __ms)
 167:/usr/lib/avr/include/util/delay.h **** {
 168:/usr/lib/avr/include/util/delay.h **** 	double __tmp ;
 169:/usr/lib/avr/include/util/delay.h **** #if __HAS_DELAY_CYCLES && defined(__OPTIMIZE__) && \
 170:/usr/lib/avr/include/util/delay.h ****   !defined(__DELAY_BACKWARD_COMPATIBLE__) &&	   \
 171:/usr/lib/avr/include/util/delay.h ****   __STDC_HOSTED__
 172:/usr/lib/avr/include/util/delay.h **** 	uint32_t __ticks_dc;
 173:/usr/lib/avr/include/util/delay.h **** 	extern void __builtin_avr_delay_cycles(unsigned long);
 174:/usr/lib/avr/include/util/delay.h **** 	__tmp = ((F_CPU) / 1e3) * __ms;
 175:/usr/lib/avr/include/util/delay.h **** 
 176:/usr/lib/avr/include/util/delay.h **** 	#if defined(__DELAY_ROUND_DOWN__)
 177:/usr/lib/avr/include/util/delay.h **** 		__ticks_dc = (uint32_t)fabs(__tmp);
 178:/usr/lib/avr/include/util/delay.h **** 
 179:/usr/lib/avr/include/util/delay.h **** 	#elif defined(__DELAY_ROUND_CLOSEST__)
 180:/usr/lib/avr/include/util/delay.h **** 		__ticks_dc = (uint32_t)(fabs(__tmp)+0.5);
 181:/usr/lib/avr/include/util/delay.h **** 
 182:/usr/lib/avr/include/util/delay.h **** 	#else
 183:/usr/lib/avr/include/util/delay.h **** 		//round up by default
 184:/usr/lib/avr/include/util/delay.h **** 		__ticks_dc = (uint32_t)(ceil(fabs(__tmp)));
 185:/usr/lib/avr/include/util/delay.h **** 	#endif
 186:/usr/lib/avr/include/util/delay.h **** 
 187:/usr/lib/avr/include/util/delay.h **** 	__builtin_avr_delay_cycles(__ticks_dc);
 188:/usr/lib/avr/include/util/delay.h **** 
 189:/usr/lib/avr/include/util/delay.h **** #else
 190:/usr/lib/avr/include/util/delay.h **** 	uint16_t __ticks;
 191:/usr/lib/avr/include/util/delay.h **** 	__tmp = ((F_CPU) / 4e3) * __ms;
 192:/usr/lib/avr/include/util/delay.h **** 	if (__tmp < 1.0)
 193:/usr/lib/avr/include/util/delay.h **** 		__ticks = 1;
 194:/usr/lib/avr/include/util/delay.h **** 	else if (__tmp > 65535)
 195:/usr/lib/avr/include/util/delay.h **** 	{
 196:/usr/lib/avr/include/util/delay.h **** 		//	__ticks = requested delay in 1/10 ms
 197:/usr/lib/avr/include/util/delay.h **** 		__ticks = (uint16_t) (__ms * 10.0);
 198:/usr/lib/avr/include/util/delay.h **** 		while(__ticks)
 199:/usr/lib/avr/include/util/delay.h **** 		{
 200:/usr/lib/avr/include/util/delay.h **** 			// wait 1/10 ms
 201:/usr/lib/avr/include/util/delay.h **** 			_delay_loop_2(((F_CPU) / 4e3) / 10);
 202:/usr/lib/avr/include/util/delay.h **** 			__ticks --;
 203:/usr/lib/avr/include/util/delay.h **** 		}
 204:/usr/lib/avr/include/util/delay.h **** 		return;
 205:/usr/lib/avr/include/util/delay.h **** 	}
 206:/usr/lib/avr/include/util/delay.h **** 	else
 207:/usr/lib/avr/include/util/delay.h **** 		__ticks = (uint16_t)__tmp;
 208:/usr/lib/avr/include/util/delay.h **** 	_delay_loop_2(__ticks);
 209:/usr/lib/avr/include/util/delay.h **** #endif
 210:/usr/lib/avr/include/util/delay.h **** }
 211:/usr/lib/avr/include/util/delay.h **** 
 212:/usr/lib/avr/include/util/delay.h **** /**
 213:/usr/lib/avr/include/util/delay.h ****    \ingroup util_delay
 214:/usr/lib/avr/include/util/delay.h **** 
 215:/usr/lib/avr/include/util/delay.h ****    Perform a delay of \c __us microseconds, using _delay_loop_1().
 216:/usr/lib/avr/include/util/delay.h **** 
 217:/usr/lib/avr/include/util/delay.h ****    The macro F_CPU is supposed to be defined to a
 218:/usr/lib/avr/include/util/delay.h ****    constant defining the CPU clock frequency (in Hertz).
 219:/usr/lib/avr/include/util/delay.h **** 
 220:/usr/lib/avr/include/util/delay.h ****    The maximal possible delay is 768 us / F_CPU in MHz.
 221:/usr/lib/avr/include/util/delay.h **** 
 222:/usr/lib/avr/include/util/delay.h ****    If the user requests a delay greater than the maximal possible one,
 223:/usr/lib/avr/include/util/delay.h ****    _delay_us() will automatically call _delay_ms() instead.  The user
 224:/usr/lib/avr/include/util/delay.h ****    will not be informed about this case.
 225:/usr/lib/avr/include/util/delay.h **** 
 226:/usr/lib/avr/include/util/delay.h ****    If the avr-gcc toolchain has __builtin_avr_delay_cycles()
 227:/usr/lib/avr/include/util/delay.h ****    support, maximal possible delay is 4294967.295 us/ F_CPU in MHz. For
 228:/usr/lib/avr/include/util/delay.h ****    values greater than the maximal possible delay, overflow results in
 229:/usr/lib/avr/include/util/delay.h ****    no delay i.e., 0us.
 230:/usr/lib/avr/include/util/delay.h **** 
 231:/usr/lib/avr/include/util/delay.h ****    Conversion of \c __us into clock cycles may not always result in
 232:/usr/lib/avr/include/util/delay.h ****    integer.  By default, the clock cycles rounded up to next
 233:/usr/lib/avr/include/util/delay.h ****    integer. This ensures that the user gets at least \c __us
 234:/usr/lib/avr/include/util/delay.h ****    microseconds of delay.
 235:/usr/lib/avr/include/util/delay.h **** 
 236:/usr/lib/avr/include/util/delay.h ****    Alternatively, by defining the macro \c __DELAY_ROUND_DOWN__, or
 237:/usr/lib/avr/include/util/delay.h ****    \c __DELAY_ROUND_CLOSEST__, before including this header file, the
 238:/usr/lib/avr/include/util/delay.h ****    algorithm can be made to round down, or round to closest integer,
 239:/usr/lib/avr/include/util/delay.h ****    respectively.
 240:/usr/lib/avr/include/util/delay.h **** 
 241:/usr/lib/avr/include/util/delay.h ****    \note
 242:/usr/lib/avr/include/util/delay.h **** 
 243:/usr/lib/avr/include/util/delay.h ****    The implementation of _delay_ms() based on
 244:/usr/lib/avr/include/util/delay.h ****    __builtin_avr_delay_cycles() is not backward compatible with older
 245:/usr/lib/avr/include/util/delay.h ****    implementations.  In order to get functionality backward compatible
 246:/usr/lib/avr/include/util/delay.h ****    with previous versions, the macro \c __DELAY_BACKWARD_COMPATIBLE__
 247:/usr/lib/avr/include/util/delay.h ****    must be defined before including this header file. Also, the
 248:/usr/lib/avr/include/util/delay.h ****    backward compatible algorithm will be chosen if the code is
 249:/usr/lib/avr/include/util/delay.h ****    compiled in a <em>freestanding environment</em> (GCC option
 250:/usr/lib/avr/include/util/delay.h ****    \c -ffreestanding), as the math functions required for rounding are
 251:/usr/lib/avr/include/util/delay.h ****    not available to the compiler then.
 252:/usr/lib/avr/include/util/delay.h **** 
 253:/usr/lib/avr/include/util/delay.h ****  */
 254:/usr/lib/avr/include/util/delay.h **** void
 255:/usr/lib/avr/include/util/delay.h **** _delay_us(double __us)
 256:/usr/lib/avr/include/util/delay.h **** {
 257:/usr/lib/avr/include/util/delay.h **** 	double __tmp ;
 258:/usr/lib/avr/include/util/delay.h **** #if __HAS_DELAY_CYCLES && defined(__OPTIMIZE__) && \
 259:/usr/lib/avr/include/util/delay.h ****   !defined(__DELAY_BACKWARD_COMPATIBLE__) &&	   \
 260:/usr/lib/avr/include/util/delay.h ****   __STDC_HOSTED__
 261:/usr/lib/avr/include/util/delay.h **** 	uint32_t __ticks_dc;
 262:/usr/lib/avr/include/util/delay.h **** 	extern void __builtin_avr_delay_cycles(unsigned long);
 263:/usr/lib/avr/include/util/delay.h **** 	__tmp = ((F_CPU) / 1e6) * __us;
 264:/usr/lib/avr/include/util/delay.h **** 
 265:/usr/lib/avr/include/util/delay.h **** 	#if defined(__DELAY_ROUND_DOWN__)
 266:/usr/lib/avr/include/util/delay.h **** 		__ticks_dc = (uint32_t)fabs(__tmp);
 267:/usr/lib/avr/include/util/delay.h **** 
 268:/usr/lib/avr/include/util/delay.h **** 	#elif defined(__DELAY_ROUND_CLOSEST__)
 269:/usr/lib/avr/include/util/delay.h **** 		__ticks_dc = (uint32_t)(fabs(__tmp)+0.5);
 270:/usr/lib/avr/include/util/delay.h **** 
 271:/usr/lib/avr/include/util/delay.h **** 	#else
 272:/usr/lib/avr/include/util/delay.h **** 		//round up by default
 273:/usr/lib/avr/include/util/delay.h **** 		__ticks_dc = (uint32_t)(ceil(fabs(__tmp)));
 274:/usr/lib/avr/include/util/delay.h **** 	#endif
 275:/usr/lib/avr/include/util/delay.h **** 
 276:/usr/lib/avr/include/util/delay.h **** 	__builtin_avr_delay_cycles(__ticks_dc);
  45               		.loc 2 276 0
  46 0008 25E0      		ldi r18,lo8(5)
  47 000a 2A95      	1:	dec r18
  48 000c 01F4      		brne 1b
  49 000e 0000      		nop
  50               	.LVL1:
  51               	.LBE11:
  52               	.LBE10:
  19:ultra.c       ****     _delay_us(2);
  20:ultra.c       ****     PORTB |= (1 << TRIG);
  53               		.loc 1 20 0
  54 0010 289A      		sbi 0x5,0
  55               	.LVL2:
  56               	.LBB12:
  57               	.LBB13:
  58               		.loc 2 276 0
  59 0012 8AE1      		ldi r24,lo8(26)
  60 0014 8A95      	1:	dec r24
  61 0016 01F4      		brne 1b
  62 0018 00C0      		rjmp .
  63               	.LVL3:
  64               	.LBE13:
  65               	.LBE12:
  21:ultra.c       ****     _delay_us(10);
  22:ultra.c       ****     PORTB &= ~(1 << TRIG);
  66               		.loc 1 22 0
  67 001a 2898      		cbi 0x5,0
  68               	.L3:
  23:ultra.c       **** 
  24:ultra.c       ****     // Wait for ECHO high
  25:ultra.c       ****     while (!(PINB & (1 << ECHO)));
  69               		.loc 1 25 0 discriminator 1
  70 001c 199B      		sbis 0x3,1
  71 001e 00C0      		rjmp .L3
  72 0020 80E0      		ldi r24,0
  73 0022 90E0      		ldi r25,0
  74               	.L4:
  75               	.LVL4:
  26:ultra.c       **** 
  27:ultra.c       ****     // Count how long ECHO stays high
  28:ultra.c       ****     count = 0;
  29:ultra.c       ****     while (PINB & (1 << ECHO)) {
  76               		.loc 1 29 0
  77 0024 199B      		sbis 0x3,1
  78 0026 00C0      		rjmp .L9
  30:ultra.c       ****         count++;
  79               		.loc 1 30 0
  80 0028 0196      		adiw r24,1
  81               	.LVL5:
  82               	.LBB14:
  83               	.LBB15:
  84               		.loc 2 276 0
  85 002a 22E0      		ldi r18,lo8(2)
  86 002c 2A95      	1:	dec r18
  87 002e 01F4      		brne 1b
  88 0030 00C0      		rjmp .
  89 0032 00C0      		rjmp .L4
  90               	.LVL6:
  91               	.L9:
  92               	.LBE15:
  93               	.LBE14:
  31:ultra.c       ****         _delay_us(1);
  32:ultra.c       ****     }
  33:ultra.c       **** 
  34:ultra.c       ****     // Convert to distance (cm)
  35:ultra.c       ****     return (count / 58);
  94               		.loc 1 35 0
  95 0034 6AE3      		ldi r22,lo8(58)
  96 0036 70E0      		ldi r23,0
  97 0038 0E94 0000 		call __udivmodhi4
  98               	.LVL7:
  99 003c CB01      		movw r24,r22
  36:ultra.c       **** }
 100               		.loc 1 36 0
 101 003e 0895      		ret
 102               		.cfi_endproc
 103               	.LFE7:
 105               		.section	.rodata.str1.1,"aMS",@progbits,1
 106               	.LC0:
 107 0000 4469 7374 		.string	"Dist: %d cm"
 107      3A20 2564 
 107      2063 6D00 
 108               		.section	.text.startup,"ax",@progbits
 109               	.global	main
 111               	main:
 112               	.LFB8:
  37:ultra.c       **** 
  38:ultra.c       **** int main(void) {
 113               		.loc 1 38 0
 114               		.cfi_startproc
 115               	/* prologue: function */
 116               	/* frame size = 0 */
 117               	/* stack size = 0 */
 118               	.L__stack_usage = 0
  39:ultra.c       ****     uint16_t distance;
  40:ultra.c       **** 
  41:ultra.c       ****     lcd_init();
 119               		.loc 1 41 0
 120 0000 0E94 0000 		call lcd_init
 121               	.LVL8:
  42:ultra.c       ****     ultrasonic_init();
 122               		.loc 1 42 0
 123 0004 0E94 0000 		call ultrasonic_init
 124               	.LVL9:
  43:ultra.c       **** 
  44:ultra.c       ****     while (1) {
  45:ultra.c       ****         distance = ultrasonic_read();
  46:ultra.c       **** 
  47:ultra.c       ****         lcd_clear();
  48:ultra.c       ****         lcd_goto(0,0);
  49:ultra.c       ****         lcd_printf("Dist: %d cm", distance);
 125               		.loc 1 49 0
 126 0008 C0E0      		ldi r28,lo8(.LC0)
 127 000a D0E0      		ldi r29,hi8(.LC0)
 128               	.L11:
  45:ultra.c       **** 
 129               		.loc 1 45 0 discriminator 1
 130 000c 0E94 0000 		call ultrasonic_read
 131               	.LVL10:
 132 0010 182F      		mov r17,r24
 133 0012 092F      		mov r16,r25
 134               	.LVL11:
  47:ultra.c       ****         lcd_goto(0,0);
 135               		.loc 1 47 0 discriminator 1
 136 0014 0E94 0000 		call lcd_clear
 137               	.LVL12:
  48:ultra.c       ****         lcd_printf("Dist: %d cm", distance);
 138               		.loc 1 48 0 discriminator 1
 139 0018 60E0      		ldi r22,0
 140 001a 80E0      		ldi r24,0
 141 001c 0E94 0000 		call lcd_goto
 142               	.LVL13:
 143               		.loc 1 49 0 discriminator 1
 144 0020 0F93      		push r16
 145               	.LCFI0:
 146               		.cfi_def_cfa_offset 3
 147 0022 1F93      		push r17
 148               	.LCFI1:
 149               		.cfi_def_cfa_offset 4
 150 0024 DF93      		push r29
 151               	.LCFI2:
 152               		.cfi_def_cfa_offset 5
 153 0026 CF93      		push r28
 154               	.LCFI3:
 155               		.cfi_def_cfa_offset 6
 156 0028 0E94 0000 		call lcd_printf
 157               	.LVL14:
 158               	.LBB16:
 159               	.LBB17:
 187:/usr/lib/avr/include/util/delay.h **** 
 160               		.loc 2 187 0 discriminator 1
 161 002c 9FEF      		ldi r25,lo8(799999)
 162 002e 24E3      		ldi r18,hi8(799999)
 163 0030 8CE0      		ldi r24,hlo8(799999)
 164 0032 9150      	1:	subi r25,1
 165 0034 2040      		sbci r18,0
 166 0036 8040      		sbci r24,0
 167 0038 01F4      		brne 1b
 168 003a 00C0      		rjmp .
 169 003c 0000      		nop
 170 003e 0F90      		pop __tmp_reg__
 171 0040 0F90      		pop __tmp_reg__
 172 0042 0F90      		pop __tmp_reg__
 173 0044 0F90      		pop __tmp_reg__
 174               	.LCFI4:
 175               		.cfi_def_cfa_offset 2
 176 0046 00C0      		rjmp .L11
 177               	.LBE17:
 178               	.LBE16:
 179               		.cfi_endproc
 180               	.LFE8:
 182               		.text
 183               	.Letext0:
 184               		.file 3 "/usr/lib/avr/include/stdint.h"
 185               		.file 4 "lcd.h"
DEFINED SYMBOLS
                            *ABS*:0000000000000000 ultra.c
     /tmp/ccyAZ86l.s:2      *ABS*:000000000000003e __SP_H__
     /tmp/ccyAZ86l.s:3      *ABS*:000000000000003d __SP_L__
     /tmp/ccyAZ86l.s:4      *ABS*:000000000000003f __SREG__
     /tmp/ccyAZ86l.s:5      *ABS*:0000000000000000 __tmp_reg__
     /tmp/ccyAZ86l.s:6      *ABS*:0000000000000001 __zero_reg__
     /tmp/ccyAZ86l.s:12     .text:0000000000000000 ultrasonic_init
     /tmp/ccyAZ86l.s:31     .text:0000000000000006 ultrasonic_read
     /tmp/ccyAZ86l.s:111    .text.startup:0000000000000000 main

UNDEFINED SYMBOLS
__udivmodhi4
lcd_init
lcd_clear
lcd_goto
lcd_printf
__do_copy_data
