   1               		.file	"lcd.c"
   2               	__SP_H__ = 0x3e
   3               	__SP_L__ = 0x3d
   4               	__SREG__ = 0x3f
   5               	__tmp_reg__ = 0
   6               	__zero_reg__ = 1
   7               		.text
   8               	.Ltext0:
   9               		.cfi_sections	.debug_frame
  11               	lcd_send_nibble:
  12               	.LFB7:
  13               		.file 1 "lcd.c"
   1:lcd.c         **** 
   2:lcd.c         **** #define F_CPU 8000000UL
   3:lcd.c         **** #include <avr/io.h>
   4:lcd.c         **** #include <util/delay.h>
   5:lcd.c         **** #include "lcd.h"
   6:lcd.c         **** #include <stdio.h>
   7:lcd.c         **** #include <stdarg.h>
   8:lcd.c         **** 
   9:lcd.c         **** #define LCD_DATA_PORT PORTC
  10:lcd.c         **** #define LCD_CTRL_PORT PORTD
  11:lcd.c         **** #define LCD_RS PD4
  12:lcd.c         **** #define LCD_EN PD5
  13:lcd.c         **** 
  14:lcd.c         **** static void lcd_send_nibble(uint8_t nibble) {
  14               		.loc 1 14 0
  15               		.cfi_startproc
  16               	.LVL0:
  17               	/* prologue: function */
  18               	/* frame size = 0 */
  19               	/* stack size = 0 */
  20               	.L__stack_usage = 0
  15:lcd.c         ****     LCD_DATA_PORT = (LCD_DATA_PORT & 0xF0) | (nibble & 0x0F);
  21               		.loc 1 15 0
  22 0000 98B1      		in r25,0x8
  23 0002 907F      		andi r25,lo8(-16)
  24 0004 8F70      		andi r24,lo8(15)
  25               	.LVL1:
  26 0006 892B      		or r24,r25
  27 0008 88B9      		out 0x8,r24
  16:lcd.c         ****     LCD_CTRL_PORT |= (1 << LCD_EN);
  28               		.loc 1 16 0
  29 000a 5D9A      		sbi 0xb,5
  30               	.LVL2:
  31               	.LBB16:
  32               	.LBB17:
  33               		.file 2 "/usr/lib/avr/include/util/delay.h"
   1:/usr/lib/avr/include/util/delay.h **** /* Copyright (c) 2002, Marek Michalkiewicz
   2:/usr/lib/avr/include/util/delay.h ****    Copyright (c) 2004,2005,2007 Joerg Wunsch
   3:/usr/lib/avr/include/util/delay.h ****    Copyright (c) 2007  Florin-Viorel Petrov
   4:/usr/lib/avr/include/util/delay.h ****    All rights reserved.
   5:/usr/lib/avr/include/util/delay.h **** 
   6:/usr/lib/avr/include/util/delay.h ****    Redistribution and use in source and binary forms, with or without
   7:/usr/lib/avr/include/util/delay.h ****    modification, are permitted provided that the following conditions are met:
   8:/usr/lib/avr/include/util/delay.h **** 
   9:/usr/lib/avr/include/util/delay.h ****    * Redistributions of source code must retain the above copyright
  10:/usr/lib/avr/include/util/delay.h ****      notice, this list of conditions and the following disclaimer.
  11:/usr/lib/avr/include/util/delay.h **** 
  12:/usr/lib/avr/include/util/delay.h ****    * Redistributions in binary form must reproduce the above copyright
  13:/usr/lib/avr/include/util/delay.h ****      notice, this list of conditions and the following disclaimer in
  14:/usr/lib/avr/include/util/delay.h ****      the documentation and/or other materials provided with the
  15:/usr/lib/avr/include/util/delay.h ****      distribution.
  16:/usr/lib/avr/include/util/delay.h **** 
  17:/usr/lib/avr/include/util/delay.h ****    * Neither the name of the copyright holders nor the names of
  18:/usr/lib/avr/include/util/delay.h ****      contributors may be used to endorse or promote products derived
  19:/usr/lib/avr/include/util/delay.h ****      from this software without specific prior written permission.
  20:/usr/lib/avr/include/util/delay.h **** 
  21:/usr/lib/avr/include/util/delay.h ****   THIS SOFTWARE IS PROVIDED BY THE COPYRIGHT HOLDERS AND CONTRIBUTORS "AS IS"
  22:/usr/lib/avr/include/util/delay.h ****   AND ANY EXPRESS OR IMPLIED WARRANTIES, INCLUDING, BUT NOT LIMITED TO, THE
  23:/usr/lib/avr/include/util/delay.h ****   IMPLIED WARRANTIES OF MERCHANTABILITY AND FITNESS FOR A PARTICULAR PURPOSE
  24:/usr/lib/avr/include/util/delay.h ****   ARE DISCLAIMED. IN NO EVENT SHALL THE COPYRIGHT OWNER OR CONTRIBUTORS BE
  25:/usr/lib/avr/include/util/delay.h ****   LIABLE FOR ANY DIRECT, INDIRECT, INCIDENTAL, SPECIAL, EXEMPLARY, OR
  26:/usr/lib/avr/include/util/delay.h ****   CONSEQUENTIAL DAMAGES (INCLUDING, BUT NOT LIMITED TO, PROCUREMENT OF
  27:/usr/lib/avr/include/util/delay.h ****   SUBSTITUTE GOODS OR SERVICES; LOSS OF USE, DATA, OR PROFITS; OR BUSINESS
  28:/usr/lib/avr/include/util/delay.h ****   INTERRUPTION) HOWEVER CAUSED AND ON ANY THEORY OF LIABILITY, WHETHER IN
  29:/usr/lib/avr/include/util/delay.h ****   CONTRACT, STRICT LIABILITY, OR TORT (INCLUDING NEGLIGENCE OR OTHERWISE)
  30:/usr/lib/avr/include/util/delay.h ****   ARISING IN ANY WAY OUT OF THE USE OF THIS SOFTWARE, EVEN IF ADVISED OF THE
  31:/usr/lib/avr/include/util/delay.h ****   POSSIBILITY OF SUCH DAMAGE. */
  32:/usr/lib/avr/include/util/delay.h **** 
  33:/usr/lib/avr/include/util/delay.h **** /* $Id$ */
  34:/usr/lib/avr/include/util/delay.h **** 
  35:/usr/lib/avr/include/util/delay.h **** #ifndef _UTIL_DELAY_H_
  36:/usr/lib/avr/include/util/delay.h **** #define _UTIL_DELAY_H_ 1
  37:/usr/lib/avr/include/util/delay.h **** 
  38:/usr/lib/avr/include/util/delay.h **** #ifndef __DOXYGEN__
  39:/usr/lib/avr/include/util/delay.h **** #  ifndef __HAS_DELAY_CYCLES
  40:/usr/lib/avr/include/util/delay.h **** #    define __HAS_DELAY_CYCLES 1
  41:/usr/lib/avr/include/util/delay.h **** #  endif
  42:/usr/lib/avr/include/util/delay.h **** #endif  /* __DOXYGEN__ */
  43:/usr/lib/avr/include/util/delay.h **** 
  44:/usr/lib/avr/include/util/delay.h **** #include <inttypes.h>
  45:/usr/lib/avr/include/util/delay.h **** #include <util/delay_basic.h>
  46:/usr/lib/avr/include/util/delay.h **** #include <math.h>
  47:/usr/lib/avr/include/util/delay.h **** 
  48:/usr/lib/avr/include/util/delay.h **** /** \file */
  49:/usr/lib/avr/include/util/delay.h **** /** \defgroup util_delay <util/delay.h>: Convenience functions for busy-wait delay loops
  50:/usr/lib/avr/include/util/delay.h ****     \code
  51:/usr/lib/avr/include/util/delay.h ****     #define F_CPU 1000000UL  // 1 MHz
  52:/usr/lib/avr/include/util/delay.h ****     //#define F_CPU 14.7456E6
  53:/usr/lib/avr/include/util/delay.h ****     #include <util/delay.h>
  54:/usr/lib/avr/include/util/delay.h ****     \endcode
  55:/usr/lib/avr/include/util/delay.h **** 
  56:/usr/lib/avr/include/util/delay.h ****     \note As an alternative method, it is possible to pass the
  57:/usr/lib/avr/include/util/delay.h ****     F_CPU macro down to the compiler from the Makefile.
  58:/usr/lib/avr/include/util/delay.h ****     Obviously, in that case, no \c \#define statement should be
  59:/usr/lib/avr/include/util/delay.h ****     used.
  60:/usr/lib/avr/include/util/delay.h **** 
  61:/usr/lib/avr/include/util/delay.h ****     The functions in this header file are wrappers around the basic
  62:/usr/lib/avr/include/util/delay.h ****     busy-wait functions from <util/delay_basic.h>.  They are meant as
  63:/usr/lib/avr/include/util/delay.h ****     convenience functions where actual time values can be specified
  64:/usr/lib/avr/include/util/delay.h ****     rather than a number of cycles to wait for.  The idea behind is
  65:/usr/lib/avr/include/util/delay.h ****     that compile-time constant expressions will be eliminated by
  66:/usr/lib/avr/include/util/delay.h ****     compiler optimization so floating-point expressions can be used
  67:/usr/lib/avr/include/util/delay.h ****     to calculate the number of delay cycles needed based on the CPU
  68:/usr/lib/avr/include/util/delay.h ****     frequency passed by the macro F_CPU.
  69:/usr/lib/avr/include/util/delay.h **** 
  70:/usr/lib/avr/include/util/delay.h ****     \note In order for these functions to work as intended, compiler
  71:/usr/lib/avr/include/util/delay.h ****     optimizations <em>must</em> be enabled, and the delay time
  72:/usr/lib/avr/include/util/delay.h ****     <em>must</em> be an expression that is a known constant at
  73:/usr/lib/avr/include/util/delay.h ****     compile-time.  If these requirements are not met, the resulting
  74:/usr/lib/avr/include/util/delay.h ****     delay will be much longer (and basically unpredictable), and
  75:/usr/lib/avr/include/util/delay.h ****     applications that otherwise do not use floating-point calculations
  76:/usr/lib/avr/include/util/delay.h ****     will experience severe code bloat by the floating-point library
  77:/usr/lib/avr/include/util/delay.h ****     routines linked into the application.
  78:/usr/lib/avr/include/util/delay.h **** 
  79:/usr/lib/avr/include/util/delay.h ****     The functions available allow the specification of microsecond, and
  80:/usr/lib/avr/include/util/delay.h ****     millisecond delays directly, using the application-supplied macro
  81:/usr/lib/avr/include/util/delay.h ****     F_CPU as the CPU clock frequency (in Hertz).
  82:/usr/lib/avr/include/util/delay.h **** 
  83:/usr/lib/avr/include/util/delay.h **** */
  84:/usr/lib/avr/include/util/delay.h **** 
  85:/usr/lib/avr/include/util/delay.h **** #if !defined(__DOXYGEN__)
  86:/usr/lib/avr/include/util/delay.h **** static __inline__ void _delay_us(double __us) __attribute__((__always_inline__));
  87:/usr/lib/avr/include/util/delay.h **** static __inline__ void _delay_ms(double __ms) __attribute__((__always_inline__));
  88:/usr/lib/avr/include/util/delay.h **** #endif
  89:/usr/lib/avr/include/util/delay.h **** 
  90:/usr/lib/avr/include/util/delay.h **** #ifndef F_CPU
  91:/usr/lib/avr/include/util/delay.h **** /* prevent compiler error by supplying a default */
  92:/usr/lib/avr/include/util/delay.h **** # warning "F_CPU not defined for <util/delay.h>"
  93:/usr/lib/avr/include/util/delay.h **** /** \ingroup util_delay
  94:/usr/lib/avr/include/util/delay.h ****     \def F_CPU
  95:/usr/lib/avr/include/util/delay.h ****     \brief CPU frequency in Hz
  96:/usr/lib/avr/include/util/delay.h **** 
  97:/usr/lib/avr/include/util/delay.h ****     The macro F_CPU specifies the CPU frequency to be considered by
  98:/usr/lib/avr/include/util/delay.h ****     the delay macros.  This macro is normally supplied by the
  99:/usr/lib/avr/include/util/delay.h ****     environment (e.g. from within a project header, or the project's
 100:/usr/lib/avr/include/util/delay.h ****     Makefile).  The value 1 MHz here is only provided as a "vanilla"
 101:/usr/lib/avr/include/util/delay.h ****     fallback if no such user-provided definition could be found.
 102:/usr/lib/avr/include/util/delay.h **** 
 103:/usr/lib/avr/include/util/delay.h ****     In terms of the delay functions, the CPU frequency can be given as
 104:/usr/lib/avr/include/util/delay.h ****     a floating-point constant (e.g. 3.6864E6 for 3.6864 MHz).
 105:/usr/lib/avr/include/util/delay.h ****     However, the macros in <util/setbaud.h> require it to be an
 106:/usr/lib/avr/include/util/delay.h ****     integer value.
 107:/usr/lib/avr/include/util/delay.h ****  */
 108:/usr/lib/avr/include/util/delay.h **** # define F_CPU 1000000UL
 109:/usr/lib/avr/include/util/delay.h **** #endif
 110:/usr/lib/avr/include/util/delay.h **** 
 111:/usr/lib/avr/include/util/delay.h **** #ifndef __OPTIMIZE__
 112:/usr/lib/avr/include/util/delay.h **** # warning "Compiler optimizations disabled; functions from <util/delay.h> won't work as designed"
 113:/usr/lib/avr/include/util/delay.h **** #endif
 114:/usr/lib/avr/include/util/delay.h **** 
 115:/usr/lib/avr/include/util/delay.h **** #if __HAS_DELAY_CYCLES && defined(__OPTIMIZE__) && \
 116:/usr/lib/avr/include/util/delay.h ****   !defined(__DELAY_BACKWARD_COMPATIBLE__) &&	   \
 117:/usr/lib/avr/include/util/delay.h ****   __STDC_HOSTED__
 118:/usr/lib/avr/include/util/delay.h **** #  include <math.h>
 119:/usr/lib/avr/include/util/delay.h **** #endif
 120:/usr/lib/avr/include/util/delay.h **** 
 121:/usr/lib/avr/include/util/delay.h **** /**
 122:/usr/lib/avr/include/util/delay.h ****    \ingroup util_delay
 123:/usr/lib/avr/include/util/delay.h **** 
 124:/usr/lib/avr/include/util/delay.h ****    Perform a delay of \c __ms milliseconds, using _delay_loop_2().
 125:/usr/lib/avr/include/util/delay.h **** 
 126:/usr/lib/avr/include/util/delay.h ****    The macro F_CPU is supposed to be defined to a
 127:/usr/lib/avr/include/util/delay.h ****    constant defining the CPU clock frequency (in Hertz).
 128:/usr/lib/avr/include/util/delay.h **** 
 129:/usr/lib/avr/include/util/delay.h ****    The maximal possible delay is 262.14 ms / F_CPU in MHz.
 130:/usr/lib/avr/include/util/delay.h **** 
 131:/usr/lib/avr/include/util/delay.h ****    When the user request delay which exceed the maximum possible one,
 132:/usr/lib/avr/include/util/delay.h ****    _delay_ms() provides a decreased resolution functionality. In this
 133:/usr/lib/avr/include/util/delay.h ****    mode _delay_ms() will work with a resolution of 1/10 ms, providing
 134:/usr/lib/avr/include/util/delay.h ****    delays up to 6.5535 seconds (independent from CPU frequency).  The
 135:/usr/lib/avr/include/util/delay.h ****    user will not be informed about decreased resolution.
 136:/usr/lib/avr/include/util/delay.h **** 
 137:/usr/lib/avr/include/util/delay.h ****    If the avr-gcc toolchain has __builtin_avr_delay_cycles()
 138:/usr/lib/avr/include/util/delay.h ****    support, maximal possible delay is 4294967.295 ms/ F_CPU in MHz. For
 139:/usr/lib/avr/include/util/delay.h ****    values greater than the maximal possible delay, overflows results in
 140:/usr/lib/avr/include/util/delay.h ****    no delay i.e., 0ms.
 141:/usr/lib/avr/include/util/delay.h **** 
 142:/usr/lib/avr/include/util/delay.h ****    Conversion of \c __ms into clock cycles may not always result in
 143:/usr/lib/avr/include/util/delay.h ****    integer.  By default, the clock cycles rounded up to next
 144:/usr/lib/avr/include/util/delay.h ****    integer. This ensures that the user gets at least \c __ms
 145:/usr/lib/avr/include/util/delay.h ****    microseconds of delay.
 146:/usr/lib/avr/include/util/delay.h **** 
 147:/usr/lib/avr/include/util/delay.h ****    Alternatively, by defining the macro \c __DELAY_ROUND_DOWN__, or
 148:/usr/lib/avr/include/util/delay.h ****    \c __DELAY_ROUND_CLOSEST__, before including this header file, the
 149:/usr/lib/avr/include/util/delay.h ****    algorithm can be made to round down, or round to closest integer,
 150:/usr/lib/avr/include/util/delay.h ****    respectively.
 151:/usr/lib/avr/include/util/delay.h **** 
 152:/usr/lib/avr/include/util/delay.h ****    \note
 153:/usr/lib/avr/include/util/delay.h **** 
 154:/usr/lib/avr/include/util/delay.h ****    The implementation of _delay_ms() based on
 155:/usr/lib/avr/include/util/delay.h ****    __builtin_avr_delay_cycles() is not backward compatible with older
 156:/usr/lib/avr/include/util/delay.h ****    implementations.  In order to get functionality backward compatible
 157:/usr/lib/avr/include/util/delay.h ****    with previous versions, the macro \c "__DELAY_BACKWARD_COMPATIBLE__"
 158:/usr/lib/avr/include/util/delay.h ****    must be defined before including this header file. Also, the
 159:/usr/lib/avr/include/util/delay.h ****    backward compatible algorithm will be chosen if the code is
 160:/usr/lib/avr/include/util/delay.h ****    compiled in a <em>freestanding environment</em> (GCC option
 161:/usr/lib/avr/include/util/delay.h ****    \c -ffreestanding), as the math functions required for rounding are
 162:/usr/lib/avr/include/util/delay.h ****    not available to the compiler then.
 163:/usr/lib/avr/include/util/delay.h **** 
 164:/usr/lib/avr/include/util/delay.h ****  */
 165:/usr/lib/avr/include/util/delay.h **** void
 166:/usr/lib/avr/include/util/delay.h **** _delay_ms(double __ms)
 167:/usr/lib/avr/include/util/delay.h **** {
 168:/usr/lib/avr/include/util/delay.h **** 	double __tmp ;
 169:/usr/lib/avr/include/util/delay.h **** #if __HAS_DELAY_CYCLES && defined(__OPTIMIZE__) && \
 170:/usr/lib/avr/include/util/delay.h ****   !defined(__DELAY_BACKWARD_COMPATIBLE__) &&	   \
 171:/usr/lib/avr/include/util/delay.h ****   __STDC_HOSTED__
 172:/usr/lib/avr/include/util/delay.h **** 	uint32_t __ticks_dc;
 173:/usr/lib/avr/include/util/delay.h **** 	extern void __builtin_avr_delay_cycles(unsigned long);
 174:/usr/lib/avr/include/util/delay.h **** 	__tmp = ((F_CPU) / 1e3) * __ms;
 175:/usr/lib/avr/include/util/delay.h **** 
 176:/usr/lib/avr/include/util/delay.h **** 	#if defined(__DELAY_ROUND_DOWN__)
 177:/usr/lib/avr/include/util/delay.h **** 		__ticks_dc = (uint32_t)fabs(__tmp);
 178:/usr/lib/avr/include/util/delay.h **** 
 179:/usr/lib/avr/include/util/delay.h **** 	#elif defined(__DELAY_ROUND_CLOSEST__)
 180:/usr/lib/avr/include/util/delay.h **** 		__ticks_dc = (uint32_t)(fabs(__tmp)+0.5);
 181:/usr/lib/avr/include/util/delay.h **** 
 182:/usr/lib/avr/include/util/delay.h **** 	#else
 183:/usr/lib/avr/include/util/delay.h **** 		//round up by default
 184:/usr/lib/avr/include/util/delay.h **** 		__ticks_dc = (uint32_t)(ceil(fabs(__tmp)));
 185:/usr/lib/avr/include/util/delay.h **** 	#endif
 186:/usr/lib/avr/include/util/delay.h **** 
 187:/usr/lib/avr/include/util/delay.h **** 	__builtin_avr_delay_cycles(__ticks_dc);
 188:/usr/lib/avr/include/util/delay.h **** 
 189:/usr/lib/avr/include/util/delay.h **** #else
 190:/usr/lib/avr/include/util/delay.h **** 	uint16_t __ticks;
 191:/usr/lib/avr/include/util/delay.h **** 	__tmp = ((F_CPU) / 4e3) * __ms;
 192:/usr/lib/avr/include/util/delay.h **** 	if (__tmp < 1.0)
 193:/usr/lib/avr/include/util/delay.h **** 		__ticks = 1;
 194:/usr/lib/avr/include/util/delay.h **** 	else if (__tmp > 65535)
 195:/usr/lib/avr/include/util/delay.h **** 	{
 196:/usr/lib/avr/include/util/delay.h **** 		//	__ticks = requested delay in 1/10 ms
 197:/usr/lib/avr/include/util/delay.h **** 		__ticks = (uint16_t) (__ms * 10.0);
 198:/usr/lib/avr/include/util/delay.h **** 		while(__ticks)
 199:/usr/lib/avr/include/util/delay.h **** 		{
 200:/usr/lib/avr/include/util/delay.h **** 			// wait 1/10 ms
 201:/usr/lib/avr/include/util/delay.h **** 			_delay_loop_2(((F_CPU) / 4e3) / 10);
 202:/usr/lib/avr/include/util/delay.h **** 			__ticks --;
 203:/usr/lib/avr/include/util/delay.h **** 		}
 204:/usr/lib/avr/include/util/delay.h **** 		return;
 205:/usr/lib/avr/include/util/delay.h **** 	}
 206:/usr/lib/avr/include/util/delay.h **** 	else
 207:/usr/lib/avr/include/util/delay.h **** 		__ticks = (uint16_t)__tmp;
 208:/usr/lib/avr/include/util/delay.h **** 	_delay_loop_2(__ticks);
 209:/usr/lib/avr/include/util/delay.h **** #endif
 210:/usr/lib/avr/include/util/delay.h **** }
 211:/usr/lib/avr/include/util/delay.h **** 
 212:/usr/lib/avr/include/util/delay.h **** /**
 213:/usr/lib/avr/include/util/delay.h ****    \ingroup util_delay
 214:/usr/lib/avr/include/util/delay.h **** 
 215:/usr/lib/avr/include/util/delay.h ****    Perform a delay of \c __us microseconds, using _delay_loop_1().
 216:/usr/lib/avr/include/util/delay.h **** 
 217:/usr/lib/avr/include/util/delay.h ****    The macro F_CPU is supposed to be defined to a
 218:/usr/lib/avr/include/util/delay.h ****    constant defining the CPU clock frequency (in Hertz).
 219:/usr/lib/avr/include/util/delay.h **** 
 220:/usr/lib/avr/include/util/delay.h ****    The maximal possible delay is 768 us / F_CPU in MHz.
 221:/usr/lib/avr/include/util/delay.h **** 
 222:/usr/lib/avr/include/util/delay.h ****    If the user requests a delay greater than the maximal possible one,
 223:/usr/lib/avr/include/util/delay.h ****    _delay_us() will automatically call _delay_ms() instead.  The user
 224:/usr/lib/avr/include/util/delay.h ****    will not be informed about this case.
 225:/usr/lib/avr/include/util/delay.h **** 
 226:/usr/lib/avr/include/util/delay.h ****    If the avr-gcc toolchain has __builtin_avr_delay_cycles()
 227:/usr/lib/avr/include/util/delay.h ****    support, maximal possible delay is 4294967.295 us/ F_CPU in MHz. For
 228:/usr/lib/avr/include/util/delay.h ****    values greater than the maximal possible delay, overflow results in
 229:/usr/lib/avr/include/util/delay.h ****    no delay i.e., 0us.
 230:/usr/lib/avr/include/util/delay.h **** 
 231:/usr/lib/avr/include/util/delay.h ****    Conversion of \c __us into clock cycles may not always result in
 232:/usr/lib/avr/include/util/delay.h ****    integer.  By default, the clock cycles rounded up to next
 233:/usr/lib/avr/include/util/delay.h ****    integer. This ensures that the user gets at least \c __us
 234:/usr/lib/avr/include/util/delay.h ****    microseconds of delay.
 235:/usr/lib/avr/include/util/delay.h **** 
 236:/usr/lib/avr/include/util/delay.h ****    Alternatively, by defining the macro \c __DELAY_ROUND_DOWN__, or
 237:/usr/lib/avr/include/util/delay.h ****    \c __DELAY_ROUND_CLOSEST__, before including this header file, the
 238:/usr/lib/avr/include/util/delay.h ****    algorithm can be made to round down, or round to closest integer,
 239:/usr/lib/avr/include/util/delay.h ****    respectively.
 240:/usr/lib/avr/include/util/delay.h **** 
 241:/usr/lib/avr/include/util/delay.h ****    \note
 242:/usr/lib/avr/include/util/delay.h **** 
 243:/usr/lib/avr/include/util/delay.h ****    The implementation of _delay_ms() based on
 244:/usr/lib/avr/include/util/delay.h ****    __builtin_avr_delay_cycles() is not backward compatible with older
 245:/usr/lib/avr/include/util/delay.h ****    implementations.  In order to get functionality backward compatible
 246:/usr/lib/avr/include/util/delay.h ****    with previous versions, the macro \c __DELAY_BACKWARD_COMPATIBLE__
 247:/usr/lib/avr/include/util/delay.h ****    must be defined before including this header file. Also, the
 248:/usr/lib/avr/include/util/delay.h ****    backward compatible algorithm will be chosen if the code is
 249:/usr/lib/avr/include/util/delay.h ****    compiled in a <em>freestanding environment</em> (GCC option
 250:/usr/lib/avr/include/util/delay.h ****    \c -ffreestanding), as the math functions required for rounding are
 251:/usr/lib/avr/include/util/delay.h ****    not available to the compiler then.
 252:/usr/lib/avr/include/util/delay.h **** 
 253:/usr/lib/avr/include/util/delay.h ****  */
 254:/usr/lib/avr/include/util/delay.h **** void
 255:/usr/lib/avr/include/util/delay.h **** _delay_us(double __us)
 256:/usr/lib/avr/include/util/delay.h **** {
 257:/usr/lib/avr/include/util/delay.h **** 	double __tmp ;
 258:/usr/lib/avr/include/util/delay.h **** #if __HAS_DELAY_CYCLES && defined(__OPTIMIZE__) && \
 259:/usr/lib/avr/include/util/delay.h ****   !defined(__DELAY_BACKWARD_COMPATIBLE__) &&	   \
 260:/usr/lib/avr/include/util/delay.h ****   __STDC_HOSTED__
 261:/usr/lib/avr/include/util/delay.h **** 	uint32_t __ticks_dc;
 262:/usr/lib/avr/include/util/delay.h **** 	extern void __builtin_avr_delay_cycles(unsigned long);
 263:/usr/lib/avr/include/util/delay.h **** 	__tmp = ((F_CPU) / 1e6) * __us;
 264:/usr/lib/avr/include/util/delay.h **** 
 265:/usr/lib/avr/include/util/delay.h **** 	#if defined(__DELAY_ROUND_DOWN__)
 266:/usr/lib/avr/include/util/delay.h **** 		__ticks_dc = (uint32_t)fabs(__tmp);
 267:/usr/lib/avr/include/util/delay.h **** 
 268:/usr/lib/avr/include/util/delay.h **** 	#elif defined(__DELAY_ROUND_CLOSEST__)
 269:/usr/lib/avr/include/util/delay.h **** 		__ticks_dc = (uint32_t)(fabs(__tmp)+0.5);
 270:/usr/lib/avr/include/util/delay.h **** 
 271:/usr/lib/avr/include/util/delay.h **** 	#else
 272:/usr/lib/avr/include/util/delay.h **** 		//round up by default
 273:/usr/lib/avr/include/util/delay.h **** 		__ticks_dc = (uint32_t)(ceil(fabs(__tmp)));
 274:/usr/lib/avr/include/util/delay.h **** 	#endif
 275:/usr/lib/avr/include/util/delay.h **** 
 276:/usr/lib/avr/include/util/delay.h **** 	__builtin_avr_delay_cycles(__ticks_dc);
  34               		.loc 2 276 0
  35 000c 82E0      		ldi r24,lo8(2)
  36 000e 8A95      	1:	dec r24
  37 0010 01F4      		brne 1b
  38 0012 00C0      		rjmp .
  39               	.LVL3:
  40               	.LBE17:
  41               	.LBE16:
  17:lcd.c         ****     _delay_us(1);
  18:lcd.c         ****     LCD_CTRL_PORT &= ~(1 << LCD_EN);
  42               		.loc 1 18 0
  43 0014 5D98      		cbi 0xb,5
  44               	.LVL4:
  45               	.LBB18:
  46               	.LBB19:
  47               		.loc 2 276 0
  48 0016 87EC      		ldi r24,lo8(199)
  49 0018 90E0      		ldi r25,hi8(199)
  50 001a 0197      	1:	sbiw r24,1
  51 001c 01F4      		brne 1b
  52 001e 00C0      		rjmp .
  53 0020 0000      		nop
  54               	.LVL5:
  55 0022 0895      		ret
  56               	.LBE19:
  57               	.LBE18:
  58               		.cfi_endproc
  59               	.LFE7:
  62               	lcd_send_byte:
  63               	.LFB8:
  19:lcd.c         ****     _delay_us(100);
  20:lcd.c         **** }
  21:lcd.c         **** 
  22:lcd.c         **** static void lcd_send_byte(uint8_t byte, uint8_t is_data) {
  64               		.loc 1 22 0
  65               		.cfi_startproc
  66               	.LVL6:
  67 0024 CF93      		push r28
  68               	.LCFI0:
  69               		.cfi_def_cfa_offset 3
  70               		.cfi_offset 28, -2
  71               	/* prologue: function */
  72               	/* frame size = 0 */
  73               	/* stack size = 1 */
  74               	.L__stack_usage = 1
  75 0026 C82F      		mov r28,r24
  23:lcd.c         ****     if (is_data)
  76               		.loc 1 23 0
  77 0028 6623      		tst r22
  78 002a 01F0      		breq .L3
  24:lcd.c         ****         LCD_CTRL_PORT |= (1 << LCD_RS);
  79               		.loc 1 24 0
  80 002c 5C9A      		sbi 0xb,4
  81 002e 00C0      		rjmp .L4
  82               	.L3:
  25:lcd.c         ****     else
  26:lcd.c         ****         LCD_CTRL_PORT &= ~(1 << LCD_RS);
  83               		.loc 1 26 0
  84 0030 5C98      		cbi 0xb,4
  85               	.L4:
  27:lcd.c         **** 
  28:lcd.c         ****     lcd_send_nibble(byte >> 4);
  86               		.loc 1 28 0
  87 0032 8C2F      		mov r24,r28
  88               	.LVL7:
  89 0034 8295      		swap r24
  90 0036 8F70      		andi r24,lo8(15)
  91 0038 0E94 0000 		call lcd_send_nibble
  92               	.LVL8:
  29:lcd.c         ****     lcd_send_nibble(byte & 0x0F);
  93               		.loc 1 29 0
  94 003c 8C2F      		mov r24,r28
  95 003e 8F70      		andi r24,lo8(15)
  96               	/* epilogue start */
  30:lcd.c         **** }
  97               		.loc 1 30 0
  98 0040 CF91      		pop r28
  99               	.LVL9:
  29:lcd.c         ****     lcd_send_nibble(byte & 0x0F);
 100               		.loc 1 29 0
 101 0042 0C94 0000 		jmp lcd_send_nibble
 102               	.LVL10:
 103               		.cfi_endproc
 104               	.LFE8:
 106               	.global	lcd_init
 108               	lcd_init:
 109               	.LFB9:
  31:lcd.c         **** 
  32:lcd.c         **** void lcd_init(void) {
 110               		.loc 1 32 0
 111               		.cfi_startproc
 112               	/* prologue: function */
 113               	/* frame size = 0 */
 114               	/* stack size = 0 */
 115               	.L__stack_usage = 0
  33:lcd.c         ****     DDRC |= 0x0F;
 116               		.loc 1 33 0
 117 0046 87B1      		in r24,0x7
 118 0048 8F60      		ori r24,lo8(15)
 119 004a 87B9      		out 0x7,r24
  34:lcd.c         ****     DDRD |= (1 << LCD_RS) | (1 << LCD_EN);
 120               		.loc 1 34 0
 121 004c 8AB1      		in r24,0xa
 122 004e 8063      		ori r24,lo8(48)
 123 0050 8AB9      		out 0xa,r24
 124               	.LVL11:
 125               	.LBB20:
 126               	.LBB21:
 187:/usr/lib/avr/include/util/delay.h **** 
 127               		.loc 2 187 0
 128 0052 8FE3      		ldi r24,lo8(-25537)
 129 0054 9CE9      		ldi r25,hi8(-25537)
 130 0056 0197      	1:	sbiw r24,1
 131 0058 01F4      		brne 1b
 132 005a 00C0      		rjmp .
 133 005c 0000      		nop
 134               	.LVL12:
 135               	.LBE21:
 136               	.LBE20:
  35:lcd.c         ****     _delay_ms(20);
  36:lcd.c         ****     lcd_send_nibble(0x03);
 137               		.loc 1 36 0
 138 005e 83E0      		ldi r24,lo8(3)
 139 0060 0E94 0000 		call lcd_send_nibble
 140               	.LVL13:
 141               	.LBB22:
 142               	.LBB23:
 187:/usr/lib/avr/include/util/delay.h **** 
 143               		.loc 2 187 0
 144 0064 8FE0      		ldi r24,lo8(9999)
 145 0066 97E2      		ldi r25,hi8(9999)
 146 0068 0197      	1:	sbiw r24,1
 147 006a 01F4      		brne 1b
 148 006c 00C0      		rjmp .
 149 006e 0000      		nop
 150               	.LVL14:
 151               	.LBE23:
 152               	.LBE22:
  37:lcd.c         ****     _delay_ms(5);
  38:lcd.c         ****     lcd_send_nibble(0x03);
 153               		.loc 1 38 0
 154 0070 83E0      		ldi r24,lo8(3)
 155 0072 0E94 0000 		call lcd_send_nibble
 156               	.LVL15:
 157               	.LBB24:
 158               	.LBB25:
 159               		.loc 2 276 0
 160 0076 87EC      		ldi r24,lo8(199)
 161 0078 90E0      		ldi r25,hi8(199)
 162 007a 0197      	1:	sbiw r24,1
 163 007c 01F4      		brne 1b
 164 007e 00C0      		rjmp .
 165 0080 0000      		nop
 166               	.LVL16:
 167               	.LBE25:
 168               	.LBE24:
  39:lcd.c         ****     _delay_us(100);
  40:lcd.c         ****     lcd_send_nibble(0x03);
 169               		.loc 1 40 0
 170 0082 83E0      		ldi r24,lo8(3)
 171 0084 0E94 0000 		call lcd_send_nibble
 172               	.LVL17:
  41:lcd.c         ****     lcd_send_nibble(0x02);
 173               		.loc 1 41 0
 174 0088 82E0      		ldi r24,lo8(2)
 175 008a 0E94 0000 		call lcd_send_nibble
 176               	.LVL18:
  42:lcd.c         **** 
  43:lcd.c         ****     lcd_send_byte(0x28, 0);
 177               		.loc 1 43 0
 178 008e 60E0      		ldi r22,0
 179 0090 88E2      		ldi r24,lo8(40)
 180 0092 0E94 0000 		call lcd_send_byte
 181               	.LVL19:
  44:lcd.c         ****     lcd_send_byte(0x0C, 0);
 182               		.loc 1 44 0
 183 0096 60E0      		ldi r22,0
 184 0098 8CE0      		ldi r24,lo8(12)
 185 009a 0E94 0000 		call lcd_send_byte
 186               	.LVL20:
  45:lcd.c         ****     lcd_send_byte(0x06, 0);
 187               		.loc 1 45 0
 188 009e 60E0      		ldi r22,0
 189 00a0 86E0      		ldi r24,lo8(6)
 190 00a2 0E94 0000 		call lcd_send_byte
 191               	.LVL21:
  46:lcd.c         ****     lcd_send_byte(0x01, 0);
 192               		.loc 1 46 0
 193 00a6 60E0      		ldi r22,0
 194 00a8 81E0      		ldi r24,lo8(1)
 195 00aa 0E94 0000 		call lcd_send_byte
 196               	.LVL22:
 197               	.LBB26:
 198               	.LBB27:
 187:/usr/lib/avr/include/util/delay.h **** 
 199               		.loc 2 187 0
 200 00ae 8FE9      		ldi r24,lo8(3999)
 201 00b0 9FE0      		ldi r25,hi8(3999)
 202 00b2 0197      	1:	sbiw r24,1
 203 00b4 01F4      		brne 1b
 204 00b6 00C0      		rjmp .
 205 00b8 0000      		nop
 206               	.LVL23:
 207 00ba 0895      		ret
 208               	.LBE27:
 209               	.LBE26:
 210               		.cfi_endproc
 211               	.LFE9:
 213               	.global	lcd_clear
 215               	lcd_clear:
 216               	.LFB10:
  47:lcd.c         ****     _delay_ms(2);
  48:lcd.c         **** }
  49:lcd.c         **** 
  50:lcd.c         **** void lcd_clear(void) {
 217               		.loc 1 50 0
 218               		.cfi_startproc
 219               	/* prologue: function */
 220               	/* frame size = 0 */
 221               	/* stack size = 0 */
 222               	.L__stack_usage = 0
  51:lcd.c         ****     lcd_send_byte(0x01, 0);
 223               		.loc 1 51 0
 224 00bc 60E0      		ldi r22,0
 225 00be 81E0      		ldi r24,lo8(1)
 226 00c0 0E94 0000 		call lcd_send_byte
 227               	.LVL24:
 228               	.LBB28:
 229               	.LBB29:
 187:/usr/lib/avr/include/util/delay.h **** 
 230               		.loc 2 187 0
 231 00c4 8FE9      		ldi r24,lo8(3999)
 232 00c6 9FE0      		ldi r25,hi8(3999)
 233 00c8 0197      	1:	sbiw r24,1
 234 00ca 01F4      		brne 1b
 235 00cc 00C0      		rjmp .
 236 00ce 0000      		nop
 237               	.LVL25:
 238 00d0 0895      		ret
 239               	.LBE29:
 240               	.LBE28:
 241               		.cfi_endproc
 242               	.LFE10:
 244               	.global	lcd_goto
 246               	lcd_goto:
 247               	.LFB11:
  52:lcd.c         ****     _delay_ms(2);
  53:lcd.c         **** }
  54:lcd.c         **** 
  55:lcd.c         **** void lcd_goto(uint8_t row, uint8_t col) {
 248               		.loc 1 55 0
 249               		.cfi_startproc
 250               	.LVL26:
 251               	/* prologue: function */
 252               	/* frame size = 0 */
 253               	/* stack size = 0 */
 254               	.L__stack_usage = 0
 255 00d2 962F      		mov r25,r22
  56:lcd.c         ****     uint8_t addr = (row == 0) ? 0x80 : 0xC0;
 256               		.loc 1 56 0
 257 00d4 8823      		tst r24
 258 00d6 01F0      		breq .L10
 259 00d8 80EC      		ldi r24,lo8(-64)
 260               	.LVL27:
 261 00da 00C0      		rjmp .L9
 262               	.LVL28:
 263               	.L10:
 264 00dc 80E8      		ldi r24,lo8(-128)
 265               	.LVL29:
 266               	.L9:
  57:lcd.c         ****     lcd_send_byte(addr + col, 0);
 267               		.loc 1 57 0 discriminator 4
 268 00de 60E0      		ldi r22,0
 269               	.LVL30:
 270 00e0 890F      		add r24,r25
 271               	.LVL31:
 272 00e2 0C94 0000 		jmp lcd_send_byte
 273               	.LVL32:
 274               		.cfi_endproc
 275               	.LFE11:
 277               	.global	lcd_puts
 279               	lcd_puts:
 280               	.LFB12:
  58:lcd.c         **** }
  59:lcd.c         **** 
  60:lcd.c         **** void lcd_puts(const char *str) {
 281               		.loc 1 60 0
 282               		.cfi_startproc
 283               	.LVL33:
 284 00e6 CF93      		push r28
 285               	.LCFI1:
 286               		.cfi_def_cfa_offset 3
 287               		.cfi_offset 28, -2
 288 00e8 DF93      		push r29
 289               	.LCFI2:
 290               		.cfi_def_cfa_offset 4
 291               		.cfi_offset 29, -3
 292               	/* prologue: function */
 293               	/* frame size = 0 */
 294               	/* stack size = 2 */
 295               	.L__stack_usage = 2
 296 00ea EC01      		movw r28,r24
 297               	.LVL34:
 298               	.L12:
  61:lcd.c         ****     while (*str) {
 299               		.loc 1 61 0
 300 00ec 8991      		ld r24,Y+
 301               	.LVL35:
 302 00ee 8823      		tst r24
 303 00f0 01F0      		breq .L14
 304               	.LVL36:
  62:lcd.c         ****         lcd_send_byte(*str++, 1);
 305               		.loc 1 62 0
 306 00f2 61E0      		ldi r22,lo8(1)
 307 00f4 0E94 0000 		call lcd_send_byte
 308               	.LVL37:
 309 00f8 00C0      		rjmp .L12
 310               	.LVL38:
 311               	.L14:
 312               	/* epilogue start */
  63:lcd.c         ****     }
  64:lcd.c         **** }
 313               		.loc 1 64 0
 314 00fa DF91      		pop r29
 315 00fc CF91      		pop r28
 316               	.LVL39:
 317 00fe 0895      		ret
 318               		.cfi_endproc
 319               	.LFE12:
 321               	.global	lcd_printf
 323               	lcd_printf:
 324               	.LFB13:
  65:lcd.c         **** 
  66:lcd.c         **** void lcd_printf(const char *fmt, ...) {
 325               		.loc 1 66 0
 326               		.cfi_startproc
 327               	.LVL40:
 328 0100 CF93      		push r28
 329               	.LCFI3:
 330               		.cfi_def_cfa_offset 3
 331               		.cfi_offset 28, -2
 332 0102 DF93      		push r29
 333               	.LCFI4:
 334               		.cfi_def_cfa_offset 4
 335               		.cfi_offset 29, -3
 336 0104 CDB7      		in r28,__SP_L__
 337 0106 DEB7      		in r29,__SP_H__
 338               	.LCFI5:
 339               		.cfi_def_cfa_register 28
 340 0108 6097      		sbiw r28,16
 341               	.LCFI6:
 342               		.cfi_def_cfa_offset 20
 343 010a 0FB6      		in __tmp_reg__,__SREG__
 344 010c F894      		cli
 345 010e DEBF      		out __SP_H__,r29
 346 0110 0FBE      		out __SREG__,__tmp_reg__
 347 0112 CDBF      		out __SP_L__,r28
 348               	/* prologue: function */
 349               	/* frame size = 16 */
 350               	/* stack size = 18 */
 351               	.L__stack_usage = 18
 352 0114 9E01      		movw r18,r28
 353 0116 2B5E      		subi r18,-21
 354 0118 3F4F      		sbci r19,-1
 355 011a F901      		movw r30,r18
 356 011c 4191      		ld r20,Z+
 357 011e 5191      		ld r21,Z+
 358 0120 9F01      		movw r18,r30
 359               	.LVL41:
  67:lcd.c         ****     char buf[16];
  68:lcd.c         ****     va_list args;
  69:lcd.c         ****     va_start(args, fmt);
  70:lcd.c         ****     vsnprintf(buf, sizeof(buf), fmt, args);
 360               		.loc 1 70 0
 361 0122 60E1      		ldi r22,lo8(16)
 362 0124 70E0      		ldi r23,0
 363 0126 CE01      		movw r24,r28
 364 0128 0196      		adiw r24,1
 365 012a 0E94 0000 		call vsnprintf
 366               	.LVL42:
  71:lcd.c         ****     va_end(args);
  72:lcd.c         ****     lcd_puts(buf);
 367               		.loc 1 72 0
 368 012e CE01      		movw r24,r28
 369               	.LVL43:
 370 0130 0196      		adiw r24,1
 371               	.LVL44:
 372 0132 0E94 0000 		call lcd_puts
 373               	.LVL45:
 374               	/* epilogue start */
  73:lcd.c         **** }
 375               		.loc 1 73 0
 376 0136 6096      		adiw r28,16
 377 0138 0FB6      		in __tmp_reg__,__SREG__
 378 013a F894      		cli
 379 013c DEBF      		out __SP_H__,r29
 380 013e 0FBE      		out __SREG__,__tmp_reg__
 381 0140 CDBF      		out __SP_L__,r28
 382 0142 DF91      		pop r29
 383 0144 CF91      		pop r28
 384 0146 0895      		ret
 385               		.cfi_endproc
 386               	.LFE13:
 388               	.Letext0:
 389               		.file 3 "/usr/lib/avr/include/stdint.h"
 390               		.file 4 "/usr/lib/gcc/avr/5.4.0/include/stdarg.h"
 391               		.file 5 "/usr/lib/avr/include/stdio.h"
DEFINED SYMBOLS
                            *ABS*:0000000000000000 lcd.c
     /tmp/ccLwG3f9.s:2      *ABS*:000000000000003e __SP_H__
     /tmp/ccLwG3f9.s:3      *ABS*:000000000000003d __SP_L__
     /tmp/ccLwG3f9.s:4      *ABS*:000000000000003f __SREG__
     /tmp/ccLwG3f9.s:5      *ABS*:0000000000000000 __tmp_reg__
     /tmp/ccLwG3f9.s:6      *ABS*:0000000000000001 __zero_reg__
     /tmp/ccLwG3f9.s:11     .text:0000000000000000 lcd_send_nibble
     /tmp/ccLwG3f9.s:62     .text:0000000000000024 lcd_send_byte
     /tmp/ccLwG3f9.s:108    .text:0000000000000046 lcd_init
     /tmp/ccLwG3f9.s:215    .text:00000000000000bc lcd_clear
     /tmp/ccLwG3f9.s:246    .text:00000000000000d2 lcd_goto
     /tmp/ccLwG3f9.s:279    .text:00000000000000e6 lcd_puts
     /tmp/ccLwG3f9.s:323    .text:0000000000000100 lcd_printf

UNDEFINED SYMBOLS
vsnprintf
